02-01 10:43:09.729 W/PackageManager(  882): Unknown permission com.google.android.googleapps.permission.GOOGLE_AUTH.cl in package com.android.providers.calendar
02-01 10:43:09.729 W/PackageManager(  882): Not granting permission android.permission.GLOBAL_SEARCH to package com.android.quicksearchbox (protectionLevel=18 flags=0x3888be45)
02-01 10:43:09.730 W/PackageManager(  882): Not granting permission android.permission.BIND_WALLPAPER to package com.android.camera2 (protectionLevel=18 flags=0x30d8bc45)
02-01 10:43:09.730 W/PackageManager(  882): Unknown permission android.permission.NFC_UNLOCK in package com.android.nfc
02-01 10:43:09.730 W/PackageManager(  882): Unknown permission com.android.launcher.permission.READ_SETTINGS in package com.android.launcher3
02-01 10:43:09.730 W/PackageManager(  882): Unknown permission com.android.launcher.permission.WRITE_SETTINGS in package com.android.launcher3
02-01 10:43:09.731 W/PackageManager(  882): Unknown permission com.google.android.googleapps.permission.GOOGLE_AUTH.mail in package com.android.calendar
02-01 10:43:09.731 W/PackageManager(  882): Unknown permission com.android.nfc.permission.NFCEE_ADMIN in package com.nxp.id.cas
02-01 10:43:09.731 W/PackageManager(  882): Unknown permission com.android.launcher.permission.READ_SETTINGS in package com.android.onetimeinitializer
02-01 10:43:09.731 W/PackageManager(  882): Unknown permission com.android.launcher.permission.WRITE_SETTINGS in package com.android.onetimeinitializer
02-01 10:43:09.731 W/PackageManager(  882): Unknown permission com.google.android.permission.INSTALL_WEARABLE_PACKAGES in package com.android.packageinstaller
02-01 10:43:09.732 W/PackageManager(  882): Not granting permission android.permission.DELETE_PACKAGES to package com.svox.pico (protectionLevel=18 flags=0x3888be45)
02-01 10:43:09.732 W/PackageManager(  882): Unknown permission android.permission.RUN_INSTRUMENTATION in package org.chromium.webview_shell
02-01 10:43:09.732 W/PackageManager(  882): Unknown permission com.google.android.gallery3d.permission.PICASA_STORE in package com.android.dreams.phototable
02-01 10:43:09.732 W/PackageManager(  882): Not granting permission android.permission.WRITE_SECURE_SETTINGS to package com.android.example.felicaonhost (protectionLevel=50 flags=0x3888be45)
02-01 10:43:09.733 W/PackageManager(  882): Unknown permission com.google.android.googleapps.permission.GOOGLE_AUTH in package com.android.settings
02-01 10:43:09.733 W/PackageManager(  882): Unknown permission com.android.launcher.permission.READ_SETTINGS in package com.android.settings
02-01 10:43:09.733 W/PackageManager(  882): Unknown permission com.android.launcher.permission.WRITE_SETTINGS in package com.android.settings
02-01 10:43:09.733 W/PackageManager(  882): Unknown permission com.android.permission.DCMO_SETTINGS in package com.android.omadm.service
02-01 10:43:09.734 W/PackageManager(  882): Unknown permission com.google.android.gallery3d.permission.GALLERY_PROVIDER in package com.android.bluetooth
02-01 10:43:09.790 W/MountService(  882): No primary storage defined yet; hacking together a stub
02-01 10:43:09.790 W/MountService(  882): No primary storage defined yet; hacking together a stub
02-01 10:43:09.791 W/MountService(  882): No primary storage mounted!
02-01 10:43:09.791 D/VoldConnector(  882): SND -> {2 asec list}
02-01 10:43:09.792 D/VoldConnector(  882): RCV <- {200 2 asec operation succeeded}
02-01 10:43:09.793 I/SystemServer(  882): StartLockSettingsService
02-01 10:43:09.794 I/SystemServiceManager(  882): Starting com.android.server.LockSettingsService$Lifecycle
02-01 10:43:09.807 I/SystemServiceManager(  882): Starting com.android.server.PersistentDataBlockService
02-01 10:43:09.808 E/PersistentDataBlockService(  882): not able to find package 
02-01 10:43:09.808 E/PersistentDataBlockService(  882): android.content.pm.PackageManager$NameNotFoundException: 
02-01 10:43:09.808 E/PersistentDataBlockService(  882): 	at android.app.ApplicationPackageManager.getPackageUidAsUser(ApplicationPackageManager.java:256)
02-01 10:43:09.808 E/PersistentDataBlockService(  882): 	at com.android.server.PersistentDataBlockService.getAllowedUid(PersistentDataBlockService.java:101)
02-01 10:43:09.808 E/PersistentDataBlockService(  882): 	at com.android.server.PersistentDataBlockService.<init>(PersistentDataBlockService.java:92)
02-01 10:43:09.808 E/PersistentDataBlockService(  882): 	at java.lang.reflect.Constructor.newInstance0(Native Method)
02-01 10:43:09.808 E/PersistentDataBlockService(  882): 	at java.lang.reflect.Constructor.newInstance(Constructor.java:430)
02-01 10:43:09.808 E/PersistentDataBlockService(  882): 	at com.android.server.SystemServiceManager.startService(SystemServiceManager.java:92)
02-01 10:43:09.808 E/PersistentDataBlockService(  882): 	at com.android.server.SystemServer.startOtherServices(SystemServer.java:743)
02-01 10:43:09.808 E/PersistentDataBlockService(  882): 	at com.android.server.SystemServer.run(SystemServer.java:324)
02-01 10:43:09.808 E/PersistentDataBlockService(  882): 	at com.android.server.SystemServer.main(SystemServer.java:209)
02-01 10:43:09.808 E/PersistentDataBlockService(  882): 	at java.lang.reflect.Method.invoke(Native Method)
02-01 10:43:09.808 E/PersistentDataBlockService(  882): 	at com.android.internal.os.ZygoteInit$MethodAndArgsCaller.run(ZygoteInit.java:865)
02-01 10:43:09.808 E/PersistentDataBlockService(  882): 	at com.android.internal.os.ZygoteInit.main(ZygoteInit.java:755)
02-01 10:43:09.828 I/SystemServiceManager(  882): Starting com.android.server.DeviceIdleController
02-01 10:43:09.833 I/SystemServiceManager(  882): Starting com.android.server.devicepolicy.DevicePolicyManagerService$Lifecycle
02-01 10:43:09.839 I/SystemServer(  882): StartStatusBarManagerService
02-01 10:43:09.841 I/SystemServer(  882): StartClipboardService
02-01 10:43:09.845 I/SystemServer(  882): StartNetworkManagementService
02-01 10:43:09.847 I/NetworkManagement(  882): onDaemonConnected()
02-01 10:43:09.852 I/SystemServiceManager(  882): Starting com.android.server.TextServicesManagerService$Lifecycle
02-01 10:43:09.859 I/SystemServer(  882): StartNetworkScoreService
02-01 10:43:09.861 I/SystemServer(  882): StartNetworkStatsService
02-01 10:43:09.867 I/SystemServer(  882): StartNetworkPolicyManagerService
02-01 10:43:09.873 I/SystemServer(  882): No Wi-Fi NAN Service (NAN support Not Present)
02-01 10:43:09.885 I/SystemServiceManager(  882): Starting com.android.server.wifi.p2p.WifiP2pService
02-01 10:43:09.911 I/WifiP2pService(  882): Registering wifip2p
02-01 10:43:09.913 I/SystemServiceManager(  882): Starting com.android.server.wifi.WifiService
02-01 10:43:09.925 D/WifiCountryCode(  882): Country code will be reverted to 00 on MCC loss
02-01 10:43:09.982 D/HS20    (  882): Passpoint is enabled
02-01 10:43:10.000 E/IpManager.wlan0(  882): Failed to clear addresses or disable IPv6java.lang.IllegalStateException: command '1 interface ipv6 wlan0 disable' failed with '400 1 Failed to change IPv6 state (No such file or directory)'
02-01 10:43:10.047 I/Atfwd_Daemon(  520): result : 255 	 ,Init step :0 	 ,qmiErrorCode: 0
02-01 10:43:10.047 I/Atfwd_Daemon(  520): result : 0 	 ,Init step :1 	 ,qmiErrorCode: 0
02-01 10:43:10.049 I/ServiceManager(  520): Waiting for service AtCmdFwd...
02-01 10:43:10.062 I/ThermalEngine(  497): qmi: Instance id 157 for fusion TS
02-01 10:43:10.125 E/QC-QMI  (  493): qmi_qmux_open_connection: connection is disabled for conn_id=48
02-01 10:43:10.125 E/QC-QMI  (  493): qmi_qmux_tx_msg: failed to open inactive connd_id=48
02-01 10:43:10.125 E/QC-QMI  (  493): qmi_qmux: TX failed, connection inactive or in reset, conn_id=48, status_flags=4
02-01 10:43:10.125 E/QC-QMI  (  493): qmi_ctl_tx_msg: qmi_qmux_tx_msg failed
02-01 10:43:10.125 E/QC-QMI  (  493): qmi_ctl_handle_request: qmi_ctl_tx_msg call failed
02-01 10:43:10.126 E/QC-QMI  (  493): qmi_qmux_open_connection: connection is disabled for conn_id=57
02-01 10:43:10.126 E/QC-QMI  (  493): qmi_qmux_tx_msg: failed to open inactive connd_id=57
02-01 10:43:10.126 E/QC-QMI  (  493): qmi_qmux: TX failed, connection inactive or in reset, conn_id=57, status_flags=4
02-01 10:43:10.126 E/QC-QMI  (  493): qmi_ctl_tx_msg: qmi_qmux_tx_msg failed
02-01 10:43:10.126 E/QC-QMI  (  493): qmi_ctl_handle_request: qmi_ctl_tx_msg call failed
02-01 10:43:10.127 E/QC-QMI  (  493): qmi_qmux_open_connection: connection is disabled for conn_id=57
02-01 10:43:10.127 E/QC-QMI  (  493): qmi_qmux_tx_msg: failed to open inactive connd_id=57
02-01 10:43:10.136 E/QC-QMI  (  493): qmi_qmux: TX failed, connection inactive or in reset, conn_id=57, status_flags=4
02-01 10:43:10.136 E/QC-QMI  (  493): qmi_ctl_tx_msg: qmi_qmux_tx_msg failed
02-01 10:43:10.136 E/QC-QMI  (  493): qmi_ctl_handle_request: qmi_ctl_tx_msg call failed
02-01 10:43:10.137 E/QC-QMI  (  493): qmi_qmux_open_connection: connection is disabled for conn_id=29
02-01 10:43:10.137 E/QC-QMI  (  493): qmi_qmux_tx_msg: failed to open inactive connd_id=29
02-01 10:43:10.137 E/QC-QMI  (  493): qmi_qmux: TX failed, connection inactive or in reset, conn_id=29, status_flags=4
02-01 10:43:10.137 E/QC-QMI  (  493): qmi_ctl_tx_msg: qmi_qmux_tx_msg failed
02-01 10:43:10.138 E/QC-QMI  (  493): qmi_ctl_handle_request: qmi_ctl_tx_msg call failed
02-01 10:43:10.138 E/QC-QMI  (  493): qmi_qmux_open_connection: connection is disabled for conn_id=29
02-01 10:43:10.138 E/QC-QMI  (  493): qmi_qmux_tx_msg: failed to open inactive connd_id=29
02-01 10:43:10.138 E/QC-QMI  (  493): qmi_qmux: TX failed, connection inactive or in reset, conn_id=29, status_flags=4
02-01 10:43:10.138 E/QC-QMI  (  493): qmi_ctl_tx_msg: qmi_qmux_tx_msg failed
02-01 10:43:10.139 E/QC-QMI  (  493): qmi_ctl_handle_request: qmi_ctl_tx_msg call failed
02-01 10:43:10.139 E/QC-QMI  (  493): qmi_qmux_open_connection: connection is disabled for conn_id=48
02-01 10:43:10.139 E/QC-QMI  (  493): qmi_qmux_tx_msg: failed to open inactive connd_id=48
02-01 10:43:10.139 E/QC-QMI  (  493): qmi_qmux: TX failed, connection inactive or in reset, conn_id=48, status_flags=4
02-01 10:43:10.140 E/QC-QMI  (  493): qmi_ctl_tx_msg: qmi_qmux_tx_msg failed
02-01 10:43:10.140 E/QC-QMI  (  493): qmi_ctl_handle_request: qmi_ctl_tx_msg call failed
02-01 10:43:10.140 E/QC-QMI  (  493): qmi_qmux_open_connection: connection is disabled for conn_id=48
02-01 10:43:10.140 E/QC-QMI  (  493): qmi_qmux_tx_msg: failed to open inactive connd_id=48
02-01 10:43:10.140 E/QC-QMI  (  493): qmi_qmux: TX failed, connection inactive or in reset, conn_id=48, status_flags=4
02-01 10:43:10.140 E/QC-QMI  (  493): qmi_ctl_tx_msg: qmi_qmux_tx_msg failed
02-01 10:43:10.140 E/QC-QMI  (  493): qmi_ctl_handle_request: qmi_ctl_tx_msg call failed
02-01 10:43:10.144 E/QC-QMI  (  493): qmi_qmux_open_connection: connection is disabled for conn_id=57
02-01 10:43:10.144 E/QC-QMI  (  493): qmi_qmux_tx_msg: failed to open inactive connd_id=57
02-01 10:43:10.144 E/QC-QMI  (  493): qmi_qmux: TX failed, connection inactive or in reset, conn_id=57, status_flags=4
02-01 10:43:10.144 E/QC-QMI  (  493): qmi_ctl_tx_msg: qmi_qmux_tx_msg failed
02-01 10:43:10.144 E/QC-QMI  (  493): qmi_ctl_handle_request: qmi_ctl_tx_msg call failed
02-01 10:43:10.144 E/QC-QMI  (  493): qmi_qmux_open_connection: connection is disabled for conn_id=57
02-01 10:43:10.144 E/QC-QMI  (  493): qmi_qmux_tx_msg: failed to open inactive connd_id=57
02-01 10:43:10.144 E/QC-QMI  (  493): qmi_qmux: TX failed, connection inactive or in reset, conn_id=57, status_flags=4
02-01 10:43:10.144 E/QC-QMI  (  493): qmi_ctl_tx_msg: qmi_qmux_tx_msg failed
02-01 10:43:10.144 E/QC-QMI  (  493): qmi_ctl_handle_request: qmi_ctl_tx_msg call failed
02-01 10:43:10.145 E/QC-QMI  (  493): qmi_qmux_open_connection: connection is disabled for conn_id=29
02-01 10:43:10.145 E/QC-QMI  (  493): qmi_qmux_tx_msg: failed to open inactive connd_id=29
02-01 10:43:10.145 E/QC-QMI  (  493): qmi_qmux: TX failed, connection inactive or in reset, conn_id=29, status_flags=4
02-01 10:43:10.145 E/QC-QMI  (  493): qmi_ctl_tx_msg: qmi_qmux_tx_msg failed
02-01 10:43:10.145 E/QC-QMI  (  493): qmi_ctl_handle_request: qmi_ctl_tx_msg call failed
02-01 10:43:10.146 E/QC-QMI  (  493): qmi_qmux_open_connection: connection is disabled for conn_id=29
02-01 10:43:10.146 E/QC-QMI  (  493): qmi_qmux_tx_msg: failed to open inactive connd_id=29
02-01 10:43:10.146 E/QC-QMI  (  493): qmi_qmux: TX failed, connection inactive or in reset, conn_id=29, status_flags=4
02-01 10:43:10.146 E/QC-QMI  (  493): qmi_ctl_tx_msg: qmi_qmux_tx_msg failed
02-01 10:43:10.146 E/QC-QMI  (  493): qmi_ctl_handle_request: qmi_ctl_tx_msg call failed
02-01 10:43:10.147 E/QC-QMI  (  493): qmi_qmux_open_connection: connection is disabled for conn_id=48
02-01 10:43:10.147 E/QC-QMI  (  493): qmi_qmux_tx_msg: failed to open inactive connd_id=48
02-01 10:43:10.147 E/QC-QMI  (  493): qmi_qmux: TX failed, connection inactive or in reset, conn_id=48, status_flags=4
02-01 10:43:10.147 E/QC-QMI  (  493): qmi_ctl_tx_msg: qmi_qmux_tx_msg failed
02-01 10:43:10.147 E/QC-QMI  (  493): qmi_ctl_handle_request: qmi_ctl_tx_msg call failed
02-01 10:43:10.147 E/QC-QMI  (  493): qmi_qmux_open_connection: connection is disabled for conn_id=48
02-01 10:43:10.147 E/QC-QMI  (  493): qmi_qmux_tx_msg: failed to open inactive connd_id=48
02-01 10:43:10.148 E/QC-QMI  (  493): qmi_qmux: TX failed, connection inactive or in reset, conn_id=48, status_flags=4
02-01 10:43:10.148 E/QC-QMI  (  493): qmi_ctl_tx_msg: qmi_qmux_tx_msg failed
02-01 10:43:10.148 E/QC-QMI  (  493): qmi_ctl_handle_request: qmi_ctl_tx_msg call failed
02-01 10:43:10.148 E/QC-QMI  (  493): qmi_qmux_open_connection: connection is disabled for conn_id=57
02-01 10:43:10.148 E/QC-QMI  (  493): qmi_qmux_tx_msg: failed to open inactive connd_id=57
02-01 10:43:10.148 E/QC-QMI  (  493): qmi_qmux: TX failed, connection inactive or in reset, conn_id=57, status_flags=4
02-01 10:43:10.148 E/QC-QMI  (  493): qmi_ctl_tx_msg: qmi_qmux_tx_msg failed
02-01 10:43:10.148 E/QC-QMI  (  493): qmi_ctl_handle_request: qmi_ctl_tx_msg call failed
02-01 10:43:10.149 E/QC-QMI  (  493): qmi_qmux_open_connection: connection is disabled for conn_id=57
02-01 10:43:10.149 E/QC-QMI  (  493): qmi_qmux_tx_msg: failed to open inactive connd_id=57
02-01 10:43:10.149 E/QC-QMI  (  493): qmi_qmux: TX failed, connection inactive or in reset, conn_id=57, status_flags=4
02-01 10:43:10.149 E/QC-QMI  (  493): qmi_ctl_tx_msg: qmi_qmux_tx_msg failed
02-01 10:43:10.149 E/QC-QMI  (  493): qmi_ctl_handle_request: qmi_ctl_tx_msg call failed
02-01 10:43:10.150 E/QC-QMI  (  493): qmi_qmux_open_connection: connection is disabled for conn_id=29
02-01 10:43:10.150 E/QC-QMI  (  493): qmi_qmux_tx_msg: failed to open inactive connd_id=29
02-01 10:43:10.150 E/QC-QMI  (  493): qmi_qmux: TX failed, connection inactive or in reset, conn_id=29, status_flags=4
02-01 10:43:10.150 E/QC-QMI  (  493): qmi_ctl_tx_msg: qmi_qmux_tx_msg failed
02-01 10:43:10.150 E/QC-QMI  (  493): qmi_ctl_handle_request: qmi_ctl_tx_msg call failed
02-01 10:43:10.151 E/QC-QMI  (  493): qmi_qmux_open_connection: connection is disabled for conn_id=29
02-01 10:43:10.151 E/QC-QMI  (  493): qmi_qmux_tx_msg: failed to open inactive connd_id=29
02-01 10:43:10.151 E/QC-QMI  (  493): qmi_qmux: TX failed, connection inactive or in reset, conn_id=29, status_flags=4
02-01 10:43:10.151 E/QC-QMI  (  493): qmi_ctl_tx_msg: qmi_qmux_tx_msg failed
02-01 10:43:10.151 E/QC-QMI  (  493): qmi_ctl_handle_request: qmi_ctl_tx_msg call failed
02-01 10:43:10.151 E/QC-QMI  (  493): qmi_qmux_open_connection: connection is disabled for conn_id=48
02-01 10:43:10.151 E/QC-QMI  (  493): qmi_qmux_tx_msg: failed to open inactive connd_id=48
02-01 10:43:10.151 E/QC-QMI  (  493): qmi_qmux: TX failed, connection inactive or in reset, conn_id=48, status_flags=4
02-01 10:43:10.151 E/QC-QMI  (  493): qmi_ctl_tx_msg: qmi_qmux_tx_msg failed
02-01 10:43:10.151 E/QC-QMI  (  493): qmi_ctl_handle_request: qmi_ctl_tx_msg call failed
02-01 10:43:10.152 E/QC-QMI  (  493): qmi_qmux_open_connection: connection is disabled for conn_id=48
02-01 10:43:10.152 E/QC-QMI  (  493): qmi_qmux_tx_msg: failed to open inactive connd_id=48
02-01 10:43:10.152 E/QC-QMI  (  493): qmi_qmux: TX failed, connection inactive or in reset, conn_id=48, status_flags=4
02-01 10:43:10.152 E/QC-QMI  (  493): qmi_ctl_tx_msg: qmi_qmux_tx_msg failed
02-01 10:43:10.152 E/QC-QMI  (  493): qmi_ctl_handle_request: qmi_ctl_tx_msg call failed
02-01 10:43:10.153 E/QC-QMI  (  493): qmi_qmux_open_connection: connection is disabled for conn_id=57
02-01 10:43:10.153 E/QC-QMI  (  493): qmi_qmux_tx_msg: failed to open inactive connd_id=57
02-01 10:43:10.153 E/QC-QMI  (  493): qmi_qmux: TX failed, connection inactive or in reset, conn_id=57, status_flags=4
02-01 10:43:10.153 E/QC-QMI  (  493): qmi_ctl_tx_msg: qmi_qmux_tx_msg failed
02-01 10:43:10.153 E/QC-QMI  (  493): qmi_ctl_handle_request: qmi_ctl_tx_msg call failed
02-01 10:43:10.154 E/QC-QMI  (  493): qmi_qmux_open_connection: connection is disabled for conn_id=57
02-01 10:43:10.154 E/QC-QMI  (  493): qmi_qmux_tx_msg: failed to open inactive connd_id=57
02-01 10:43:10.154 E/QC-QMI  (  493): qmi_qmux: TX failed, connection inactive or in reset, conn_id=57, status_flags=4
02-01 10:43:10.154 E/QC-QMI  (  493): qmi_ctl_tx_msg: qmi_qmux_tx_msg failed
02-01 10:43:10.154 E/QC-QMI  (  493): qmi_ctl_handle_request: qmi_ctl_tx_msg call failed
02-01 10:43:10.155 E/QC-QMI  (  493): qmi_qmux_open_connection: connection is disabled for conn_id=29
02-01 10:43:10.155 E/QC-QMI  (  493): qmi_qmux_tx_msg: failed to open inactive connd_id=29
02-01 10:43:10.156 E/QC-QMI  (  493): qmi_qmux: TX failed, connection inactive or in reset, conn_id=29, status_flags=4
02-01 10:43:10.156 E/QC-QMI  (  493): qmi_ctl_tx_msg: qmi_qmux_tx_msg failed
02-01 10:43:10.156 E/QC-QMI  (  493): qmi_ctl_handle_request: qmi_ctl_tx_msg call failed
02-01 10:43:10.156 E/QC-QMI  (  493): qmi_qmux_open_connection: connection is disabled for conn_id=29
02-01 10:43:10.156 E/QC-QMI  (  493): qmi_qmux_tx_msg: failed to open inactive connd_id=29
02-01 10:43:10.156 I/ThermalEngine(  497): MODEM thermal mitigation available.
02-01 10:43:10.157 E/QC-QMI  (  493): qmi_qmux: TX failed, connection inactive or in reset, conn_id=29, status_flags=4
02-01 10:43:10.157 E/QC-QMI  (  493): qmi_ctl_tx_msg: qmi_qmux_tx_msg failed
02-01 10:43:10.157 E/QC-QMI  (  493): qmi_ctl_handle_request: qmi_ctl_tx_msg call failed
02-01 10:43:10.158 I/ThermalEngine(  497): ACTION: MODEM - Pending request: pa mitigation succeeded for level 0.
02-01 10:43:10.158 I/ThermalEngine(  497): Mitigation:Modem:0
02-01 10:43:10.159 I/ThermalEngine(  497): ACTION: MODEM - Pending request: cpuv_restriction_cold mitigation succeeded for level 0.
02-01 10:43:10.159 I/ThermalEngine(  497): Mitigation:VDD[MODEM-cpuv_restriction_cold]:0
02-01 10:43:10.160 E/QC-QMI  (  493): qmi_qmux_open_connection: connection is disabled for conn_id=48
02-01 10:43:10.160 E/QC-QMI  (  493): qmi_qmux_tx_msg: failed to open inactive connd_id=48
02-01 10:43:10.160 E/QC-QMI  (  493): qmi_qmux: TX failed, connection inactive or in reset, conn_id=48, status_flags=4
02-01 10:43:10.161 E/QC-QMI  (  493): qmi_ctl_tx_msg: qmi_qmux_tx_msg failed
02-01 10:43:10.161 E/QC-QMI  (  493): qmi_ctl_handle_request: qmi_ctl_tx_msg call failed
02-01 10:43:10.164 E/QC-QMI  (  493): qmi_qmux_open_connection: connection is disabled for conn_id=48
02-01 10:43:10.164 E/QC-QMI  (  493): qmi_qmux_tx_msg: failed to open inactive connd_id=48
02-01 10:43:10.164 E/QC-QMI  (  493): qmi_qmux: TX failed, connection inactive or in reset, conn_id=48, status_flags=4
02-01 10:43:10.164 E/QC-QMI  (  493): qmi_ctl_tx_msg: qmi_qmux_tx_msg failed
02-01 10:43:10.164 E/QC-QMI  (  493): qmi_ctl_handle_request: qmi_ctl_tx_msg call failed
02-01 10:43:10.164 E/QC-QMI  (  493): qmi_qmux_open_connection: connection is disabled for conn_id=57
02-01 10:43:10.165 E/QC-QMI  (  493): qmi_qmux_tx_msg: failed to open inactive connd_id=57
02-01 10:43:10.165 E/QC-QMI  (  493): qmi_qmux: TX failed, connection inactive or in reset, conn_id=57, status_flags=4
02-01 10:43:10.165 E/QC-QMI  (  493): qmi_ctl_tx_msg: qmi_qmux_tx_msg failed
02-01 10:43:10.165 E/QC-QMI  (  493): qmi_ctl_handle_request: qmi_ctl_tx_msg call failed
02-01 10:43:10.166 E/QC-QMI  (  493): qmi_qmux_open_connection: connection is disabled for conn_id=57
02-01 10:43:10.166 E/QC-QMI  (  493): qmi_qmux_tx_msg: failed to open inactive connd_id=57
02-01 10:43:10.166 E/QC-QMI  (  493): qmi_qmux: TX failed, connection inactive or in reset, conn_id=57, status_flags=4
02-01 10:43:10.166 E/QC-QMI  (  493): qmi_ctl_tx_msg: qmi_qmux_tx_msg failed
02-01 10:43:10.166 E/QC-QMI  (  493): qmi_ctl_handle_request: qmi_ctl_tx_msg call failed
02-01 10:43:10.167 E/QC-QMI  (  493): qmi_qmux_open_connection: connection is disabled for conn_id=29
02-01 10:43:10.167 E/QC-QMI  (  493): qmi_qmux_tx_msg: failed to open inactive connd_id=29
02-01 10:43:10.167 E/QC-QMI  (  493): qmi_qmux: TX failed, connection inactive or in reset, conn_id=29, status_flags=4
02-01 10:43:10.167 E/QC-QMI  (  493): qmi_ctl_tx_msg: qmi_qmux_tx_msg failed
02-01 10:43:10.167 E/QC-QMI  (  493): qmi_ctl_handle_request: qmi_ctl_tx_msg call failed
02-01 10:43:10.167 E/QC-QMI  (  493): qmi_qmux_open_connection: connection is disabled for conn_id=29
02-01 10:43:10.167 E/QC-QMI  (  493): qmi_qmux_tx_msg: failed to open inactive connd_id=29
02-01 10:43:10.167 E/QC-QMI  (  493): qmi_qmux: TX failed, connection inactive or in reset, conn_id=29, status_flags=4
02-01 10:43:10.167 E/QC-QMI  (  493): qmi_ctl_tx_msg: qmi_qmux_tx_msg failed
02-01 10:43:10.167 E/QC-QMI  (  493): qmi_ctl_handle_request: qmi_ctl_tx_msg call failed
02-01 10:43:10.168 E/QC-QMI  (  493): qmi_qmux_open_connection: connection is disabled for conn_id=48
02-01 10:43:10.168 E/QC-QMI  (  493): qmi_qmux_tx_msg: failed to open inactive connd_id=48
02-01 10:43:10.168 E/QC-QMI  (  493): qmi_qmux: TX failed, connection inactive or in reset, conn_id=48, status_flags=4
02-01 10:43:10.168 E/QC-QMI  (  493): qmi_ctl_tx_msg: qmi_qmux_tx_msg failed
02-01 10:43:10.168 E/QC-QMI  (  493): qmi_ctl_handle_request: qmi_ctl_tx_msg call failed
02-01 10:43:10.169 E/QC-QMI  (  493): qmi_qmux_open_connection: connection is disabled for conn_id=48
02-01 10:43:10.169 E/QC-QMI  (  493): qmi_qmux_tx_msg: failed to open inactive connd_id=48
02-01 10:43:10.169 E/QC-QMI  (  493): qmi_qmux: TX failed, connection inactive or in reset, conn_id=48, status_flags=4
02-01 10:43:10.169 E/QC-QMI  (  493): qmi_ctl_tx_msg: qmi_qmux_tx_msg failed
02-01 10:43:10.169 E/QC-QMI  (  493): qmi_ctl_handle_request: qmi_ctl_tx_msg call failed
02-01 10:43:10.171 E/QC-QMI  (  493): qmi_qmux_open_connection: connection is disabled for conn_id=57
02-01 10:43:10.171 E/QC-QMI  (  493): qmi_qmux_tx_msg: failed to open inactive connd_id=57
02-01 10:43:10.171 E/QC-QMI  (  493): qmi_qmux: TX failed, connection inactive or in reset, conn_id=57, status_flags=4
02-01 10:43:10.171 E/QC-QMI  (  493): qmi_ctl_tx_msg: qmi_qmux_tx_msg failed
02-01 10:43:10.171 E/QC-QMI  (  493): qmi_ctl_handle_request: qmi_ctl_tx_msg call failed
02-01 10:43:10.171 E/QC-QMI  (  493): qmi_qmux_open_connection: connection is disabled for conn_id=57
02-01 10:43:10.171 E/QC-QMI  (  493): qmi_qmux_tx_msg: failed to open inactive connd_id=57
02-01 10:43:10.171 E/QC-QMI  (  493): qmi_qmux: TX failed, connection inactive or in reset, conn_id=57, status_flags=4
02-01 10:43:10.171 E/QC-QMI  (  493): qmi_ctl_tx_msg: qmi_qmux_tx_msg failed
02-01 10:43:10.171 E/QC-QMI  (  493): qmi_ctl_handle_request: qmi_ctl_tx_msg call failed
02-01 10:43:10.172 E/QC-QMI  (  493): qmi_qmux_open_connection: connection is disabled for conn_id=29
02-01 10:43:10.172 E/QC-QMI  (  493): qmi_qmux_tx_msg: failed to open inactive connd_id=29
02-01 10:43:10.173 E/QC-QMI  (  493): qmi_qmux: TX failed, connection inactive or in reset, conn_id=29, status_flags=4
02-01 10:43:10.173 E/QC-QMI  (  493): qmi_ctl_tx_msg: qmi_qmux_tx_msg failed
02-01 10:43:10.173 E/QC-QMI  (  493): qmi_ctl_handle_request: qmi_ctl_tx_msg call failed
02-01 10:43:10.173 I/ThermalEngine(  497): ADSP thermal mitigation available.
02-01 10:43:10.173 E/QC-QMI  (  493): qmi_qmux_open_connection: connection is disabled for conn_id=29
02-01 10:43:10.173 E/QC-QMI  (  493): qmi_qmux_tx_msg: failed to open inactive connd_id=29
02-01 10:43:10.173 E/QC-QMI  (  493): qmi_qmux: TX failed, connection inactive or in reset, conn_id=29, status_flags=4
02-01 10:43:10.173 E/QC-QMI  (  493): qmi_ctl_tx_msg: qmi_qmux_tx_msg failed
02-01 10:43:10.173 E/QC-QMI  (  493): qmi_ctl_handle_request: qmi_ctl_tx_msg call failed
02-01 10:43:10.174 I/ThermalEngine(  497): ACTION: ADSP - Pending request: cpuv_restriction_cold mitigation succeeded for level 0.
02-01 10:43:10.174 I/ThermalEngine(  497): Mitigation:VDD[ADSP-cpuv_restriction_cold]:0
02-01 10:43:10.180 E/QC-QMI  (  493): qmi_qmux_open_connection: connection is disabled for conn_id=48
02-01 10:43:10.180 E/QC-QMI  (  493): qmi_qmux_tx_msg: failed to open inactive connd_id=48
02-01 10:43:10.180 E/QC-QMI  (  493): qmi_qmux: TX failed, connection inactive or in reset, conn_id=48, status_flags=4
02-01 10:43:10.180 E/QC-QMI  (  493): qmi_ctl_tx_msg: qmi_qmux_tx_msg failed
02-01 10:43:10.180 E/QC-QMI  (  493): qmi_ctl_handle_request: qmi_ctl_tx_msg call failed
02-01 10:43:10.181 E/QC-QMI  (  493): qmi_qmux_open_connection: connection is disabled for conn_id=48
02-01 10:43:10.181 E/QC-QMI  (  493): qmi_qmux_tx_msg: failed to open inactive connd_id=48
02-01 10:43:10.181 E/QC-QMI  (  493): qmi_qmux: TX failed, connection inactive or in reset, conn_id=48, status_flags=4
02-01 10:43:10.181 E/QC-QMI  (  493): qmi_ctl_tx_msg: qmi_qmux_tx_msg failed
02-01 10:43:10.182 E/QC-QMI  (  493): qmi_ctl_handle_request: qmi_ctl_tx_msg call failed
02-01 10:43:10.182 E/QC-QMI  (  493): qmi_qmux_open_connection: connection is disabled for conn_id=57
02-01 10:43:10.182 E/QC-QMI  (  493): qmi_qmux_tx_msg: failed to open inactive connd_id=57
02-01 10:43:10.182 E/QC-QMI  (  493): qmi_qmux: TX failed, connection inactive or in reset, conn_id=57, status_flags=4
02-01 10:43:10.182 E/QC-QMI  (  493): qmi_ctl_tx_msg: qmi_qmux_tx_msg failed
02-01 10:43:10.183 E/QC-QMI  (  493): qmi_ctl_handle_request: qmi_ctl_tx_msg call failed
02-01 10:43:10.183 E/QC-QMI  (  493): qmi_qmux_open_connection: connection is disabled for conn_id=57
02-01 10:43:10.183 E/QC-QMI  (  493): qmi_qmux_tx_msg: failed to open inactive connd_id=57
02-01 10:43:10.184 E/QC-QMI  (  493): qmi_qmux: TX failed, connection inactive or in reset, conn_id=57, status_flags=4
02-01 10:43:10.184 E/QC-QMI  (  493): qmi_ctl_tx_msg: qmi_qmux_tx_msg failed
02-01 10:43:10.184 E/QC-QMI  (  493): qmi_ctl_handle_request: qmi_ctl_tx_msg call failed
02-01 10:43:10.185 E/QC-QMI  (  493): qmi_qmux_open_connection: connection is disabled for conn_id=29
02-01 10:43:10.185 E/QC-QMI  (  493): qmi_qmux_tx_msg: failed to open inactive connd_id=29
02-01 10:43:10.185 E/QC-QMI  (  493): qmi_qmux: TX failed, connection inactive or in reset, conn_id=29, status_flags=4
02-01 10:43:10.185 E/QC-QMI  (  493): qmi_ctl_tx_msg: qmi_qmux_tx_msg failed
02-01 10:43:10.185 E/QC-QMI  (  493): qmi_ctl_handle_request: qmi_ctl_tx_msg call failed
02-01 10:43:10.186 E/QC-QMI  (  493): qmi_qmux_open_connection: connection is disabled for conn_id=29
02-01 10:43:10.186 E/QC-QMI  (  493): qmi_qmux_tx_msg: failed to open inactive connd_id=29
02-01 10:43:10.186 E/QC-QMI  (  493): qmi_qmux: TX failed, connection inactive or in reset, conn_id=29, status_flags=4
02-01 10:43:10.186 E/QC-QMI  (  493): qmi_ctl_tx_msg: qmi_qmux_tx_msg failed
02-01 10:43:10.186 E/QC-QMI  (  493): qmi_ctl_handle_request: qmi_ctl_tx_msg call failed
02-01 10:43:10.187 E/QC-QMI  (  493): qmi_qmux_open_connection: connection is disabled for conn_id=48
02-01 10:43:10.187 E/QC-QMI  (  493): qmi_qmux_tx_msg: failed to open inactive connd_id=48
02-01 10:43:10.187 E/QC-QMI  (  493): qmi_qmux: TX failed, connection inactive or in reset, conn_id=48, status_flags=4
02-01 10:43:10.188 E/QC-QMI  (  493): qmi_ctl_tx_msg: qmi_qmux_tx_msg failed
02-01 10:43:10.188 E/QC-QMI  (  493): qmi_ctl_handle_request: qmi_ctl_tx_msg call failed
02-01 10:43:10.188 E/QC-QMI  (  493): qmi_qmux_open_connection: connection is disabled for conn_id=48
02-01 10:43:10.188 E/QC-QMI  (  493): qmi_qmux_tx_msg: failed to open inactive connd_id=48
02-01 10:43:10.188 E/QC-QMI  (  493): qmi_qmux: TX failed, connection inactive or in reset, conn_id=48, status_flags=4
02-01 10:43:10.188 E/QC-QMI  (  493): qmi_ctl_tx_msg: qmi_qmux_tx_msg failed
02-01 10:43:10.188 E/QC-QMI  (  493): qmi_ctl_handle_request: qmi_ctl_tx_msg call failed
02-01 10:43:10.189 E/QC-QMI  (  493): qmi_qmux_open_connection: connection is disabled for conn_id=57
02-01 10:43:10.189 E/QC-QMI  (  493): qmi_qmux_tx_msg: failed to open inactive connd_id=57
02-01 10:43:10.189 E/QC-QMI  (  493): qmi_qmux: TX failed, connection inactive or in reset, conn_id=57, status_flags=4
02-01 10:43:10.189 E/QC-QMI  (  493): qmi_ctl_tx_msg: qmi_qmux_tx_msg failed
02-01 10:43:10.189 E/QC-QMI  (  493): qmi_ctl_handle_request: qmi_ctl_tx_msg call failed
02-01 10:43:10.191 E/QC-QMI  (  493): qmi_qmux_open_connection: connection is disabled for conn_id=57
02-01 10:43:10.191 E/QC-QMI  (  493): qmi_qmux_tx_msg: failed to open inactive connd_id=57
02-01 10:43:10.191 E/QC-QMI  (  493): qmi_qmux: TX failed, connection inactive or in reset, conn_id=57, status_flags=4
02-01 10:43:10.191 E/QC-QMI  (  493): qmi_ctl_tx_msg: qmi_qmux_tx_msg failed
02-01 10:43:10.191 E/QC-QMI  (  493): qmi_ctl_handle_request: qmi_ctl_tx_msg call failed
02-01 10:43:10.192 E/QC-QMI  (  493): qmi_qmux_open_connection: connection is disabled for conn_id=29
02-01 10:43:10.192 E/QC-QMI  (  493): qmi_qmux_tx_msg: failed to open inactive connd_id=29
02-01 10:43:10.192 E/QC-QMI  (  493): qmi_qmux: TX failed, connection inactive or in reset, conn_id=29, status_flags=4
02-01 10:43:10.192 E/QC-QMI  (  493): qmi_ctl_tx_msg: qmi_qmux_tx_msg failed
02-01 10:43:10.192 E/QC-QMI  (  493): qmi_ctl_handle_request: qmi_ctl_tx_msg call failed
02-01 10:43:10.192 E/QC-QMI  (  493): qmi_qmux_open_connection: connection is disabled for conn_id=29
02-01 10:43:10.192 E/QC-QMI  (  493): qmi_qmux_tx_msg: failed to open inactive connd_id=29
02-01 10:43:10.192 E/QC-QMI  (  493): qmi_qmux: TX failed, connection inactive or in reset, conn_id=29, status_flags=4
02-01 10:43:10.192 E/QC-QMI  (  493): qmi_ctl_tx_msg: qmi_qmux_tx_msg failed
02-01 10:43:10.192 E/QC-QMI  (  493): qmi_ctl_handle_request: qmi_ctl_tx_msg call failed
02-01 10:43:10.193 E/QC-QMI  (  493): qmi_qmux_open_connection: connection is disabled for conn_id=48
02-01 10:43:10.193 E/QC-QMI  (  493): qmi_qmux_tx_msg: failed to open inactive connd_id=48
02-01 10:43:10.193 E/QC-QMI  (  493): qmi_qmux: TX failed, connection inactive or in reset, conn_id=48, status_flags=4
02-01 10:43:10.193 E/QC-QMI  (  493): qmi_ctl_tx_msg: qmi_qmux_tx_msg failed
02-01 10:43:10.193 E/QC-QMI  (  493): qmi_ctl_handle_request: qmi_ctl_tx_msg call failed
02-01 10:43:10.194 E/QC-QMI  (  493): qmi_qmux_open_connection: connection is disabled for conn_id=48
02-01 10:43:10.194 E/QC-QMI  (  493): qmi_qmux_tx_msg: failed to open inactive connd_id=48
02-01 10:43:10.194 E/QC-QMI  (  493): qmi_qmux: TX failed, connection inactive or in reset, conn_id=48, status_flags=4
02-01 10:43:10.194 E/QC-QMI  (  493): qmi_ctl_tx_msg: qmi_qmux_tx_msg failed
02-01 10:43:10.195 E/QC-QMI  (  493): qmi_ctl_handle_request: qmi_ctl_tx_msg call failed
02-01 10:43:10.195 E/QC-QMI  (  493): qmi_qmux_open_connection: connection is disabled for conn_id=57
02-01 10:43:10.195 E/QC-QMI  (  493): qmi_qmux_tx_msg: failed to open inactive connd_id=57
02-01 10:43:10.195 E/QC-QMI  (  493): qmi_qmux: TX failed, connection inactive or in reset, conn_id=57, status_flags=4
02-01 10:43:10.195 E/QC-QMI  (  493): qmi_ctl_tx_msg: qmi_qmux_tx_msg failed
02-01 10:43:10.195 E/QC-QMI  (  493): qmi_ctl_handle_request: qmi_ctl_tx_msg call failed
02-01 10:43:10.196 E/QC-QMI  (  493): qmi_qmux_open_connection: connection is disabled for conn_id=57
02-01 10:43:10.196 E/QC-QMI  (  493): qmi_qmux_tx_msg: failed to open inactive connd_id=57
02-01 10:43:10.196 E/QC-QMI  (  493): qmi_qmux: TX failed, connection inactive or in reset, conn_id=57, status_flags=4
02-01 10:43:10.196 E/QC-QMI  (  493): qmi_ctl_tx_msg: qmi_qmux_tx_msg failed
02-01 10:43:10.196 E/QC-QMI  (  493): qmi_ctl_handle_request: qmi_ctl_tx_msg call failed
02-01 10:43:10.201 W/art     (  882): Long monitor contention with owner WifiStateMachine (1380) at boolean com.android.server.wifi.WifiNative.unloadDriverNative()(WifiNative.java:-2) waiters=0 in java.lang.String com.android.server.wifi.WifiNative.doStringCommand(java.lang.String) for 200ms
02-01 10:43:10.201 D/WifiApConfigStore(  882): 2G band allowed channels are:1,6,11
02-01 10:43:10.202 E/WifiLogger(  882): no ring buffers found
02-01 10:43:10.202 E/WifiLogger(  882): Failed to start packet fate monitoring
02-01 10:43:10.203 E/QMI_FW  (  511): qcci_qmi_lge_vs_nv_init-entered!!!
02-01 10:43:10.204 E/QMI_FW  (  511): [VSS_QCCI]Daemon:qcci_qmi_lge_vs_nv_init: qmi_client_get_service_list returned 0 num_services 1
02-01 10:43:10.204 E/QMI_FW  (  511): [VSS_QCCI] qmi_client_get_service_list() returned 0 num_entries = 1 num_services = 1
02-01 10:43:10.204 E/QMI_FW  (  511): [VSS_QCCI] NV qmi_client_init returned 0
02-01 10:43:10.204 E/QMI_FW  (  511): [VSS_QCCI] Enter qcci_qmi_lge_vs_nv_init()----> nv_client = 0x18
02-01 10:43:10.204 E/QMI_FW  (  511): [VSS_QCCI] NV qmi_client_register_error_cb returned 0
02-01 10:43:10.204 E/QMI_FW  (  511): qcci_qmi_lge_vs_nv_init: [VSS_QCCI] NV Done initialization and send server connect callback req
02-01 10:43:10.204 E/QMI_FW  (  511): [VSS_QCCI] NV init Complete!!!
02-01 10:43:10.208 D/WifiController(  882): isAirplaneModeOn = false, isWifiEnabled = false, isScanningAvailable = false
02-01 10:43:10.210 I/WifiService(  882): Registering wifi
02-01 10:43:10.215 I/SystemServiceManager(  882): Starting com.android.server.wifi.scanner.WifiScanningService
02-01 10:43:10.215 I/WifiScanningService(  882): Creating wifiscanner
02-01 10:43:10.216 I/WifiScanningService(  882): Publishing wifiscanner
02-01 10:43:10.220 I/SystemServiceManager(  882): Starting com.android.server.wifi.RttService
02-01 10:43:10.221 I/RttService(  882): Creating rttmanager
02-01 10:43:10.221 I/RttService(  882): Starting rttmanager
02-01 10:43:10.223 I/SystemServiceManager(  882): Starting com.android.server.ethernet.EthernetService
02-01 10:43:10.224 I/EthernetServiceImpl(  882): Creating EthernetConfigStore
02-01 10:43:10.225 E/IpConfigStore(  882): Error parsing configuration: java.io.FileNotFoundException: /data/misc/ethernet/ipconfig.txt (No such file or directory)
02-01 10:43:10.225 W/EthernetConfigStore(  882): No Ethernet configuration found. Using default.
02-01 10:43:10.225 I/EthernetServiceImpl(  882): Read stored IP configuration: IP assignment: DHCP
02-01 10:43:10.225 I/EthernetServiceImpl(  882): Proxy settings: NONE
02-01 10:43:10.226 I/EthernetService(  882): Registering service ethernet
02-01 10:43:10.226 I/SystemServer(  882): StartConnectivityService
02-01 10:43:10.235 D/ConnectivityService(  882): ConnectivityService starting up
02-01 10:43:10.239 D/ConnectivityService(  882): wifiOnly=false
02-01 10:43:10.248 I/SystemServer(  882): StartNsdService
02-01 10:43:10.252 I/SystemServer(  882): StartUpdateLockService
02-01 10:43:10.254 I/SystemServiceManager(  882): Starting com.android.server.RecoverySystemService
02-01 10:43:10.256 I/SystemServiceManager(  882): Starting com.android.server.notification.NotificationManagerService
02-01 10:43:10.275 D/ConditionProviders.SCP(  882): new ScheduleConditionProvider()
02-01 10:43:10.285 D/ZenLog  (  882): config: readXml,ZenModeConfig[user=0,allowCalls=true,allowRepeatCallers=false,allowMessages=false,allowCallsFrom=contacts,allowMessagesFrom=contacts,allowReminders=true,allowEvents=true,allowWhenScreenOff=true,allowWhenScreenOn=true,automaticRules={df9fa402582c41dba9a7b57d656208ba=ZenRule[enabled=false,snoozing=false,name=Weeknight,zenMode=ZEN_MODE_ALARMS,conditionId=condition://android/schedule?days=1.2.3.4.5&start=22.0&end=7.0&exitAtAlarm=false,condition=Condition[id=condition://android/schedule?days=1.2.3.4.5&start=22.0&end=7.0&exitAtAlarm=false,summary=...,line1=...,line2=...,icon=0,state=STATE_FALSE,flags=2],component=ComponentInfo{android/com.android.server.notification.ScheduleConditionProvider},id=df9fa402582c41dba9a7b57d656208ba,creationTime=2603701379], 2fdb30c9073b40dcb152dbb12f2d5f84=ZenRule[enabled=false,snoozing=false,name=Weekend,zenMode=ZEN_MODE_ALARMS,conditionId=condition://android/schedule?days=6.7&start=23.30&end=10.0&exitAtAlarm=false,condition=Condition[id=condition://android/schedule?days=6.7&start=23.30&end=10.0&exitAtAlarm=false,summary=...,line1=...,line2=...,icon=0,state=STATE_FALSE,flags=2],component=ComponentInfo{android/com.android.server.notification.ScheduleConditionProvider},id=2fdb30c9073b40dcb152dbb12f2d5f84,creationTime=2603701379], 6953e037ed5b4e66a7ee9c09fdef95b5=ZenRule[enabled=false,snoozing=false,name=Event,zenMode=ZEN_MODE_ALARMS,conditionId=condition://android/event?userId=-10000&calendar=&reply=1,condition=Condition[id=condition://android/event?userId=-10000&calendar=&reply=1,summary=...,line1=...,line2=...,icon=0,state=STATE_FALSE,flags=2],component=ComponentInfo{android/com.android.server.notification.EventConditionProvider},id=6953e037ed5b4e66a7ee9c09fdef95b5,creationTime=2603701380]},manualRule=null],Diff[automaticRule[df9fa402582c41dba9a7b57d656208ba]:insert,automaticRule[2fdb30c9073b40dcb152dbb12f2d5f84]:insert,automaticRule[6953e037ed5b4e66a7ee9c09fdef95b5]:insert,automaticRule[f971d1e86f3145329a49f2ec009a8dd3]:delete,automaticRule[3042061ee4e3419e93013a55ff9d12d0]:delete,automaticRule[ad8d573fbb484010b2cfe8bd44f75707]:delete]
02-01 10:43:10.300 D/ZenLog  (  882): set_zen_mode: off,init
02-01 10:43:10.305 I/SystemServiceManager(  882): Starting com.android.server.storage.DeviceStorageMonitorService
02-01 10:43:10.308 I/SystemServer(  882): StartLocationManagerService
02-01 10:43:10.312 I/SystemServer(  882): StartCountryDetectorService
02-01 10:43:10.313 I/SystemServer(  882): StartSearchManagerService
02-01 10:43:10.314 I/SystemServiceManager(  882): Starting com.android.server.search.SearchManagerService$Lifecycle
02-01 10:43:10.317 I/SystemServiceManager(  882): Starting com.android.server.DropBoxManagerService
02-01 10:43:10.319 I/SystemServer(  882): StartWallpaperManagerService
02-01 10:43:10.320 I/SystemServiceManager(  882): Starting com.android.server.wallpaper.WallpaperManagerService$Lifecycle
02-01 10:43:10.323 E/BitmapFactory(  882): Unable to decode stream: java.io.FileNotFoundException: /data/system/users/0/wallpaper_orig (No such file or directory)
02-01 10:43:10.323 E/WallpaperManagerService(  882): Invalid wallpaper data
02-01 10:43:10.323 E/WallpaperManagerService(  882): Unable to apply new wallpaper
02-01 10:43:10.326 I/SystemServer(  882): StartAudioService
02-01 10:43:10.326 I/SystemServiceManager(  882): Starting com.android.server.audio.AudioService$Lifecycle
02-01 10:43:10.334 D/PermissionCache(  501): checking android.permission.MODIFY_AUDIO_SETTINGS for uid=1000 => granted (985 us)
02-01 10:43:10.335 W/TelecomManager(  882): Telecom Service not found.
02-01 10:43:10.341 W/AudioFlinger(  501): no wake lock to update, system not ready yet
02-01 10:43:10.342 W/AudioFlinger(  501): no wake lock to update, system not ready yet
02-01 10:43:10.343 W/AudioFlinger(  501): no wake lock to update, system not ready yet
02-01 10:43:10.343 W/AudioFlinger(  501): no wake lock to update, system not ready yet
02-01 10:43:10.344 D/audio_hw_primary(  501): adev_set_mic_mute: state 0
02-01 10:43:10.365 I/SystemServiceManager(  882): Starting com.android.server.DockObserver
02-01 10:43:10.366 W/DockObserver(  882): This kernel does not have dock station support
02-01 10:43:10.367 I/SystemServer(  882): StartWiredAccessoryManager
02-01 10:43:10.368 W/WiredAccessoryManager(  882): This kernel does not have usb audio support
02-01 10:43:10.369 W/WiredAccessoryManager(  882): This kernel does not have HDMI audio support
02-01 10:43:10.369 I/SystemServiceManager(  882): Starting com.android.server.midi.MidiService$Lifecycle
02-01 10:43:10.372 I/SystemServiceManager(  882): Starting com.android.server.usb.UsbService$Lifecycle
02-01 10:43:10.381 I/SystemServer(  882): StartSerialService
02-01 10:43:10.385 I/SystemServiceManager(  882): Starting com.android.server.twilight.TwilightService
02-01 10:43:10.389 I/SystemServiceManager(  882): Starting com.android.server.job.JobSchedulerService
02-01 10:43:10.397 I/SystemServiceManager(  882): Starting com.android.server.soundtrigger.SoundTriggerService
02-01 10:43:10.398 I/SystemServiceManager(  882): Starting com.android.server.backup.BackupManagerService$Lifecycle
02-01 10:43:10.401 I/SystemServiceManager(  882): Starting com.android.server.appwidget.AppWidgetService
02-01 10:43:10.409 I/SystemServiceManager(  882): Starting com.android.server.voiceinteraction.VoiceInteractionManagerService
02-01 10:43:10.412 I/SystemServer(  882): Gesture Launcher Service
02-01 10:43:10.413 I/SystemServiceManager(  882): Starting com.android.server.GestureLauncherService
02-01 10:43:10.414 I/SystemServiceManager(  882): Starting com.android.server.SensorNotificationService
02-01 10:43:10.414 I/SystemServiceManager(  882): Starting com.android.server.ContextHubSystemService
02-01 10:43:10.419 D/ContextHubService(  882): ContextHubModule returned 1 hubs 
02-01 10:43:10.419 D/NanohubHAL(  882): turning on
02-01 10:43:10.419 D/ContextHubService(  882): Sending query for apps to hub 0
02-01 10:43:10.736 E/QC-QMI  (  496): qmi_client [496] 12: failed to locate client data
02-01 10:43:10.737 E/QC-QMI  (  493): qmuxd: RX on fd=20 returned error=0 errno[2:No such file or directory]
02-01 10:43:10.737 E/QC-QMI  (  493): QMUX qmux_client_id=12 not found in qmux client list, unable to remove
02-01 10:43:11.049 I/ServiceManager(  520): Waiting for service AtCmdFwd...
02-01 10:43:11.417 W/ContextHubService(  882): Could not query hub 0 for apps
02-01 10:43:11.417 D/ContextHubService(  882): ContextHub[0] id: 0, name:  Google System Nanohub on Default
02-01 10:43:11.418 I/SystemServer(  882): StartDiskStatsService
02-01 10:43:11.420 I/SystemServer(  882): StartSamplingProfilerService
02-01 10:43:11.428 I/SystemServer(  882): StartNetworkTimeUpdateService
02-01 10:43:11.431 I/SystemServer(  882): StartCommonTimeManagementService
02-01 10:43:11.433 I/SystemServer(  882): CertBlacklister
02-01 10:43:11.434 I/SystemServiceManager(  882): Starting com.android.server.dreams.DreamManagerService
02-01 10:43:11.436 I/SystemServer(  882): StartAssetAtlasService
02-01 10:43:11.444 D/AssetAtlas(  882): Loaded configuration: SliceMinArea (960x960) flags=0x2 count=98
02-01 10:43:11.446 I/SystemServiceManager(  882): Starting com.android.server.print.PrintManagerService
02-01 10:43:11.452 I/SystemServiceManager(  882): Starting com.android.server.restrictions.RestrictionsManagerService
02-01 10:43:11.455 I/SystemServiceManager(  882): Starting com.android.server.media.MediaSessionService
02-01 10:43:11.460 I/SystemServer(  882): StartMediaRouterService
02-01 10:43:11.462 I/SystemServiceManager(  882): Starting com.android.server.trust.TrustManagerService
02-01 10:43:11.465 I/SystemServiceManager(  882): Starting com.android.server.fingerprint.FingerprintService
02-01 10:43:11.471 D/PermissionCache(  524): checking android.permission.MANAGE_FINGERPRINT for uid=1000 => granted (1083 us)
02-01 10:43:11.471 V/fingerprintd(  524): nativeOpenHal()
02-01 10:43:11.476 D/QSEECOMAPI: (  524): QSEECom_get_handle sb_length = 0x400
02-01 10:43:11.476 D/QSEECOMAPI: (  524): App is not loaded in QSEE
02-01 10:43:11.481 I/Adreno  (  882): QUALCOMM build                   : 63c06b2, I8366cd0437
02-01 10:43:11.481 I/Adreno  (  882): Build Date                       : 10/21/15
02-01 10:43:11.481 I/Adreno  (  882): OpenGL ES Shader Compiler Version: XE031.05.13.02
02-01 10:43:11.481 I/Adreno  (  882): Local Branch                     : 
02-01 10:43:11.481 I/Adreno  (  882): Remote Branch                    : quic/LA.BF64.1.2.9_v2
02-01 10:43:11.481 I/Adreno  (  882): Remote Branch                    : NONE
02-01 10:43:11.481 I/Adreno  (  882): Reconstruct Branch               : NOTHING
02-01 10:43:11.501 D/AssetAtlas(  882): Rendered atlas in 49.71ms (17.73+31.98ms)
02-01 10:43:11.573 D/QSEECOMAPI: (  524): Loaded image: APP id = 4
02-01 10:43:11.574 D/QSEECOMAPI: (  524): QSEECom_get_handle sb_length = 0x400
02-01 10:43:11.574 D/QSEECOMAPI: (  524): App is already loaded QSEE and app id = 3
02-01 10:43:11.577 D/QSEECOMAPI: (  524): QSEECom_dealloc_memory 
02-01 10:43:11.577 D/QSEECOMAPI: (  524): QSEECom_shutdown_app, app_id = 3
02-01 10:43:11.807 E/mm-camera-intf(  502): mm_camera_open:Failed with Connection timed out error, retrying after 20 milli-seconds
02-01 10:43:11.833 E/mm-camera-isp2(  519): isp_module_start_session:360 num_session_opened 1
02-01 10:43:11.836 E/mm-camera-img(  519): module_imglib_start_session:1778 ###Img_Loglevel 1
02-01 10:43:11.842 E/mm-camera(  519): q3a_port_init:1753  q3a_port_init: 3A VERSION --> 4.1.0.r9
02-01 10:43:11.852 E/libaprpmem(  519): 
02-01 10:43:11.852 E/libaprpmem(  519):  Ion allocation success virtaddr : ret=3813175296 fd=38 heapid=33554432
02-01 10:43:11.858 E/libaprpmem(  519): 
02-01 10:43:11.858 E/libaprpmem(  519):  Ion allocation success virtaddr : ret=3809206272 fd=39 heapid=33554432
02-01 10:43:11.866 E/libaprpmem(  519): 
02-01 10:43:11.866 E/libaprpmem(  519):  Ion allocation success virtaddr : ret=3801268224 fd=40 heapid=33554432
02-01 10:43:11.873 E/libaprpmem(  519): 
02-01 10:43:11.873 E/libaprpmem(  519):  Ion allocation success virtaddr : ret=3797086208 fd=41 heapid=33554432
02-01 10:43:11.879 E/libaprpmem(  519): 
02-01 10:43:11.879 E/libaprpmem(  519):  Ion allocation success virtaddr : ret=3788722176 fd=42 heapid=33554432
02-01 10:43:11.888 E/mm-camera-sensor(  519): sensor_sdk_util_get_kernel_i2c_addr_type:26Invalid addr_type = 0
02-01 10:43:11.888 E/mm-camera-sensor(  519): sensor_sdk_util_get_kernel_i2c_data_type:40Invalid addr_type = 0
02-01 10:43:11.894 E/libaprpmem(  519): 
02-01 10:43:11.894 E/libaprpmem(  519):  Ion allocation success virtaddr : ret=3784540160 fd=44 heapid=33554432
02-01 10:43:11.903 E/mm-camera-sensor(  519): sensor_sdk_util_get_kernel_i2c_data_type:40Invalid addr_type = 0
02-01 10:43:11.903 E/mm-camera-sensor(  519): sensor_sdk_util_get_kernel_i2c_addr_type:26Invalid addr_type = 0
02-01 10:43:11.905 E/libaprpmem(  519): 
02-01 10:43:11.905 E/libaprpmem(  519):  Ion allocation success virtaddr : ret=3780358144 fd=43 heapid=33554432
02-01 10:43:11.923 E/mm-camera(  519): mct: mct_pipeline_start_stream_internal: Adding session stream streamid= 0xf for session=1
02-01 10:43:11.924 E/mm-camera(  519): mct: mct_pipeline_start_stream_internal:Linking session stream for session 1
02-01 10:43:11.927 E/mm-camera(  519): mct: mct_pipeline_start_stream_internal:Session stream linked successfully session 1
02-01 10:43:11.929 E/mm-camera-isp2(  519): isp_resource_query_mod:145 num_isp_preallocate 0 num_session_opened 1 dual_vfe_enabled 0
02-01 10:43:11.929 E/mm-camera(  519): module_faceproc_query_mod:1916] Caps ROI 10 scene_mode_cnt 1 HW analysis supported 0
02-01 10:43:11.929 E/mm-camera(  519): mct: mct_pipeline_populate_query_cap_buffer: 3A VERSION:: 4.1.0.r9
02-01 10:43:11.931 E/mm-camera(  519): mct: mct_pipeline_process_set:2298: Couldn't find stream id: 0
02-01 10:43:11.932 E/mm-camera(  519): port_iface_ext_unlink_func: E, identity = 0x1000f, port = 0xe64aad20, direction = 2
02-01 10:43:11.932 E/mm-camera(  519): port_iface_check_caps_unreserve_func:  E, identity = 0x1000f, port = 0xe64aad20, direction = 2
02-01 10:43:11.932 E/mm-camera(  519): iface_unreserve_sink_port: stream_id f mode 0 
02-01 10:43:11.932 E/mm-camera(  519): port_iface_ext_unlink_func: E, identity = 0x1000f, port = 0xe64ab020, direction = 1
02-01 10:43:11.932 E/mm-camera(  519): iface_ext_unlink_src_port: mct stream already removed from hw stream
02-01 10:43:11.932 E/mm-camera(  519): port_iface_check_caps_unreserve_func:  E, identity = 0x1000f, port = 0xe64ab020, direction = 1
02-01 10:43:11.932 E/mm-camera(  519): isp_port_check_caps_unreserve:844 ide 1000f port 0xe6468d00
02-01 10:43:11.932 E/mm-camera(  519): c2d_port_check_caps_unreserve:183, identity=0x1000f
02-01 10:43:11.932 E/mm-camera(  519): c2d_port_check_caps_unreserve:193, identity=0x1000f, unreserved
02-01 10:43:11.932 E/mm-camera(  519): c2d_port_check_caps_unreserve:183, identity=0x1000f
02-01 10:43:11.932 E/mm-camera(  519): c2d_port_check_caps_unreserve:193, identity=0x1000f, unreserved
02-01 10:43:11.932 E/mm-camera(  519): cpp_port_check_caps_unreserve:164, identity=0x1000f
02-01 10:43:11.932 E/mm-camera(  519): cpp_port_check_caps_unreserve:174, identity=0x1000f, unreserved
02-01 10:43:11.932 E/mm-camera(  519): cpp_port_check_caps_unreserve:164, identity=0x1000f
02-01 10:43:11.932 E/mm-camera(  519): cpp_port_check_caps_unreserve:174, identity=0x1000f, unreserved
02-01 10:43:11.933 E/mm-camera(  519): q3a_thread_af_stop:672  q3a_thread_af_stop:672 MSG_STOP_THREAD
02-01 10:43:11.933 D/mm-camera(  519): stats_port_delete_reserved_stream:2340: going to NULL peer
02-01 10:43:11.936 E/mm-camera-isp2(  519): isp_module_stop_session:437 session id 1
02-01 10:43:11.939 E/mm-camera(  519): cpp_module_stop_session:536, info: stopping session 1 ...
02-01 10:43:11.940 E/mm-camera(  519): cpp_thread_process_pipe_message:581, CPP_THREAD_MSG_ABORT: cpp_thread exiting..
02-01 10:43:11.942 E/mm-camera(  519): module_faceproc_stop_session:1804] session cnt 1
