-----






















asfhadskjhfkjasdhfklhadskjljfkljsdkjfklsdjaklf---- beginning of system
02-01 10:43:01.152 I/vold    (  348): Vold 3.0 (the awakening) firing up
02-01 10:43:01.152 V/vold    (  348): Detected support for: ext4 vfat
02-01 10:43:01.431 D/vold    (  348): e4crypt_init_user0
02-01 10:43:01.432 D/vold    (  348): e4crypt_prepare_user_storage for volume null, user 0, serial 0, flags 1
02-01 10:43:01.432 D/vold    (  348): Preparing: /data/system/users/0
02-01 10:43:01.433 D/vold    (  348): Preparing: /data/misc/profiles/cur/0
02-01 10:43:01.434 D/vold    (  348): Preparing: /data/misc/profiles/cur/0/foreign-dex
02-01 10:43:01.434 D/vold    (  348): Preparing: /data/system_de/0
02-01 10:43:01.434 D/vold    (  348): Preparing: /data/misc_de/0
02-01 10:43:01.434 D/vold    (  348): Preparing: /data/user_de/0
02-01 10:43:01.434 D/vold    (  348): e4crypt_unlock_user_key 0 serial=0 token_present=0
02-01 10:43:01.434 E/vold    (  348): Failed to chmod /data/system_ce/0: No such file or directory
02-01 10:43:01.434 E/vold    (  348): Failed to chmod /data/misc_ce/0: No such file or directory
02-01 10:43:01.434 E/vold    (  348): Failed to chmod /data/media/0: No such file or directory
02-01 10:43:01.938 D/VoldCryptCmdListener(  348): cryptfs mountdefaultencrypted
02-01 10:43:01.940 I/Cryptfs (  348): cryptfs_check_passwd
02-01 10:43:01.941 D/Cryptfs (  348): crypt_ftr->fs_size = 22994908
02-01 10:43:01.941 I/Cryptfs (  348): Using scrypt with keymaster for cryptfs KDF
02-01 10:43:02.461 I/Cryptfs (  348): keymaster module name is Keymaster QTI HAL
02-01 10:43:02.462 I/Cryptfs (  348): keymaster version is 256
02-01 10:43:02.462 I/Cryptfs (  348): Found keymaster1 module, using keymaster1 API.
02-01 10:43:02.463 I/Cryptfs (  348): Signing safely-padded object
02-01 10:43:03.043 I/Cryptfs (  348): Enabling support for allow_discards in dmcrypt.
02-01 10:43:03.047 D/vold    (  348): Disk at 253:0 changed
02-01 10:43:03.534 I/Cryptfs (  348): Password matches
02-01 10:43:03.535 D/Cryptfs (  348): test_mount_encrypted_fs(): Master key saved
02-01 10:43:03.537 I/Cryptfs (  348): keymaster module name is Keymaster QTI HAL
02-01 10:43:03.538 I/Cryptfs (  348): keymaster version is 256
02-01 10:43:03.539 I/Cryptfs (  348): Found keymaster1 module, using keymaster1 API.
02-01 10:43:03.547 D/Cryptfs (  348): Password is default - restarting filesystem
02-01 10:43:03.548 D/Cryptfs (  348): unmounting /data succeeded
02-01 10:43:03.958 D/Cryptfs (  348): Just triggered post_fs_data
02-01 10:43:04.021 D/vold    (  348): e4crypt_init_user0
02-01 10:43:04.021 D/vold    (  348): e4crypt_prepare_user_storage for volume null, user 0, serial 0, flags 1
02-01 10:43:04.021 D/vold    (  348): Preparing: /data/system/users/0
02-01 10:43:04.022 D/vold    (  348): Preparing: /data/misc/profiles/cur/0
02-01 10:43:04.023 D/vold    (  348): Preparing: /data/misc/profiles/cur/0/foreign-dex
02-01 10:43:04.024 D/vold    (  348): Preparing: /data/system_de/0
02-01 10:43:04.025 D/vold    (  348): Preparing: /data/misc_de/0
02-01 10:43:04.026 D/vold    (  348): Preparing: /data/user_de/0
02-01 10:43:04.026 D/vold    (  348): e4crypt_unlock_user_key 0 serial=0 token_present=0
02-01 10:43:04.259 D/Cryptfs (  348): post_fs_data done
02-01 10:43:04.260 D/Cryptfs (  348): Just triggered restart_framework
02-01 10:43:04.284 I/irsc_util(  492): Starting irsc tool
02-01 10:43:04.286 I/irsc_util(  492): Num of entries:27
02-01 10:43:04.287 I/irsc_util(  492): Ending irsc tool
--------- beginning of main
02-01 10:43:04.354 D/QC-time-services(  518): Daemon:Opening File: /data/time/ats_3
02-01 10:43:04.354 D/QC-time-services(  518): Daemon:time_persistent_memory_opr:Genoff Read operation 
02-01 10:43:04.354 D/QC-time-services(  518): Daemon:Unable to open filefor read
02-01 10:43:04.354 D/QC-time-services(  518): Daemon:genoff_post_init:Error in accessing storage
02-01 10:43:04.354 D/QC-time-services(  518): Daemon:genoff_pre_init::Base = 4
02-01 10:43:04.354 D/QC-time-services(  518): Daemon: Storage Name: ats_4 
02-01 10:43:04.354 D/QC-time-services(  518): Daemon:Opening File: /data/time/ats_4
02-01 10:43:04.354 D/QC-time-services(  518): Daemon:time_persistent_memory_opr:Genoff Read operation 
02-01 10:43:04.354 D/QC-time-services(  518): Daemon:Unable to open filefor read
02-01 10:43:04.354 D/QC-time-services(  518): Daemon:genoff_post_init:Error in accessing storage
02-01 10:43:04.354 D/QC-time-services(  518): Daemon:genoff_pre_init::Base = 5
02-01 10:43:04.354 D/QC-time-services(  518): Daemon: Storage Name: ats_5 
02-01 10:43:04.354 D/QC-time-services(  518): Daemon:Opening File: /data/time/ats_5
02-01 10:43:04.354 D/QC-time-services(  518): Daemon:time_persistent_memory_opr:Genoff Read operation 
02-01 10:43:04.354 D/QC-time-services(  518): Daemon:Unable to open filefor read
02-01 10:43:04.354 D/QC-time-services(  518): Daemon:genoff_post_init:Error in accessing storage
02-01 10:43:04.354 D/QC-time-services(  518): Daemon:genoff_pre_init::Base = 6
02-01 10:43:04.354 D/QC-time-services(  518): Daemon: Storage Name: ats_6 
02-01 10:43:04.354 D/QC-time-services(  518): Daemon:Opening File: /data/time/ats_6
02-01 10:43:04.354 D/QC-time-services(  518): Daemon:time_persistent_memory_opr:Genoff Read operation 
02-01 10:43:04.354 D/QC-time-services(  518): Daemon:Unable to open filefor read
02-01 10:43:04.354 D/QC-time-services(  518): Daemon:genoff_post_init:Error in accessing storage
02-01 10:43:04.354 D/QC-time-services(  518): Daemon:genoff_pre_init::Base = 7
02-01 10:43:04.354 D/QC-time-services(  518): Daemon: Storage Name: ats_7 
02-01 10:43:04.354 D/QC-time-services(  518): Daemon:Opening File: /data/time/ats_7
02-01 10:43:04.354 D/QC-time-services(  518): Daemon:time_persistent_memory_opr:Genoff Read operation 
02-01 10:43:04.355 D/QC-time-services(  518): Daemon:Unable to open filefor read
02-01 10:43:04.355 D/QC-time-services(  518): Daemon:genoff_post_init:Error in accessing storage
02-01 10:43:04.355 D/QC-time-services(  518): Daemon:genoff_pre_init::Base = 8
02-01 10:43:04.355 D/QC-time-services(  518): Daemon: Storage Name: ats_8 
02-01 10:43:04.355 D/QC-time-services(  518): Daemon:Opening File: /data/time/ats_8
02-01 10:43:04.355 D/QC-time-services(  518): Daemon:time_persistent_memory_opr:Genoff Read operation 
02-01 10:43:04.355 D/QC-time-services(  518): Daemon:Unable to open filefor read
02-01 10:43:04.355 D/QC-time-services(  518): Daemon:genoff_post_init:Error in accessing storage
02-01 10:43:04.355 D/QC-time-services(  518): Daemon:genoff_pre_init::Base = 9
02-01 10:43:04.355 D/QC-time-services(  518): Daemon: Storage Name: ats_9 
02-01 10:43:04.355 D/QC-time-services(  518): Daemon:Opening File: /data/time/ats_9
02-01 10:43:04.355 D/QC-time-services(  518): Daemon:time_persistent_memory_opr:Genoff Read operation 
02-01 10:43:04.355 D/QC-time-services(  518): Daemon:Unable to open filefor read
02-01 10:43:04.355 D/QC-time-services(  518): Daemon:genoff_post_init:Error in accessing storage
02-01 10:43:04.355 D/QC-time-services(  518): Daemon:genoff_pre_init::Base = 10
02-01 10:43:04.355 D/QC-time-services(  518): Daemon: Storage Name: ats_10 
02-01 10:43:04.355 D/QC-time-services(  518): Daemon:Opening File: /data/time/ats_10
02-01 10:43:04.355 D/QC-time-services(  518): Daemon:time_persistent_memory_opr:Genoff Read operation 
02-01 10:43:04.355 D/QC-time-services(  518): Daemon:Unable to open filefor read
02-01 10:43:04.355 D/QC-time-services(  518): Daemon:genoff_post_init:Error in accessing storage
02-01 10:43:04.355 D/QC-time-services(  518): Daemon:genoff_pre_init::Base = 11
02-01 10:43:04.355 D/QC-time-services(  518): Daemon: Storage Name: ats_11 
02-01 10:43:04.355 D/QC-time-services(  518): Daemon:Opening File: /data/time/ats_11
02-01 10:43:04.355 D/QC-time-services(  518): Daemon:time_persistent_memory_opr:Genoff Read operation 
02-01 10:43:04.355 D/QC-time-services(  518): Daemon:Unable to open filefor read
02-01 10:43:04.355 D/QC-time-services(  518): Daemon:genoff_post_init:Error in accessing storage
02-01 10:43:04.358 D/QC-time-services(  518): Daemon:genoff_pre_init::Base = 12
02-01 10:43:04.358 D/QC-time-services(  518): Daemon: Storage Name: ats_12 
02-01 10:43:04.358 D/QC-time-services(  518): Daemon:Opening File: /data/time/ats_12
02-01 10:43:04.358 D/QC-time-services(  518): Daemon:time_persistent_memory_opr:Genoff Read operation 
02-01 10:43:04.358 D/QC-time-services(  518): Daemon:Unable to open filefor read
02-01 10:43:04.358 D/QC-time-services(  518): Daemon:genoff_post_init:Error in accessing storage
02-01 10:43:04.358 D/QC-time-services(  518): Daemon:genoff_pre_init::Base = 13
02-01 10:43:04.358 I/ThermalEngine(  497): Thermal daemon started
02-01 10:43:04.358 D/QC-time-services(  518): Daemon: Storage Name: ats_13 
02-01 10:43:04.358 D/QC-time-services(  518): Daemon:Opening File: /data/time/ats_13
02-01 10:43:04.358 D/QC-time-services(  518): Daemon:time_persistent_memory_opr:Genoff Read operation 
02-01 10:43:04.358 D/QC-time-services(  518): Daemon:Unable to open filefor read
02-01 10:43:04.358 D/QC-time-services(  518): Daemon:genoff_post_init:Error in accessing storage
02-01 10:43:04.358 D/QC-time-services(  518): Daemon:genoff_pre_init::Base = 14
02-01 10:43:04.358 D/QC-time-services(  518): Daemon: Storage Name: ats_14 
02-01 10:43:04.358 D/QC-time-services(  518): Daemon:Opening File: /data/time/ats_14
02-01 10:43:04.358 D/QC-time-services(  518): Daemon:time_persistent_memory_opr:Genoff Read operation 
02-01 10:43:04.358 D/QC-time-services(  518): Daemon:Unable to open filefor read
02-01 10:43:04.358 D/QC-time-services(  518): Daemon:genoff_post_init:Error in accessing storage
02-01 10:43:04.358 D/QC-time-services(  518): Daemon:genoff_init_config: Other bases initilized, exiting genoff_init
02-01 10:43:04.358 D/QC-time-services(  518): Daemon:rtc_get: Time read from RTC -- MM/DD/YY HH:MM:SS1/1/70 10:43:4
02-01 10:43:04.358 D/QC-time-services(  518): Daemon:genoff_opr: Base = 1, val = 4294967296, operation = 1
02-01 10:43:04.358 D/QC-time-services(  518): Daemon: genoff get for 1
02-01 10:43:04.359 D/QC-time-services(  518): Daemon:rtc_get: Time read from RTC -- MM/DD/YY HH:MM:SS1/1/70 10:43:4
02-01 10:43:04.359 D/QC-time-services(  518): Daemon:Value read from RTC seconds = 2716984000
02-01 10:43:04.359 D/QC-time-services(  518): Daemon:Value read from generic offset = 0
02-01 10:43:04.359 D/QC-time-services(  518): Daemon:Final Time = 2716984000
02-01 10:43:04.359 D/QC-time-services(  518): Daemon:genoff_boot_tod_init: Setting system time to sec =2716984, nsec =0
02-01 10:43:04.003 I/keystore(  505): Found keymaster1 module Keymaster QTI HAL, version 100
02-01 10:43:04.003 I/SoftKeymaster(  505): system/keymaster/soft_keymaster_device.cpp, Line 131: Creating device
02-01 10:43:04.003 D/SoftKeymaster(  505): system/keymaster/soft_keymaster_device.cpp, Line 132: Device address: 0x70c283d000
02-01 10:43:04.004 D/QSEECOMAPI: (  505): QSEECom_get_handle sb_length = 0xa000
02-01 10:43:04.004 D/QSEECOMAPI: (  505): App is already loaded QSEE and app id = 3
02-01 10:43:04.005 E/QC-time-services(  518): Daemon:genoff_boot_tod_init: Unable to set TOD at boot up
02-01 10:43:04.005 E/QC-time-services(  518): Daemon: Unable to set TOD at boot up
02-01 10:43:04.011 E/QC-QMI  (  517): qmi_client [517]: unable to bind to client socket, rc = -1 errno[13:Permission denied]
02-01 10:43:04.011 E/QC-QMI  (  517): qmi_qmux_if_pwr_up_init_ex:  Initialization failed, rc = -1
02-01 10:43:04.011 E/QMI_FW  (  517): QMUXD: WARNING qmi_qmux_if_pwr_up_init failed! rc=-1
02-01 10:43:04.011 E/QC-QMI  (  517): qmi_client [517]: unable to bind to client socket, rc = -1 errno[13:Permission denied]
02-01 10:43:04.011 E/QC-QMI  (  517): qmi_qmux_if_pwr_up_init_ex:  Initialization failed, rc = -1
02-01 10:43:04.011 E/QMI_FW  (  517): QMUXD: WARNING qmi_qmux_if_pwr_up_init failed! rc=-1
02-01 10:43:04.011 E/QC-QMI  (  517): qmi_client [517]: unable to bind to client socket, rc = -1 errno[13:Permission denied]
02-01 10:43:04.011 E/QC-QMI  (  517): qmi_qmux_if_pwr_up_init_ex:  Initialization failed, rc = -1
02-01 10:43:04.011 E/QMI_FW  (  517): QMUXD: WARNING qmi_qmux_if_pwr_up_init failed! rc=-1
02-01 10:43:04.012 E/QC-QMI  (  517): qmi_client [517]: unable to bind to client socket, rc = -1 errno[13:Permission denied]
02-01 10:43:04.012 E/QC-QMI  (  517): qmi_qmux_if_pwr_up_init_ex:  Initialization failed, rc = -1
02-01 10:43:04.012 E/QMI_FW  (  517): QMUXD: WARNING qmi_qmux_if_pwr_up_init failed! rc=-1
02-01 10:43:04.013 E/keymaster1_device(  505): TA API Major Verion: 1
02-01 10:43:04.013 E/keymaster1_device(  505): TA API Minor Verion: 0
02-01 10:43:04.013 E/keymaster1_device(  505): TA Major Verion: 1
02-01 10:43:04.013 E/keymaster1_device(  505): TA Minor Verion: 5
02-01 10:43:04.013 D/keystore(  505): Wrapping keymaster1 module Keymaster QTI HAL with SofKeymasterDevice
02-01 10:43:04.013 D/SoftKeymaster(  505): system/keymaster/soft_keymaster_device.cpp, Line 178: Reinitializing SoftKeymasterDevice to use HW keymaster1
02-01 10:43:04.014 I/ThermalEngine(  497): Using target config file '/system/etc/thermal-engine-8992.conf'
02-01 10:43:04.014 I/ThermalEngine(  497): devices_manager_init: Init
02-01 10:43:04.014 I/ThermalEngine(  497): Number of gpus :1
02-01 10:43:04.015 I/Thermal-IOCTL(  497): KTM IOCTL interface "/dev/msm_thermal_query" opened
02-01 10:43:04.015 E/ThermalEngine(  497): update_cpu_topology: Cluster Info[0]. Cluster Id: 0 cpu_bits:0xf sync:1
02-01 10:43:04.015 E/ThermalEngine(  497): update_cpu_topology: Cluster Info[1]. Cluster Id: 1 cpu_bits:0x30 sync:1
02-01 10:43:04.015 I/ThermalEngine(  497): vdd_rstr_init: Init KTM VDD RSTR enabled: 0
02-01 10:43:04.015 I/ThermalEngine(  497): sensors_manager_init: Init
02-01 10:43:04.026 I/chatty  (  493): uid=1001(radio) /system/bin/qmuxd expire 230 lines
02-01 10:43:04.027 D/QC-time-services(  518): Daemon:genoff_modem_qmi_service_request: Initiallizing QMI 
02-01 10:43:04.031 D/QC-time-services(  518): Daemon: Time-services: All initializations done
02-01 10:43:04.031 E/QC-time-services(  518): Daemon: Time-services: Waiting to acceptconnection
02-01 10:43:04.033 E/QC-QMI  (  518): qmi_client [518]: unable to bind to client socket, rc = -1 errno[13:Permission denied]
02-01 10:43:04.034 E/QC-QMI  (  518): qmi_qmux_if_pwr_up_init_ex:  Initialization failed, rc = -1
02-01 10:43:04.034 E/QMI_FW  (  518): QMUXD: WARNING qmi_qmux_if_pwr_up_init failed! rc=-1
02-01 10:43:04.034 E/QC-QMI  (  518): qmi_client [518]: unable to bind to client socket, rc = -1 errno[13:Permission denied]
02-01 10:43:04.034 E/QC-QMI  (  518): qmi_qmux_if_pwr_up_init_ex:  Initialization failed, rc = -1
02-01 10:43:04.034 E/QMI_FW  (  518): QMUXD: WARNING qmi_qmux_if_pwr_up_init failed! rc=-1
02-01 10:43:04.034 E/QC-QMI  (  518): qmi_client [518]: unable to bind to client socket, rc = -1 errno[13:Permission denied]
02-01 10:43:04.034 E/QC-QMI  (  518): qmi_qmux_if_pwr_up_init_ex:  Initialization failed, rc = -1
02-01 10:43:04.034 E/QMI_FW  (  518): QMUXD: WARNING qmi_qmux_if_pwr_up_init failed! rc=-1
02-01 10:43:04.035 E/QC-QMI  (  518): qmi_client [518]: unable to bind to client socket, rc = -1 errno[13:Permission denied]
02-01 10:43:04.035 E/QC-QMI  (  518): qmi_qmux_if_pwr_up_init_ex:  Initialization failed, rc = -1
02-01 10:43:04.035 E/QMI_FW  (  518): QMUXD: WARNING qmi_qmux_if_pwr_up_init failed! rc=-1
02-01 10:43:04.035 E/QC-QMI  (  518): qmi_client [518]: unable to bind to client socket, rc = -1 errno[13:Permission denied]
02-01 10:43:04.036 E/QC-QMI  (  518): qmi_qmux_if_pwr_up_init_ex:  Initialization failed, rc = -1
02-01 10:43:04.036 E/QMI_FW  (  518): QMUXD: WARNING qmi_qmux_if_pwr_up_init failed! rc=-1
02-01 10:43:04.036 E/QC-QMI  (  518): qmi_client [518]: unable to bind to client socket, rc = -1 errno[13:Permission denied]
02-01 10:43:04.036 E/QC-QMI  (  518): qmi_qmux_if_pwr_up_init_ex:  Initialization failed, rc = -1
02-01 10:43:04.036 E/QMI_FW  (  518): QMUXD: WARNING qmi_qmux_if_pwr_up_init failed! rc=-1
02-01 10:43:04.036 E/QC-QMI  (  518): qmi_client [518]: unable to bind to client socket, rc = -1 errno[13:Permission denied]
02-01 10:43:04.036 E/QC-QMI  (  518): qmi_qmux_if_pwr_up_init_ex:  Initialization failed, rc = -1
02-01 10:43:04.036 E/QMI_FW  (  518): QMUXD: WARNING qmi_qmux_if_pwr_up_init failed! rc=-1
02-01 10:43:04.036 E/QC-QMI  (  518): qmi_client [518]: unable to bind to client socket, rc = -1 errno[13:Permission denied]
02-01 10:43:04.036 E/QC-QMI  (  518): qmi_qmux_if_pwr_up_init_ex:  Initialization failed, rc = -1
02-01 10:43:04.036 E/QMI_FW  (  518): QMUXD: WARNING qmi_qmux_if_pwr_up_init failed! rc=-1
02-01 10:43:04.036 E/QC-time-services(  518): Daemon:genoff_modem_qmi_service_request: qmi_client_get_service_list returned -2num_services 0
02-01 10:43:04.037 E/ThermalEngine(  497): bcl_setup: Unexpected node error
02-01 10:43:04.037 E/ThermalEngine(  497): add_tgt_sensors_set: Error adding bcl
02-01 10:43:04.037 E/ThermalEngine(  497): sensors_init: Error adding BCL TS
02-01 10:43:04.039 E/QC-QMI  (  520): qmi_client [520]: unable to connect to server, errno=[2:No such file or directory], attempt=1
02-01 10:43:04.043 E/QC-QMI  (  497): qmi_client [497]: unable to connect to server, errno=[2:No such file or directory], attempt=1
02-01 10:43:04.045 I/perfprofd(  528): starting Android Wide Profiling daemon
02-01 10:43:04.047 I/SoftKeymaster(  505): system/keymaster/soft_keymaster_device.cpp, Line 131: Creating device
02-01 10:43:04.047 D/SoftKeymaster(  505): system/keymaster/soft_keymaster_device.cpp, Line 132: Device address: 0x70c283d400
02-01 10:43:04.048 I/ThermalEngine(  497): Loading config file for virtual sensor
02-01 10:43:04.048 I/ThermalEngine(  497): Loading configuration file /system/etc/thermal-engine-8992.conf
02-01 10:43:04.049 E/perfprofd(  528): unable to open configuration file /data/data/com.google.android.gms/files/perfprofd.conf
02-01 10:43:04.052 I/ThermalEngine(  497): Parsing section global
02-01 10:43:04.053 I/ThermalEngine(  497): Found field 'sampling'
02-01 10:43:04.053 I/ThermalEngine(  497): Found field 'charger_offset'
02-01 10:43:04.054 I/perfprofd(  528): random seed set to 3358776353
02-01 10:43:04.054 E/ThermalEngine(  497): virtual_sensors_init: Error getting virtual sensors set
02-01 10:43:04.054 I/ThermalEngine(  497): Loading configuration file /system/etc/thermal-engine-8992.conf
02-01 10:43:04.054 I/ThermalEngine(  497): Parsing section global
02-01 10:43:04.054 I/ThermalEngine(  497): Found field 'sampling'
02-01 10:43:04.054 I/ThermalEngine(  497): Found field 'charger_offset'
02-01 10:43:04.054 I/ThermalEngine(  497): Created section 'CPU0_MONITOR'
02-01 10:43:04.054 I/ThermalEngine(  497): Algo Type 'monitor'
02-01 10:43:04.054 I/ThermalEngine(  497): Parsing section CPU0_MONITOR
02-01 10:43:04.054 I/ThermalEngine(  497): Found field 'sensor'
02-01 10:43:04.054 I/ThermalEngine(  497): Found field 'sampling'
02-01 10:43:04.054 I/ThermalEngine(  497): Found field 'thresholds'
02-01 10:43:04.055 I/ThermalEngine(  497): Found field 'thresholds_clr'
02-01 10:43:04.055 I/ThermalEngine(  497): Found field 'actions'
02-01 10:43:04.055 I/ThermalEngine(  497): Found field 'action_info'
02-01 10:43:04.055 I/ThermalEngine(  497): Created section 'CPU2_MONITOR'
02-01 10:43:04.055 I/ThermalEngine(  497): Algo Type 'monitor'
02-01 10:43:04.055 I/ThermalEngine(  497): Parsing section CPU2_MONITOR
02-01 10:43:04.055 I/ThermalEngine(  497): Found field 'sensor'
02-01 10:43:04.055 I/ThermalEngine(  497): Found field 'sampling'
02-01 10:43:04.055 I/ThermalEngine(  497): Found field 'thresholds'
02-01 10:43:04.055 I/ThermalEngine(  497): Found field 'thresholds_clr'
02-01 10:43:04.055 I/ThermalEngine(  497): Found field 'actions'
02-01 10:43:04.055 I/ThermalEngine(  497): Found field 'action_info'
02-01 10:43:04.055 I/ThermalEngine(  497): Created section 'CPU3_MONITOR'
02-01 10:43:04.055 I/ThermalEngine(  497): Algo Type 'monitor'
02-01 10:43:04.055 I/ThermalEngine(  497): Parsing section CPU3_MONITOR
02-01 10:43:04.055 I/ThermalEngine(  497): Found field 'sensor'
02-01 10:43:04.055 I/ThermalEngine(  497): Found field 'sampling'
02-01 10:43:04.055 I/ThermalEngine(  497): Found field 'thresholds'
02-01 10:43:04.055 I/ThermalEngine(  497): Found field 'thresholds_clr'
02-01 10:43:04.055 I/ThermalEngine(  497): Found field 'actions'
02-01 10:43:04.055 I/ThermalEngine(  497): Found field 'action_info'
02-01 10:43:04.055 I/ThermalEngine(  497): Created section 'CPU4_MONITOR'
02-01 10:43:04.055 I/ThermalEngine(  497): Algo Type 'monitor'
02-01 10:43:04.055 I/ThermalEngine(  497): Parsing section CPU4_MONITOR
02-01 10:43:04.056 I/ThermalEngine(  497): Found field 'sensor'
02-01 10:43:04.056 I/ThermalEngine(  497): Found field 'sampling'
02-01 10:43:04.056 I/ThermalEngine(  497): Found field 'thresholds'
02-01 10:43:04.056 I/ThermalEngine(  497): Found field 'thresholds_clr'
02-01 10:43:04.056 I/ThermalEngine(  497): Found field 'actions'
02-01 10:43:04.056 I/ThermalEngine(  497): Found field 'action_info'
02-01 10:43:04.056 I/ThermalEngine(  497): Created section 'CPU5_MONITOR'
02-01 10:43:04.056 I/ThermalEngine(  497): Algo Type 'monitor'
02-01 10:43:04.056 I/ThermalEngine(  497): Parsing section CPU5_MONITOR
02-01 10:43:04.056 I/ThermalEngine(  497): Found field 'sensor'
02-01 10:43:04.056 I/ThermalEngine(  497): Found field 'sampling'
02-01 10:43:04.056 I/ThermalEngine(  497): Found field 'thresholds'
02-01 10:43:04.056 I/ThermalEngine(  497): Found field 'thresholds_clr'
02-01 10:43:04.056 I/ThermalEngine(  497): Found field 'actions'
02-01 10:43:04.056 I/ThermalEngine(  497): Found field 'action_info'
02-01 10:43:04.056 I/ThermalEngine(  497): Created section 'CPU4_HOTPLUG_MONITOR'
02-01 10:43:04.056 I/ThermalEngine(  497): Algo Type 'monitor'
02-01 10:43:04.056 I/ThermalEngine(  497): Parsing section CPU4_HOTPLUG_MONITOR
02-01 10:43:04.056 I/ThermalEngine(  497): Found field 'sensor'
02-01 10:43:04.056 I/ThermalEngine(  497): Found field 'sampling'
02-01 10:43:04.056 I/ThermalEngine(  497): Found field 'thresholds'
02-01 10:43:04.056 I/ThermalEngine(  497): Found field 'thresholds_clr'
02-01 10:43:04.056 I/ThermalEngine(  497): Found field 'actions'
02-01 10:43:04.057 I/ThermalEngine(  497): Found field 'action_info'
02-01 10:43:04.057 I/ThermalEngine(  497): Created section 'CPU5_HOTPLUG_MONITOR'
02-01 10:43:04.057 I/ThermalEngine(  497): Algo Type 'monitor'
02-01 10:43:04.057 I/ThermalEngine(  497): Parsing section CPU5_HOTPLUG_MONITOR
02-01 10:43:04.057 I/ThermalEngine(  497): Found field 'sensor'
02-01 10:43:04.057 I/ThermalEngine(  497): Found field 'sampling'
02-01 10:43:04.057 I/ThermalEngine(  497): Found field 'thresholds'
02-01 10:43:04.057 I/ThermalEngine(  497): Found field 'thresholds_clr'
02-01 10:43:04.057 I/ThermalEngine(  497): Found field 'actions'
02-01 10:43:04.057 I/ThermalEngine(  497): Found field 'action_info'
02-01 10:43:04.057 I/ThermalEngine(  497): Created section 'LCD_management'
02-01 10:43:04.057 I/ThermalEngine(  497): Algo Type 'monitor'
02-01 10:43:04.057 I/ThermalEngine(  497): Parsing section LCD_management
02-01 10:43:04.057 I/ThermalEngine(  497): Found field 'sensor'
02-01 10:43:04.057 I/ThermalEngine(  497): Found field 'sampling'
02-01 10:43:04.057 I/ThermalEngine(  497): Found field 'thresholds'
02-01 10:43:04.057 I/ThermalEngine(  497): Found field 'thresholds_clr'
02-01 10:43:04.057 I/ThermalEngine(  497): Found field 'actions'
02-01 10:43:04.057 I/ThermalEngine(  497): Found field 'action_info'
02-01 10:43:04.058 I/ThermalEngine(  497): Created section 'battery_monitor'
02-01 10:43:04.058 I/ThermalEngine(  497): Algo Type 'monitor'
02-01 10:43:04.058 I/ThermalEngine(  497): Parsing section battery_monitor
02-01 10:43:04.058 I/ThermalEngine(  497): Found field 'sensor'
02-01 10:43:04.058 I/ThermalEngine(  497): Found field 'sampling'
02-01 10:43:04.058 I/ThermalEngine(  497): Found field 'thresholds'
02-01 10:43:04.058 I/ThermalEngine(  497): Found field 'thresholds_clr'
02-01 10:43:04.058 I/ThermalEngine(  497): Found field 'actions'
02-01 10:43:04.058 I/ThermalEngine(  497): Found field 'action_info'
02-01 10:43:04.058 I/ThermalEngine(  497): Created section 'PID-LITTLE_CLUSTER_management'
02-01 10:43:04.058 I/ThermalEngine(  497): Algo Type 'pid'
02-01 10:43:04.058 I/ThermalEngine(  497): Parsing section PID-LITTLE_CLUSTER_management
02-01 10:43:04.058 I/ThermalEngine(  497): Found field 'sampling'
02-01 10:43:04.058 I/ThermalEngine(  497): Found field 'sensor'
02-01 10:43:04.058 I/ThermalEngine(  497): Found field 'device'
02-01 10:43:04.058 I/ThermalEngine(  497): Found field 'set_point'
02-01 10:43:04.058 I/ThermalEngine(  497): Found field 'set_point_clr'
02-01 10:43:04.058 I/ThermalEngine(  497): Found field 'p_const'
02-01 10:43:04.058 I/ThermalEngine(  497): Found field 'i_const'
02-01 10:43:04.058 I/ThermalEngine(  497): Found field 'd_const'
02-01 10:43:04.058 I/ThermalEngine(  497): Found field 'i_samples'
02-01 10:43:04.058 I/ThermalEngine(  497): Found field 'dev_units_per_calc'
02-01 10:43:04.059 I/ThermalEngine(  497): Found field 'limit'
02-01 10:43:04.059 I/ThermalEngine(  497): Created section 'PID-BIG_CLUSTER_management'
02-01 10:43:04.059 I/ThermalEngine(  497): Algo Type 'pid'
02-01 10:43:04.059 I/ThermalEngine(  497): Parsing section PID-BIG_CLUSTER_management
02-01 10:43:04.059 I/ThermalEngine(  497): Found field 'sampling'
02-01 10:43:04.059 I/ThermalEngine(  497): Found field 'sensor'
02-01 10:43:04.059 I/ThermalEngine(  497): Found field 'device'
02-01 10:43:04.059 I/ThermalEngine(  497): Found field 'set_point'
02-01 10:43:04.059 I/ThermalEngine(  497): Found field 'set_point_clr'
02-01 10:43:04.059 I/Netd    (  510): Netd 1.0 starting
02-01 10:43:04.059 I/ThermalEngine(  497): Found field 'p_const'
02-01 10:43:04.059 I/ThermalEngine(  497): Found field 'i_const'
02-01 10:43:04.059 I/ThermalEngine(  497): Found field 'd_const'
02-01 10:43:04.059 I/ThermalEngine(  497): Found field 'i_samples'
02-01 10:43:04.059 I/ThermalEngine(  497): Found field 'dev_units_per_calc'
02-01 10:43:04.059 I/ThermalEngine(  497): Found field 'limit'
02-01 10:43:04.059 I/ThermalEngine(  497): Created section 'SS-GPU_management'
02-01 10:43:04.059 I/ThermalEngine(  497): Algo Type 'pid'
02-01 10:43:04.059 I/ThermalEngine(  497): Parsing section SS-GPU_management
02-01 10:43:04.059 D/TetherController(  510): Setting IP forward enable = 0
02-01 10:43:04.059 I/ThermalEngine(  497): Found field 'sensor'
02-01 10:43:04.059 I/ThermalEngine(  497): Found field 'sampling'
02-01 10:43:04.059 I/ThermalEngine(  497): Found field 'device'
02-01 10:43:04.059 I/ThermalEngine(  497): Found field 'set_point'
02-01 10:43:04.060 I/ThermalEngine(  497): Found field 'set_point_clr'
02-01 10:43:04.060 I/ThermalEngine(  497): Found field 'p_const'
02-01 10:43:04.060 I/ThermalEngine(  497): Found field 'i_const'
02-01 10:43:04.060 I/ThermalEngine(  497): Found field 'd_const'
02-01 10:43:04.060 I/ThermalEngine(  497): Found field 'i_samples'
02-01 10:43:04.060 I/ThermalEngine(  497): Found field 'dev_units_per_calc'
02-01 10:43:04.060 I/ThermalEngine(  497): Found field 'limit'
02-01 10:43:04.060 I/ThermalEngine(  497): [SS-GPU_management]
02-01 10:43:04.060 I/ThermalEngine(  497): algo_type pid
02-01 10:43:04.060 I/ThermalEngine(  497): sampling 5000
02-01 10:43:04.060 I/ThermalEngine(  497): sensor xo_therm
02-01 10:43:04.060 I/ThermalEngine(  497): device gpu
02-01 10:43:04.060 I/ThermalEngine(  497): set_point 44000
02-01 10:43:04.060 I/ThermalEngine(  497): set_point_clr 41000
02-01 10:43:04.060 I/ThermalEngine(  497): p_const 5.000000
02-01 10:43:04.060 I/ThermalEngine(  497): i_const 0.050000
02-01 10:43:04.060 I/ThermalEngine(  497): d_const 0.000000
02-01 10:43:04.060 I/ThermalEngine(  497): i_samples 20
02-01 10:43:04.060 I/ThermalEngine(  497): dev_units_per_calc 3500000
02-01 10:43:04.060 I/ThermalEngine(  497): [PID-BIG_CLUSTER_management]
02-01 10:43:04.060 I/ThermalEngine(  497): algo_type pid
02-01 10:43:04.060 I/ThermalEngine(  497): sampling 1000
02-01 10:43:04.060 I/ThermalEngine(  497): sensor xo_therm
02-01 10:43:04.060 I/ThermalEngine(  497): device cluster1
02-01 10:43:04.061 I/ThermalEngine(  497): set_point 39000
02-01 10:43:04.061 I/ThermalEngine(  497): set_point_clr 37000
02-01 10:43:04.061 I/ThermalEngine(  497): p_const 10.000000
02-01 10:43:04.061 I/ThermalEngine(  497): i_const 0.090000
02-01 10:43:04.061 I/ThermalEngine(  497): d_const 0.000000
02-01 10:43:04.061 I/ThermalEngine(  497): i_samples 10
02-01 10:43:04.061 I/ThermalEngine(  497): dev_units_per_calc 10000
02-01 10:43:04.061 I/ThermalEngine(  497): [PID-LITTLE_CLUSTER_management]
02-01 10:43:04.061 I/ThermalEngine(  497): algo_type pid
02-01 10:43:04.061 I/ThermalEngine(  497): sampling 5000
02-01 10:43:04.061 I/ThermalEngine(  497): sensor xo_therm
02-01 10:43:04.061 I/ThermalEngine(  497): device cluster0
02-01 10:43:04.061 I/ThermalEngine(  497): set_point 44000
02-01 10:43:04.061 I/ThermalEngine(  497): set_point_clr 41000
02-01 10:43:04.061 I/ThermalEngine(  497): p_const 5.000000
02-01 10:43:04.061 I/ThermalEngine(  497): i_const 0.100000
02-01 10:43:04.061 I/ThermalEngine(  497): d_const 0.000000
02-01 10:43:04.061 I/ThermalEngine(  497): i_samples 10
02-01 10:43:04.061 I/ThermalEngine(  497): dev_units_per_calc 10000
02-01 10:43:04.061 I/ThermalEngine(  497): [battery_monitor]
02-01 10:43:04.061 I/ThermalEngine(  497): algo_type monitor
02-01 10:43:04.061 I/ThermalEngine(  497): sampling 10000
02-01 10:43:04.061 I/ThermalEngine(  497): sensor xo_batt
02-01 10:43:04.061 I/ThermalEngine(  497): thresholds 36000 39000
02-01 10:43:04.061 I/ThermalEngine(  497): thresholds_clr 34000 38000
02-01 10:43:04.061 I/ThermalEngine(  497): actions battery battery
02-01 10:43:04.061 I/ThermalEngine(  497): action_info 0 3
02-01 10:43:04.061 I/ThermalEngine(  497): [LCD_management]
02-01 10:43:04.061 I/ThermalEngine(  497): algo_type monitor
02-01 10:43:04.061 I/ThermalEngine(  497): sampling 10000
02-01 10:43:04.061 I/ThermalEngine(  497): sensor xo_therm
02-01 10:43:04.061 I/ThermalEngine(  497): thresholds 36000 39000 42000 45000
02-01 10:43:04.061 I/ThermalEngine(  497): thresholds_clr 34000 37000 40000 43000
02-01 10:43:04.061 I/ThermalEngine(  497): actions lcd lcd lcd lcd
02-01 10:43:04.062 I/ThermalEngine(  497): action_info 255 232 208 183
02-01 10:43:04.062 I/ThermalEngine(  497): [CPU5_HOTPLUG_MONITOR]
02-01 10:43:04.062 I/ThermalEngine(  497): algo_type monitor
02-01 10:43:04.062 I/ThermalEngine(  497): sampling 1000
02-01 10:43:04.062 I/ThermalEngine(  497): sensor xo_therm
02-01 10:43:04.062 I/ThermalEngine(  497): thresholds 41000
02-01 10:43:04.062 I/ThermalEngine(  497): thresholds_clr 39000
02-01 10:43:04.062 I/ThermalEngine(  497): actions hotplug_5
02-01 10:43:04.062 I/ThermalEngine(  497): action_info 1
02-01 10:43:04.062 I/ThermalEngine(  497): [CPU4_HOTPLUG_MONITOR]
02-01 10:43:04.062 I/ThermalEngine(  497): algo_type monitor
02-01 10:43:04.062 I/ThermalEngine(  497): sampling 1000
02-01 10:43:04.062 I/ThermalEngine(  497): sensor xo_therm
02-01 10:43:04.062 I/ThermalEngine(  497): thresholds 41000
02-01 10:43:04.062 I/ThermalEngine(  497): thresholds_clr 39000
02-01 10:43:04.062 I/ThermalEngine(  497): actions hotplug_4
02-01 10:43:04.062 I/ThermalEngine(  497): action_info 1
02-01 10:43:04.062 I/ThermalEngine(  497): [CPU5_MONITOR]
02-01 10:43:04.062 I/ThermalEngine(  497): algo_type monitor
02-01 10:43:04.062 I/ThermalEngine(  497): sampling 1000
02-01 10:43:04.062 I/ThermalEngine(  497): sensor cpu5
02-01 10:43:04.062 I/ThermalEngine(  497): thresholds 115000
02-01 10:43:04.062 I/ThermalEngine(  497): thresholds_clr 110000
02-01 10:43:04.062 I/ThermalEngine(  497): actions shutdown
02-01 10:43:04.062 I/ThermalEngine(  497): action_info 0
02-01 10:43:04.062 I/ThermalEngine(  497): [CPU4_MONITOR]
02-01 10:43:04.062 I/ThermalEngine(  497): algo_type monitor
02-01 10:43:04.062 I/ThermalEngine(  497): sampling 1000
02-01 10:43:04.062 I/ThermalEngine(  497): sensor cpu4
02-01 10:43:04.062 I/ThermalEngine(  497): thresholds 115000
02-01 10:43:04.062 I/ThermalEngine(  497): thresholds_clr 110000
02-01 10:43:04.062 I/ThermalEngine(  497): actions shutdown
02-01 10:43:04.062 I/ThermalEngine(  497): action_info 0
02-01 10:43:04.062 I/ThermalEngine(  497): [CPU3_MONITOR]
02-01 10:43:04.063 I/ThermalEngine(  497): algo_type monitor
02-01 10:43:04.063 I/ThermalEngine(  497): sampling 1000
02-01 10:43:04.063 I/ThermalEngine(  497): sensor cpu3
02-01 10:43:04.063 I/ThermalEngine(  497): thresholds 115000
02-01 10:43:04.063 I/ThermalEngine(  497): thresholds_clr 110000
02-01 10:43:04.063 I/ThermalEngine(  497): actions shutdown
02-01 10:43:04.063 I/ThermalEngine(  497): action_info 0
02-01 10:43:04.063 I/ThermalEngine(  497): [CPU2_MONITOR]
02-01 10:43:04.063 I/gatekeeperd(  525): Starting gatekeeperd...
02-01 10:43:04.063 I/ThermalEngine(  497): algo_type monitor
02-01 10:43:04.063 I/ThermalEngine(  497): sampling 1000
02-01 10:43:04.063 I/ThermalEngine(  497): sensor cpu2
02-01 10:43:04.063 I/ThermalEngine(  497): thresholds 115000
02-01 10:43:04.063 I/ThermalEngine(  497): thresholds_clr 110000
02-01 10:43:04.063 I/ThermalEngine(  497): actions shutdown
02-01 10:43:04.063 I/ThermalEngine(  497): action_info 0
02-01 10:43:04.063 I/ThermalEngine(  497): [CPU0_MONITOR]
02-01 10:43:04.063 I/ThermalEngine(  497): algo_type monitor
02-01 10:43:04.063 I/ThermalEngine(  497): sampling 1000
02-01 10:43:04.063 I/ThermalEngine(  497): sensor cpu0-1
02-01 10:43:04.063 I/ThermalEngine(  497): thresholds 115000
02-01 10:43:04.064 I/ThermalEngine(  497): thresholds_clr 110000
02-01 10:43:04.064 I/ThermalEngine(  497): actions shutdown
02-01 10:43:04.064 I/ThermalEngine(  497): action_info 0
02-01 10:43:04.064 I/ThermalEngine(  497): [PMIC-ALARM-MONITOR]
02-01 10:43:04.064 I/ThermalEngine(  497): #algo_type monitor
02-01 10:43:04.064 I/ThermalEngine(  497): sampling 1000
02-01 10:43:04.064 I/ThermalEngine(  497): sensor pm8994_tz
02-01 10:43:04.064 I/ThermalEngine(  497): thresholds 107000 127000
02-01 10:43:04.064 I/ThermalEngine(  497): thresholds_clr 103000 123000
02-01 10:43:04.064 I/ThermalEngine(  497): actions hotplug_5+hotplug_4+hotplug_3+hotplug_2+hotplug_1+cluster1+ hotplug_5+hotplug_4+hotplug_3+hotplug_2+hotplug_1
02-01 10:43:04.064 I/ThermalEngine(  497): action_info 0+0+0+0+0+302400+0 1+1+1+1+1
02-01 10:43:04.064 I/ThermalEngine(  497): [VDD_RSTR_MONITOR-TSENS14]
02-01 10:43:04.064 I/ThermalEngine(  497): #algo_type monitor
02-01 10:43:04.064 I/ThermalEngine(  497): sampling 1000
02-01 10:43:04.064 I/ThermalEngine(  497): sensor tsens_tz_sensor14
02-01 10:43:04.064 I/ThermalEngine(  497): thresholds 5000
02-01 10:43:04.064 I/ThermalEngine(  497): thresholds_clr 10000
02-01 10:43:04.064 I/ThermalEngine(  497): actions vdd_restriction
02-01 10:43:04.064 I/ThermalEngine(  497): action_info 1
02-01 10:43:04.064 I/ThermalEngine(  497): descending
02-01 10:43:04.064 I/ThermalEngine(  497): [VDD_RSTR_MONITOR-TSENS13]
02-01 10:43:04.064 I/ThermalEngine(  497): #algo_type monitor
02-01 10:43:04.064 I/ThermalEngine(  497): sampling 1000
02-01 10:43:04.064 I/ThermalEngine(  497): sensor tsens_tz_sensor13
02-01 10:43:04.064 I/ThermalEngine(  497): thresholds 5000
02-01 10:43:04.064 I/ThermalEngine(  497): thresholds_clr 10000
02-01 10:43:04.064 I/ThermalEngine(  497): actions vdd_restriction
02-01 10:43:04.064 I/ThermalEngine(  497): action_info 1
02-01 10:43:04.064 I/ThermalEngine(  497): descending
02-01 10:43:04.064 I/ThermalEngine(  497): [VDD_RSTR_MONITOR-TSENS12]
02-01 10:43:04.064 I/ThermalEngine(  497): #algo_type monitor
02-01 10:43:04.064 I/ThermalEngine(  497): sampling 1000
02-01 10:43:04.064 I/ThermalEngine(  497): sensor tsens_tz_sensor12
02-01 10:43:04.064 I/ThermalEngine(  497): thresholds 5000
02-01 10:43:04.065 I/ThermalEngine(  497): thresholds_clr 10000
02-01 10:43:04.065 I/ThermalEngine(  497): actions vdd_restriction
02-01 10:43:04.065 I/ThermalEngine(  497): action_info 1
02-01 10:43:04.065 I/ThermalEngine(  497): descending
02-01 10:43:04.065 I/ThermalEngine(  497): [VDD_RSTR_MONITOR-TSENS11]
02-01 10:43:04.065 I/ThermalEngine(  497): #algo_type monitor
02-01 10:43:04.065 I/ThermalEngine(  497): sampling 1000
02-01 10:43:04.065 I/ThermalEngine(  497): sensor tsens_tz_sensor11
02-01 10:43:04.065 I/ThermalEngine(  497): thresholds 5000
02-01 10:43:04.065 I/ThermalEngine(  497): thresholds_clr 10000
02-01 10:43:04.065 I/ThermalEngine(  497): actions vdd_restriction
02-01 10:43:04.065 I/ThermalEngine(  497): action_info 1
02-01 10:43:04.065 I/ThermalEngine(  497): descending
02-01 10:43:04.065 I/ThermalEngine(  497): [VDD_RSTR_MONITOR-TSENS10]
02-01 10:43:04.065 I/ThermalEngine(  497): #algo_type monitor
02-01 10:43:04.065 I/ThermalEngine(  497): sampling 1000
02-01 10:43:04.065 I/ThermalEngine(  497): sensor tsens_tz_sensor10
02-01 10:43:04.065 I/ThermalEngine(  497): thresholds 5000
02-01 10:43:04.065 I/ThermalEngine(  497): thresholds_clr 10000
02-01 10:43:04.065 I/ThermalEngine(  497): actions vdd_restriction
02-01 10:43:04.065 I/ThermalEngine(  497): action_info 1
02-01 10:43:04.065 I/ThermalEngine(  497): descending
02-01 10:43:04.065 I/ThermalEngine(  497): [VDD_RSTR_MONITOR-TSENS9]
02-01 10:43:04.065 I/ThermalEngine(  497): #algo_type monitor
02-01 10:43:04.065 I/ThermalEngine(  497): sampling 1000
02-01 10:43:04.065 I/ThermalEngine(  497): sensor tsens_tz_sensor9
02-01 10:43:04.065 I/ThermalEngine(  497): thresholds 5000
02-01 10:43:04.065 I/ThermalEngine(  497): thresholds_clr 10000
02-01 10:43:04.065 I/ThermalEngine(  497): actions vdd_restriction
02-01 10:43:04.065 I/ThermalEngine(  497): action_info 1
02-01 10:43:04.065 I/ThermalEngine(  497): descending
02-01 10:43:04.065 D/gatekeeper_device(  525): HwKmOpen called
02-01 10:43:04.065 I/ThermalEngine(  497): [VDD_RSTR_MONITOR-TSENS7]
02-01 10:43:04.065 I/ThermalEngine(  497): #algo_type monitor
02-01 10:43:04.066 I/ThermalEngine(  497): sampling 1000
02-01 10:43:04.066 I/ThermalEngine(  497): sensor tsens_tz_sensor7
02-01 10:43:04.066 I/ThermalEngine(  497): thresholds 5000
02-01 10:43:04.066 I/ThermalEngine(  497): thresholds_clr 10000
02-01 10:43:04.066 D/QSEECOMAPI: (  525): QSEECom_get_handle sb_length = 0xa000
02-01 10:43:04.066 D/QSEECOMAPI: (  525): App is already loaded QSEE and app id = 3
02-01 10:43:04.091 I/ThermalEngine(  497): vdd_restrict_qmi_request: MODEM req level(0) is recorded and waiting for completing QMI registration
02-01 10:43:04.091 I/ThermalEngine(  497): vdd_restrict_qmi_request: ADSP req level(0) is recorded and waiting for completing QMI registration
02-01 10:43:04.091 I/ThermalEngine(  497): hotplug_ktm_disable_cb: write out 0
02-01 10:43:04.110 I/fingerprintd(  524): Starting fingerprintd
02-01 10:43:04.111 E/QCNEA   (  522): Cne Version 4.8
02-01 10:43:04.119 V/LOWI-6.3.1.0.r(  535): [LOWIEventDispatcher] LOWIEventDispatcher
02-01 10:43:04.120 V/LOWI-6.3.1.0.r(  535): [MessageQ_Client] creating client socket
02-01 10:43:04.120 I/LOWI-6.3.1.0.r(  535): [MessageQ_Client] connecting to server [/data/misc/location/mq/location-mq-s]
02-01 10:43:04.121 I/LOWI-6.3.1.0.r(  535): [MessageQ_Client] connected
02-01 10:43:04.121 V/LOWI-6.3.1.0.r(  535): [LOWIController] init
02-01 10:43:04.122 E/QCALOG  (  534): [MessageQ] ProcessNewMessage: [NOT_REGISTERED:535] unknown deliver target [OS-Agent]
02-01 10:43:04.125 E/QC-QMI  (  522): qmi_client [522]: unable to connect to server, errno=[2:No such file or directory], attempt=1
02-01 10:43:04.131 E/LOWI-6.3.1.0.r(  535): [LOWIEventReceiver] handleEvent failed
02-01 10:43:04.141 E/Diag_Lib(  529): qpLogDiagInit <== result : 1
02-01 10:43:04.141 E/Diag_Lib(  529): DATAD : gIsQXDMDisabled 0, gIsADBDisabled 1, gIsDebugDisabled 0, gIsIMSLogsDisabled 0
--------- beginning of crash
02-01 10:43:04.185 F/libc    (  539): CANNOT LINK EXECUTABLE "/vendor/bin/slim_daemon": cannot locate symbol "_ZN7android6SensorC1Ev" referenced by "/vendor/bin/slim_daemon"...
02-01 10:43:04.186 F/libc    (  539): Fatal signal 6 (SIGABRT), code -6 in tid 539 (slim_daemon)
02-01 10:43:04.186 W/        (  347): debuggerd: handling request: pid=539 uid=1021 gid=1021 tid=539
02-01 10:43:04.206 I/cameraserver(  502): ServiceManager: 0xef1993c0
02-01 10:43:04.207 I/CameraService(  502): CameraService started (pid=502)
02-01 10:43:04.207 I/CameraService(  502): CameraService process starting
02-01 10:43:04.207 W/BatteryNotifier(  502): batterystats service unavailable!
02-01 10:43:04.207 W/BatteryNotifier(  502): batterystats service unavailable!
02-01 10:43:04.215 E/        (  602): debuggerd: Unable to connect to activity manager (connect failed: Connection refused)
02-01 10:43:04.243 I/        (  501): sMaxFastTracks = 8
02-01 10:43:04.247 I/audioserver(  501): ServiceManager: 0xf36193c0
02-01 10:43:04.248 W/BatteryNotifier(  501): batterystats service unavailable!
02-01 10:43:04.248 I/AudioFlinger(  501): Using 300 mSec as standby time.
02-01 10:43:04.249 I/AudioPolicyService(  501): AudioPolicyService CSTOR in new mode
02-01 10:43:04.266 F/DEBUG   (  602): *** *** *** *** *** *** *** *** *** *** *** *** *** *** *** ***
02-01 10:43:04.266 F/DEBUG   (  602): Build fingerprint: 'Android/aosp_bullhead/bullhead:7.0/NBD90W/ubuntu11031030:userdebug/test-keys'
02-01 10:43:04.266 F/DEBUG   (  602): Revision: 'rev_1.0'
02-01 10:43:04.266 F/DEBUG   (  602): ABI: 'arm64'
02-01 10:43:04.266 F/DEBUG   (  602): pid: 539, tid: 539, name: slim_daemon  >>> /vendor/bin/slim_daemon <<<
02-01 10:43:04.266 F/DEBUG   (  602): signal 6 (SIGABRT), code -6 (SI_TKILL), fault addr --------
02-01 10:43:04.266 F/DEBUG   (  602):     x0   0000000000000000  x1   000000000000021b  x2   0000000000000006  x3   0000000000000008
02-01 10:43:04.266 F/DEBUG   (  602):     x4   ffffffffffffffff  x5   8080808080800000  x6   0000808080808080  x7   fefefefefeff2d2d
02-01 10:43:04.267 F/DEBUG   (  602):     x8   0000000000000083  x9   ffffffffffffffdf  x10  0000000000000000  x11  0000000000000001
02-01 10:43:04.267 F/DEBUG   (  602):     x12  0000000000000010  x13  0000000000000000  x14  0000000000000000  x15  000b0a021ede33ae
02-01 10:43:04.267 F/DEBUG   (  602):     x16  0000000000000000  x17  0000000094d6ff37  x18  0000000069548bbf  x19  0000007daa4afb40
02-01 10:43:04.267 F/DEBUG   (  602):     x20  0000000000000006  x21  0000007daa4afa98  x22  0000000000000002  x23  0000000000000012
02-01 10:43:04.267 F/DEBUG   (  602):     x24  0000000000000000  x25  0000007fc72f8b90  x26  0000007fc72f8c20  x27  0000007fc72f9c58
02-01 10:43:04.267 F/DEBUG   (  602):     x28  0000007daa4ab258  x29  0000007fc72f8a00  x30  0000007daa471520
02-01 10:43:04.267 F/DEBUG   (  602):     sp   0000007fc72f89e0  pc   0000007daa472094  pstate 0000000060000000
02-01 10:43:04.271 F/DEBUG   (  602): 
02-01 10:43:04.271 F/DEBUG   (  602): backtrace:
02-01 10:43:04.271 F/DEBUG   (  602):     #00 pc 0000000000075094  /system/bin/linker64 (__dl_tgkill+8)
02-01 10:43:04.271 F/DEBUG   (  602):     #01 pc 000000000007451c  /system/bin/linker64 (__dl_pthread_kill+64)
02-01 10:43:04.271 F/DEBUG   (  602):     #02 pc 0000000000067c0c  /system/bin/linker64 (__dl_raise+24)
02-01 10:43:04.272 F/DEBUG   (  602):     #03 pc 00000000000655b0  /system/bin/linker64 (__dl_abort+52)
02-01 10:43:04.272 F/DEBUG   (  602):     #04 pc 000000000006779c  /system/bin/linker64 (__dl___libc_fatal+104)
02-01 10:43:04.272 F/DEBUG   (  602):     #05 pc 000000000000fdd8  /system/bin/linker64 (__dl__ZL29__linker_init_post_relocationR19KernelArgumentBlocky+3716)
02-01 10:43:04.272 F/DEBUG   (  602):     #06 pc 000000000000eeb4  /system/bin/linker64 (__dl___linker_init+528)
02-01 10:43:04.272 F/DEBUG   (  602):     #07 pc 0000000000006c90  /system/bin/linker64 (_start+4)
02-01 10:43:04.282 D/audio_hw_primary(  501): adev_open: enter
02-01 10:43:04.287 E/msm8974_platform(  501): find_index: Could not find index for name = SND_DEVICE_IN_UNPROCESSED_HEADSET_MIC
02-01 10:43:04.287 E/platform_info(  501): process_acdb_id: Device SND_DEVICE_IN_UNPROCESSED_HEADSET_MIC in /system/etc/audio_platform_info.xml not found, no ACDB ID set!
02-01 10:43:04.287 E/msm8974_platform(  501): find_index: Could not find index for name = SND_DEVICE_IN_UNPROCESSED_MIC
02-01 10:43:04.287 E/platform_info(  501): process_acdb_id: Device SND_DEVICE_IN_UNPROCESSED_MIC in /system/etc/audio_platform_info.xml not found, no ACDB ID set!
02-01 10:43:04.287 E/msm8974_platform(  501): find_index: Could not find index for name = SND_DEVICE_IN_UNPROCESSED_STEREO_MIC
02-01 10:43:04.287 E/platform_info(  501): process_acdb_id: Device SND_DEVICE_IN_UNPROCESSED_STEREO_MIC in /system/etc/audio_platform_info.xml not found, no ACDB ID set!
02-01 10:43:04.287 E/msm8974_platform(  501): find_index: Could not find index for name = SND_DEVICE_IN_UNPROCESSED_THREE_MIC
02-01 10:43:04.287 E/platform_info(  501): process_acdb_id: Device SND_DEVICE_IN_UNPROCESSED_THREE_MIC in /system/etc/audio_platform_info.xml not found, no ACDB ID set!
02-01 10:43:04.287 E/msm8974_platform(  501): find_index: Could not find index for name = SND_DEVICE_IN_UNPROCESSED_QUAD_MIC
02-01 10:43:04.287 E/platform_info(  501): process_acdb_id: Device SND_DEVICE_IN_UNPROCESSED_QUAD_MIC in /system/etc/audio_platform_info.xml not found, no ACDB ID set!
02-01 10:43:04.288 D/msm8974_platform(  501): platform_set_parameters: add operator[verizon] mccmnc[310004;311480]
02-01 10:43:04.288 D/msm8974_platform(  501): platform_set_parameters: add operator[uscellular] mccmnc[311220;311580]
02-01 10:43:04.288 D/msm8974_platform(  501): platform_add_operator_specific_device : deivce[voice-dmic-ef] -> operator[verizon] mixer_path[voice-dmic-ef-vzwusc] acdb_id [130]
02-01 10:43:04.288 D/msm8974_platform(  501): platform_add_operator_specific_device : deivce[voice-dmic-ef-vzwusc] -> operator[uscellular] mixer_path[voice-dmic-ef-vzwusc] acdb_id [130]
02-01 10:43:04.288 D/msm8974_platform(  501): platform_add_operator_specific_device : deivce[voice-handset] -> operator[verizon] mixer_path[voice-handset-vzwusc] acdb_id [131]
02-01 10:43:04.288 D/msm8974_platform(  501): platform_add_operator_specific_device : deivce[voice-handset-vzwusc] -> operator[uscellular] mixer_path[voice-handset-vzwusc] acdb_id [131]
02-01 10:43:04.288 D/msm8974_platform(  501): platform_add_operator_specific_device : deivce[voice-headset-mic] -> operator[verizon] mixer_path[voice-headset-mic-vzwusc] acdb_id [132]
02-01 10:43:04.288 D/msm8974_platform(  501): platform_add_operator_specific_device : deivce[voice-headset-mic-vzwusc] -> operator[uscellular] mixer_path[voice-headset-mic-vzwusc] acdb_id [132]
02-01 10:43:04.288 D/msm8974_platform(  501): platform_add_operator_specific_device : deivce[voice-headphones] -> operator[verizon] mixer_path[voice-headphones-vzwusc] acdb_id [133]
02-01 10:43:04.288 D/msm8974_platform(  501): platform_add_operator_specific_device : deivce[voice-headphones-vzwusc] -> operator[uscellular] mixer_path[voice-headphones-vzwusc] acdb_id [133]
02-01 10:43:04.295 I/mediaserver(  509): ServiceManager: 0xef319420
02-01 10:43:04.303 W/BatteryNotifier(  509): batterystats service unavailable!
02-01 10:43:04.331 I/mediacodec(  506): @@@ mediacodecservice starting
02-01 10:43:04.337 W//system/bin/mediacodec(  506): libminijail: allowing syscall: clock_gettime
02-01 10:43:04.337 W//system/bin/mediacodec(  506): libminijail: allowing syscall: connect
02-01 10:43:04.337 W//system/bin/mediacodec(  506): libminijail: allowing syscall: fcntl64
02-01 10:43:04.337 W//system/bin/mediacodec(  506): libminijail: allowing syscall: socket
02-01 10:43:04.337 W//system/bin/mediacodec(  506): libminijail: allowing syscall: writev
02-01 10:43:04.340 D/msm8974_platform(  501): platform_init: snd_card_name: msm8994-tomtom-snd-card
02-01 10:43:04.342 W//system/bin/mediacodec(  506): libminijail: logging seccomp filter failures
02-01 10:43:04.350 I/chatty  (  511): uid=1001(radio) /system/bin/rild expire 3 lines
02-01 10:43:04.354 V/MediaUtils(  508): physMem: 1902231552
02-01 10:43:04.355 V/MediaUtils(  508): requested limit: 380446300
02-01 10:43:04.355 V/MediaUtils(  508): actual limit: 380446300
02-01 10:43:04.355 V/MediaUtils(  508): original limits: 4294967295/4294967295
02-01 10:43:04.355 V/MediaUtils(  508): new limits: 380446300/4294967295
02-01 10:43:04.355 W//system/bin/mediaextractor(  508): libminijail: allowing syscall: clock_gettime
02-01 10:43:04.355 W//system/bin/mediaextractor(  508): libminijail: allowing syscall: connect
02-01 10:43:04.355 W//system/bin/mediaextractor(  508): libminijail: allowing syscall: fcntl64
02-01 10:43:04.355 W//system/bin/mediaextractor(  508): libminijail: allowing syscall: socket
02-01 10:43:04.355 W//system/bin/mediaextractor(  508): libminijail: allowing syscall: writev
02-01 10:43:04.364 W//system/bin/mediaextractor(  508): libminijail: logging seccomp filter failures
02-01 10:43:04.425 W/        (  347): debuggerd: resuming target 539
02-01 10:43:04.426 E/LocSvc_launcher(  512): E/sig_handler_chld:84]: Received SIGCHLD
02-01 10:43:04.427 E/LocSvc_launcher(  512): E/Parent woken up! Interrupted system call
02-01 10:43:04.428 E/LocSvc_launcher(  512): E/main:724]: Child exited due to signal: Aborted
02-01 10:43:04.428 E/LocSvc_launcher(  512): E/main:734]: Restarting /vendor/bin/slim_daemon. Number of restarts: 1
02-01 10:43:04.430 E/audio_route(  501): Control 'MultiMedia4 Mixer MI2S_TX' doesn't exist - skipping
02-01 10:43:04.430 E/audio_route(  501): Control 'MultiMedia7 Mixer MI2S_TX' doesn't exist - skipping
02-01 10:43:04.430 E/audio_route(  501): Control 'MultiMedia10 Mixer MI2S_TX' doesn't exist - skipping
02-01 10:43:04.430 E/audio_route(  501): Control 'MultiMedia11 Mixer MI2S_TX' doesn't exist - skipping
02-01 10:43:04.430 E/audio_route(  501): Control 'MultiMedia12 Mixer MI2S_TX' doesn't exist - skipping
