02-01 10:43:12.245 D/ConnectivityService(  882): Got NetworkFactory Messenger for Ethernet
02-01 10:43:12.246 D/Ethernet(  882): got request NetworkRequest [ id=1, legacyType=-1, [ Capabilities: INTERNET&NOT_RESTRICTED&TRUSTED&NOT_VPN] ] with score 0
02-01 10:43:12.255 D/ZenLog  (  882): config: cleanUpZenRules,ZenModeConfig[user=0,allowCalls=true,allowRepeatCallers=false,allowMessages=false,allowCallsFrom=contacts,allowMessagesFrom=contacts,allowReminders=true,allowEvents=true,allowWhenScreenOff=true,allowWhenScreenOn=true,automaticRules={df9fa402582c41dba9a7b57d656208ba=ZenRule[enabled=false,snoozing=false,name=Weeknight,zenMode=ZEN_MODE_ALARMS,conditionId=condition://android/schedule?days=1.2.3.4.5&start=22.0&end=7.0&exitAtAlarm=false,condition=Condition[id=condition://android/schedule?days=1.2.3.4.5&start=22.0&end=7.0&exitAtAlarm=false,summary=...,line1=...,line2=...,icon=0,state=STATE_FALSE,flags=2],component=ComponentInfo{android/com.android.server.notification.ScheduleConditionProvider},id=df9fa402582c41dba9a7b57d656208ba,creationTime=2603701379], 2fdb30c9073b40dcb152dbb12f2d5f84=ZenRule[enabled=false,snoozing=false,name=Weekend,zenMode=ZEN_MODE_ALARMS,conditionId=condition://android/schedule?days=6.7&start=23.30&end=10.0&exitAtAlarm=false,condition=Condition[id=condition://android/schedule?days=6.7&start=23.30&end=10.0&exitAtAlarm=false,summary=...,line1=...,line2=...,icon=0,state=STATE_FALSE,flags=2],component=ComponentInfo{android/com.android.server.notification.ScheduleConditionProvider},id=2fdb30c9073b40dcb152dbb12f2d5f84,creationTime=2603701379], 6953e037ed5b4e66a7ee9c09fdef95b5=ZenRule[enabled=false,snoozing=false,name=Event,zenMode=ZEN_MODE_ALARMS,conditionId=condition://android/event?userId=-10000&calendar=&reply=1,condition=Condition[id=condition://android/event?userId=-10000&calendar=&reply=1,summary=...,line1=...,line2=...,icon=0,state=STATE_FALSE,flags=2],component=ComponentInfo{android/com.android.server.notification.EventConditionProvider},id=6953e037ed5b4e66a7ee9c09fdef95b5,creationTime=2603701380]},manualRule=null],Diff[]
02-01 10:43:12.255 D/ZenLog  (  882): set_zen_mode: off,onSystemReady
02-01 10:43:12.258 D/PermissionCache(  501): checking android.permission.CAPTURE_AUDIO_HOTWORD for uid=1000 => granted (180 us)
02-01 10:43:12.259 D/ContextHubSystemService(  882): onBootPhase: PHASE_SYSTEM_SERVICES_READY
02-01 10:43:12.278 V/UserManagerService(  882): Found /data/user_de/0 with serial number 0
02-01 10:43:12.279 V/UserManagerService(  882): Found /data/user/0 with serial number 0
02-01 10:43:12.279 V/UserManagerService(  882): Found /data/system_de/0 with serial number 0
02-01 10:43:12.279 V/UserManagerService(  882): Found /data/system_ce/0 with serial number 0
02-01 10:43:12.280 W/KeyguardServiceDelegate(  882): onScreenTurningOn(): no keyguard service!
02-01 10:43:12.280 E/SensorManager(  882): sensor or listener is null
02-01 10:43:12.284 I/ActivityManager(  882): System now ready
02-01 10:43:12.297 I/SystemServer(  882): Making services ready
02-01 10:43:12.297 I/SystemServiceManager(  882): Starting phase 550
02-01 10:43:12.301 D/BluetoothManagerService(  882): Bluetooth boot completed
02-01 10:43:12.302 E/InputMethodManagerService(  882): Ignoring updateSystemUiLocked due to an invalid token. uid:1000 token:null
02-01 10:43:12.349 I/Zygote  (  882): Process: zygote socket opened, supported ABIS: arm64-v8a
02-01 10:43:12.361 I/ActivityManager(  882): Start proc 2563:com.android.inputmethod.latin/u0a51 for service com.android.inputmethod.latin/.LatinIME
02-01 10:43:12.361 V/InputMethodManagerService(  882): Adding window token: android.os.Binder@13dd694
02-01 10:43:12.362 D/MountService(  882): Thinking about init, mSystemReady=true, mDaemonConnected=true
02-01 10:43:12.362 D/MountService(  882): Setting up emulation state, initlocked=false
02-01 10:43:12.362 D/CryptdConnector(  882): SND -> {2 cryptfs unlock_user_key 0 0 ! !}
02-01 10:43:12.363 D/vold    (  348): e4crypt_unlock_user_key 0 serial=0 token_present=0
02-01 10:43:12.363 D/CryptdConnector(  882): RCV <- {200 2 Command succeeded}
02-01 10:43:12.363 E/BitmapFactory(  882): Unable to decode stream: java.io.FileNotFoundException: /data/system/users/0/wallpaper_orig (No such file or directory)
02-01 10:43:12.363 E/WallpaperManagerService(  882): Invalid wallpaper data
02-01 10:43:12.363 E/WallpaperManagerService(  882): Unable to apply new wallpaper
02-01 10:43:12.364 D/MountService(  882): Thinking about reset, mSystemReady=true, mDaemonConnected=true
02-01 10:43:12.364 D/VoldConnector(  882): SND -> {3 volume reset}
02-01 10:43:12.364 I/ActivityManager(  882): Force stopping com.android.providers.media appid=10012 user=-1: vold reset
02-01 10:43:12.365 D/VoldConnector(  882): RCV <- {651 emulated 7}
02-01 10:43:12.366 D/VoldConnector(  882): RCV <- {659 emulated}
02-01 10:43:12.366 D/VoldConnector(  882): RCV <- {650 emulated 2 "" ""}
02-01 10:43:12.366 D/VoldConnector(  882): RCV <- {651 emulated 0}
02-01 10:43:12.367 D/VoldConnector(  882): RCV <- {200 3 Command succeeded}
02-01 10:43:12.368 V/MountService(  882): Found primary storage at VolumeInfo{emulated}:
02-01 10:43:12.368 V/MountService(  882):     type=EMULATED diskId=null partGuid=null mountFlags=0 mountUserId=-1 
02-01 10:43:12.368 V/MountService(  882):     state=UNMOUNTED 
02-01 10:43:12.368 V/MountService(  882):     fsType=null fsUuid=null fsLabel=null 
02-01 10:43:12.368 V/MountService(  882):     path=null internalPath=null 
02-01 10:43:12.368 D/VoldConnector(  882): SND -> {4 volume user_added 0 0}
02-01 10:43:12.369 D/VoldConnector(  882): RCV <- {200 4 Command succeeded}
02-01 10:43:12.381 I/ActivityManager(  882): Start proc 2570:com.android.systemui/u0a27 for service com.android.systemui/.ImageWallpaper
02-01 10:43:12.382 D/VoldConnector(  882): SND -> {5 volume mount emulated 3 -1}
02-01 10:43:12.384 V/vold    (  348): Waiting for FUSE to spin up...
02-01 10:43:12.384 D/VoldConnector(  882): RCV <- {651 emulated 1}
02-01 10:43:12.384 D/audio_hw_primary(  501): adev_set_parameters: enter: A2dpSuspended=false
02-01 10:43:12.385 D/VoldConnector(  882): RCV <- {656 emulated /data/media}
02-01 10:43:12.385 D/VoldConnector(  882): RCV <- {655 emulated /storage/emulated}
02-01 10:43:12.385 D/BluetoothManagerService(  882): Message: 20
02-01 10:43:12.386 D/UsbAlsaManager(  882): Adding ALSA device AlsaDevice: [card: 0, device: 0, type: 2]
02-01 10:43:12.386 D/UsbAlsaManager(  882): Adding ALSA device AlsaDevice: [card: 0, device: 0, type: 1]
02-01 10:43:12.386 D/BluetoothManagerService(  882): Added callback: android.bluetooth.BluetoothAdapter$1@e3a9718:true
02-01 10:43:12.386 D/UsbAlsaManager(  882): Adding ALSA device AlsaDevice: [card: 0, device: 1, type: 2]
02-01 10:43:12.386 D/UsbAlsaManager(  882): Adding ALSA device AlsaDevice: [card: 0, device: 1, type: 1]
02-01 10:43:12.386 D/UsbAlsaManager(  882): Adding ALSA device AlsaDevice: [card: 0, device: 2, type: 2]
02-01 10:43:12.386 D/UsbAlsaManager(  882): Adding ALSA device AlsaDevice: [card: 0, device: 2, type: 1]
02-01 10:43:12.386 D/UsbAlsaManager(  882): Adding ALSA device AlsaDevice: [card: 0, device: 3, type: 2]
02-01 10:43:12.386 D/UsbAlsaManager(  882): Adding ALSA device AlsaDevice: [card: 0, device: 3, type: 1]
02-01 10:43:12.386 D/UsbAlsaManager(  882): Adding ALSA device AlsaDevice: [card: 0, device: 4, type: 1]
02-01 10:43:12.386 D/UsbAlsaManager(  882): Adding ALSA device AlsaDevice: [card: 0, device: 5, type: 2]
02-01 10:43:12.386 D/UsbAlsaManager(  882): Adding ALSA device AlsaDevice: [card: 0, device: 5, type: 1]
02-01 10:43:12.386 D/UsbAlsaManager(  882): Adding ALSA device AlsaDevice: [card: 0, device: 6, type: 2]
02-01 10:43:12.386 D/UsbAlsaManager(  882): Adding ALSA device AlsaDevice: [card: 0, device: 7, type: 1]
02-01 10:43:12.386 D/UsbAlsaManager(  882): Adding ALSA device AlsaDevice: [card: 0, device: 8, type: 2]
02-01 10:43:12.386 D/BluetoothManagerService(  882): Trying to bind to profile: 1, while Bluetooth was disabled
02-01 10:43:12.386 D/BluetoothManagerService(  882): Message: 30
02-01 10:43:12.386 D/UsbAlsaManager(  882): Adding ALSA device AlsaDevice: [card: 0, device: 10, type: 2]
02-01 10:43:12.386 D/UsbAlsaManager(  882): Adding ALSA device AlsaDevice: [card: 0, device: 10, type: 1]
02-01 10:43:12.386 D/UsbAlsaManager(  882): Adding ALSA device AlsaDevice: [card: 0, device: 11, type: 2]
02-01 10:43:12.386 D/UsbAlsaManager(  882): Adding ALSA device AlsaDevice: [card: 0, device: 11, type: 1]
02-01 10:43:12.387 D/UsbAlsaManager(  882): Adding ALSA device AlsaDevice: [card: 0, device: 12, type: 2]
02-01 10:43:12.387 D/UsbAlsaManager(  882): Adding ALSA device AlsaDevice: [card: 0, device: 12, type: 1]
02-01 10:43:12.387 D/UsbAlsaManager(  882): Adding ALSA device AlsaDevice: [card: 0, device: 13, type: 2]
02-01 10:43:12.387 D/UsbAlsaManager(  882): Adding ALSA device AlsaDevice: [card: 0, device: 13, type: 1]
02-01 10:43:12.387 D/UsbAlsaManager(  882): Adding ALSA device AlsaDevice: [card: 0, device: 14, type: 2]
02-01 10:43:12.387 D/UsbAlsaManager(  882): Adding ALSA device AlsaDevice: [card: 0, device: 14, type: 1]
02-01 10:43:12.387 D/UsbAlsaManager(  882): Adding ALSA device AlsaDevice: [card: 0, device: 15, type: 2]
02-01 10:43:12.388 D/UsbAlsaManager(  882): Adding ALSA device AlsaDevice: [card: 0, device: 15, type: 1]
02-01 10:43:12.388 D/UsbAlsaManager(  882): Adding ALSA device AlsaDevice: [card: 0, device: 16, type: 2]
02-01 10:43:12.388 D/UsbAlsaManager(  882): Adding ALSA device AlsaDevice: [card: 0, device: 19, type: 2]
02-01 10:43:12.388 D/UsbAlsaManager(  882): Adding ALSA device AlsaDevice: [card: 0, device: 19, type: 1]
02-01 10:43:12.388 D/UsbAlsaManager(  882): Adding ALSA device AlsaDevice: [card: 0, device: 20, type: 2]
02-01 10:43:12.388 D/UsbAlsaManager(  882): Adding ALSA device AlsaDevice: [card: 0, device: 20, type: 1]
02-01 10:43:12.388 D/UsbAlsaManager(  882): Adding ALSA device AlsaDevice: [card: 0, device: 21, type: 1]
02-01 10:43:12.388 D/UsbAlsaManager(  882): Adding ALSA device AlsaDevice: [card: 0, device: 22, type: 2]
02-01 10:43:12.388 D/UsbAlsaManager(  882): Adding ALSA device AlsaDevice: [card: 0, device: 22, type: 1]
02-01 10:43:12.388 D/UsbAlsaManager(  882): Adding ALSA device AlsaDevice: [card: 0, device: 23, type: 2]
02-01 10:43:12.388 D/UsbAlsaManager(  882): Adding ALSA device AlsaDevice: [card: 0, device: 23, type: 1]
02-01 10:43:12.388 D/UsbAlsaManager(  882): Adding ALSA device AlsaDevice: [card: 0, device: 24, type: 2]
02-01 10:43:12.388 D/UsbAlsaManager(  882): Adding ALSA device AlsaDevice: [card: 0, device: 24, type: 1]
02-01 10:43:12.388 D/UsbAlsaManager(  882): Adding ALSA device AlsaDevice: [card: 0, device: 25, type: 2]
02-01 10:43:12.388 D/UsbAlsaManager(  882): Adding ALSA device AlsaDevice: [card: 0, device: 26, type: 1]
02-01 10:43:12.388 D/UsbAlsaManager(  882): Adding ALSA device AlsaDevice: [card: 0, device: 27, type: 2]
02-01 10:43:12.388 D/UsbAlsaManager(  882): Adding ALSA device AlsaDevice: [card: 0, device: 28, type: 2]
02-01 10:43:12.389 D/UsbAlsaManager(  882): Adding ALSA device AlsaDevice: [card: 0, device: 29, type: 2]
02-01 10:43:12.389 D/UsbAlsaManager(  882): Adding ALSA device AlsaDevice: [card: 0, device: 30, type: 2]
02-01 10:43:12.389 D/UsbAlsaManager(  882): Adding ALSA device AlsaDevice: [card: 0, device: 31, type: 2]
02-01 10:43:12.389 D/BluetoothManagerService(  882): Message: 30
02-01 10:43:12.389 D/UsbAlsaManager(  882): Adding ALSA device AlsaDevice: [card: 0, device: 32, type: 2]
02-01 10:43:12.389 D/UsbAlsaManager(  882): Adding ALSA device AlsaDevice: [card: 0, device: 33, type: 2]
02-01 10:43:12.389 D/UsbAlsaManager(  882): Adding ALSA device AlsaDevice: [card: 0, device: 34, type: 2]
02-01 10:43:12.389 D/UsbAlsaManager(  882): Adding ALSA device AlsaDevice: [card: 0, device: 35, type: 2]
02-01 10:43:12.389 D/UsbAlsaManager(  882): Adding ALSA device AlsaDevice: [card: 0, device: 35, type: 1]
02-01 10:43:12.389 D/UsbAlsaManager(  882): Adding ALSA device AlsaDevice: [card: 0, device: 36, type: 2]
02-01 10:43:12.389 D/UsbAlsaManager(  882): Adding ALSA device AlsaDevice: [card: 0, device: 36, type: 1]
02-01 10:43:12.389 D/UsbAlsaManager(  882): Adding ALSA device AlsaDevice: [card: 0, device: 43, type: 2]
02-01 10:43:12.393 I/AudioFlinger(  501): systemReady
02-01 10:43:12.402 I/SystemServer(  882): WebViewFactory preparation
02-01 10:43:12.406 W/sdcard  ( 2584): Device explicitly disabled sdcardfs
02-01 10:43:12.422 D/WebViewFactory(  882): Setting new address space to 116381696
02-01 10:43:12.423 I/UsbPortManager(  882): USB port added: port=UsbPort{id=otg_default, supportedModes=dual}, status=UsbPortStatus{connected=false, currentMode=none, currentPowerRole=no-power, currentDataRole=no-data, supportedRoleCombinations=[no-power:no-data]}, canChangeMode=true, canChangePowerRole=false, canChangeDataRole=false
02-01 10:43:12.437 D/VoldConnector(  882): RCV <- {651 emulated 2}
02-01 10:43:12.437 D/VoldConnector(  882): RCV <- {200 5 Command succeeded}
02-01 10:43:12.440 I/Zygote  (  882): Process: zygote socket opened, supported ABIS: armeabi-v7a,armeabi
02-01 10:43:12.442 I/art     (  500): Starting a blocking GC Background
02-01 10:43:12.447 E/WVMExtractor(  882): Failed to open libwvm.so: dlopen failed: library "libwvm.so" not found
02-01 10:43:12.448 W/System  ( 2570): ClassLoader referenced unknown path: /system/priv-app/SystemUI/lib/arm64
02-01 10:43:12.471 I/MediaPlayerService(  509): MediaPlayerService::getOMX
02-01 10:43:12.476 E/OMXMaster(  509): A component of name 'OMX.qcom.audio.decoder.aac' already exists, ignoring this one.
02-01 10:43:12.478 E/OMXMaster(  506): A component of name 'OMX.qcom.audio.decoder.aac' already exists, ignoring this one.
02-01 10:43:12.479 I/OMXClient(  509): MuxOMX ctor
02-01 10:43:12.482 I/MediaPlayerService(  509): MediaPlayerService::getOMX
02-01 10:43:12.482 I/OMXClient(  509): MuxOMX ctor
02-01 10:43:12.483 I/OMXMaster(  506): makeComponentInstance(OMX.google.mp3.decoder) in mediacodec process
02-01 10:43:12.494 W/ActivityManager(  882): Slow operation: 65ms so far, now at startProcess: returned from zygote!
02-01 10:43:12.494 W/ActivityManager(  882): Slow operation: 65ms so far, now at startProcess: done updating battery stats
02-01 10:43:12.494 W/ActivityManager(  882): Slow operation: 65ms so far, now at startProcess: building log message
02-01 10:43:12.494 I/ActivityManager(  882): Start proc 2610:WebViewLoader-armeabi-v7a/1037 [android.webkit.WebViewFactory$RelroFileCreator] for 
02-01 10:43:12.494 W/ActivityManager(  882): Slow operation: 65ms so far, now at startProcess: starting to update pids map
02-01 10:43:12.494 W/ActivityManager(  882): Slow operation: 65ms so far, now at startProcess: done updating pids map
02-01 10:43:12.494 W/ActivityManager(  882): Slow operation: 65ms so far, now at startProcess: done starting proc!
02-01 10:43:12.513 V/WebViewFactory( 2615): RelroFileCreator (64bit = true),  32-bit lib: /system/app/webview/webview.apk!/lib/armeabi-v7a/libwebviewchromium.so, 64-bit lib: /system/app/webview/webview.apk!/lib/arm64-v8a/libwebviewchromium.so
02-01 10:43:12.514 I/ActivityManager(  882): Start proc 2615:WebViewLoader-arm64-v8a/1037 [android.webkit.WebViewFactory$RelroFileCreator] for 
02-01 10:43:12.515 V/WebViewFactory( 2610): RelroFileCreator (64bit = false),  32-bit lib: /system/app/webview/webview.apk!/lib/armeabi-v7a/libwebviewchromium.so, 64-bit lib: /system/app/webview/webview.apk!/lib/arm64-v8a/libwebviewchromium.so
02-01 10:43:12.515 D/NetworkManagement(  882): enabling bandwidth control
02-01 10:43:12.537 I/MediaPlayerService(  509): MediaPlayerService::getOMX
02-01 10:43:12.538 I/OMXClient(  509): MuxOMX ctor
02-01 10:43:12.538 I/OMXMaster(  506): makeComponentInstance(OMX.google.amrnb.decoder) in mediacodec process
02-01 10:43:12.541 V/SystemUIService( 2570): Starting SystemUI services for user 0.
02-01 10:43:12.558 I/MediaPlayerService(  509): MediaPlayerService::getOMX
02-01 10:43:12.559 I/OMXClient(  509): MuxOMX ctor
02-01 10:43:12.559 I/OMXMaster(  506): makeComponentInstance(OMX.google.amrwb.decoder) in mediacodec process
02-01 10:43:12.571 I/MediaPlayerService(  509): MediaPlayerService::getOMX
02-01 10:43:12.572 I/OMXClient(  509): MuxOMX ctor
02-01 10:43:12.572 I/OMXMaster(  506): makeComponentInstance(OMX.google.aac.decoder) in mediacodec process
02-01 10:43:12.590 I/MediaPlayerService(  509): MediaPlayerService::getOMX
02-01 10:43:12.591 I/OMXClient(  509): MuxOMX ctor
02-01 10:43:12.591 I/OMXMaster(  506): makeComponentInstance(OMX.google.g711.alaw.decoder) in mediacodec process
02-01 10:43:12.599 V/MediaRouter( 2570): Adding route: RouteInfo{ name=Phone, description=null, status=null, category=RouteCategory{ name=null types=ROUTE_TYPE_LIVE_AUDIO ROUTE_TYPE_LIVE_VIDEO  groupable=false }, supportedTypes=ROUTE_TYPE_LIVE_AUDIO ROUTE_TYPE_LIVE_VIDEO , presentationDisplay=null }
02-01 10:43:12.603 I/art     ( 2610): System.exit called, status: 0
02-01 10:43:12.603 I/AndroidRuntime( 2610): VM exiting with result code 0, cleanup skipped.
02-01 10:43:12.608 V/MediaRouter( 2570): Updating audio routes: AudioRoutesInfo{ type=SPEAKER }
02-01 10:43:12.611 V/MediaRouter( 2570): Selecting route: RouteInfo{ name=Phone, description=null, status=null, category=RouteCategory{ name=null types=ROUTE_TYPE_LIVE_AUDIO ROUTE_TYPE_LIVE_VIDEO  groupable=false }, supportedTypes=ROUTE_TYPE_LIVE_AUDIO ROUTE_TYPE_LIVE_VIDEO , presentationDisplay=null }
02-01 10:43:12.616 I/LatinIME( 2563): Hardware accelerated drawing: true
02-01 10:43:12.639 I/art     ( 2615): System.exit called, status: 0
02-01 10:43:12.639 I/AndroidRuntime( 2615): VM exiting with result code 0, cleanup skipped.
02-01 10:43:12.661 I/MediaPlayerService(  509): MediaPlayerService::getOMX
02-01 10:43:12.662 I/OMXClient(  509): MuxOMX ctor
02-01 10:43:12.663 I/OMXMaster(  506): makeComponentInstance(OMX.google.g711.mlaw.decoder) in mediacodec process
02-01 10:43:12.665 E/WVMExtractor( 2570): Failed to open libwvm.so: dlopen failed: library "libwvm.so" not found
02-01 10:43:12.702 W/InputAttributes( 2563): No editor info for this field. Bug?
02-01 10:43:12.704 I/MediaPlayerService(  509): MediaPlayerService::getOMX
02-01 10:43:12.704 W/NetworkManagement(  882): setDataSaverMode(): already false
02-01 10:43:12.704 I/OMXClient(  509): MuxOMX ctor
02-01 10:43:12.705 I/OMXMaster(  506): makeComponentInstance(OMX.google.vorbis.decoder) in mediacodec process
02-01 10:43:12.720 I/LatinIME:LogUtils( 2563): Dictionary info: dictionary = userunigram.en_US ; version = 2716992 ; date = ?
02-01 10:43:12.723 E/ActivityThread( 2563): Failed to find provider info for user_dictionary
02-01 10:43:12.724 I/LatinIME:LogUtils( 2563): Dictionary info: dictionary = UserHistoryDictionary.en_US ; version = 2716992 ; date = ?
02-01 10:43:12.747 I/MediaPlayerService(  509): MediaPlayerService::getOMX
02-01 10:43:12.747 I/OMXClient(  509): MuxOMX ctor
02-01 10:43:12.748 I/OMXMaster(  506): makeComponentInstance(OMX.google.opus.decoder) in mediacodec process
02-01 10:43:12.762 I/LatinIME:LogUtils( 2563): Dictionary info: dictionary = main:en ; version = 54 ; date = 1414726273
02-01 10:43:12.774 I/NetworkPolicy(  882): adding default package com.android.providers.downloads (uid 10012 for user 0) to restrict background whitelist
02-01 10:43:12.780 I/MediaPlayerService(  509): MediaPlayerService::getOMX
02-01 10:43:12.780 I/OMXClient(  509): MuxOMX ctor
02-01 10:43:12.781 I/OMXMaster(  506): makeComponentInstance(OMX.google.raw.decoder) in mediacodec process
02-01 10:43:12.785 I/MediaPlayerService(  509): MediaPlayerService::getOMX
02-01 10:43:12.786 I/OMXClient(  509): MuxOMX ctor
02-01 10:43:12.786 I/OMXMaster(  506): makeComponentInstance(OMX.google.aac.encoder) in mediacodec process
02-01 10:43:12.788 I/vol.Events( 2570): writeEvent collection_started
02-01 10:43:12.793 I/vol.Events( 2570): writeEvent external_ringer_mode_changed normal
02-01 10:43:12.793 I/vol.Events( 2570): writeEvent internal_ringer_mode_changed normal
02-01 10:43:12.796 I/MediaPlayerService(  509): MediaPlayerService::getOMX
02-01 10:43:12.797 I/OMXClient(  509): MuxOMX ctor
02-01 10:43:12.797 I/OMXMaster(  506): makeComponentInstance(OMX.google.amrnb.encoder) in mediacodec process
02-01 10:43:12.803 I/MediaPlayerService(  509): MediaPlayerService::getOMX
02-01 10:43:12.803 I/OMXClient(  509): MuxOMX ctor
02-01 10:43:12.803 I/OMXMaster(  506): makeComponentInstance(OMX.google.amrwb.encoder) in mediacodec process
02-01 10:43:12.808 I/MediaPlayerService(  509): MediaPlayerService::getOMX
02-01 10:43:12.809 I/OMXClient(  509): MuxOMX ctor
02-01 10:43:12.809 I/OMXMaster(  506): makeComponentInstance(OMX.google.flac.encoder) in mediacodec process
02-01 10:43:12.824 D/NetworkPolicy(  882): setRestrictBackgroundLocked(): false
02-01 10:43:12.825 W/NetworkManagement(  882): setDataSaverMode(): already false
02-01 10:43:12.851 I/MediaPlayerService(  509): MediaPlayerService::getOMX
02-01 10:43:12.851 I/OMXClient(  509): MuxOMX ctor
02-01 10:43:12.852 I/OMXMaster(  506): makeComponentInstance(OMX.google.gsm.decoder) in mediacodec process
02-01 10:43:12.871 I/vol.Events( 2570): writeEvent level_changed STREAM_ALARM 6
02-01 10:43:12.873 I/vol.Events( 2570): writeEvent level_changed STREAM_BLUETOOTH_SCO 7
02-01 10:43:12.875 I/vol.Events( 2570): writeEvent level_changed STREAM_MUSIC 11
02-01 10:43:12.878 I/vol.Events( 2570): writeEvent level_changed STREAM_RING 5
02-01 10:43:12.879 I/vol.Events( 2570): writeEvent level_changed STREAM_SYSTEM 5
02-01 10:43:12.882 I/vol.Events( 2570): writeEvent level_changed STREAM_VOICE_CALL 5
02-01 10:43:12.885 I/MediaPlayerService(  509): MediaPlayerService::getOMX
02-01 10:43:12.887 I/OMXClient(  509): MuxOMX ctor
02-01 10:43:12.887 I/OMXMaster(  506): makeComponentInstance(OMX.qcom.video.encoder.mpeg4) in mediacodec process
02-01 10:43:12.913 D/StorageNotification( 2570): Notifying about private volume: VolumeInfo{private}:
02-01 10:43:12.913 D/StorageNotification( 2570):     type=PRIVATE diskId=null partGuid=null mountFlags=0 mountUserId=-1 
02-01 10:43:12.913 D/StorageNotification( 2570):     state=MOUNTED 
02-01 10:43:12.913 D/StorageNotification( 2570):     fsType=null fsUuid=null fsLabel=null 
02-01 10:43:12.913 D/StorageNotification( 2570):     path=/data internalPath=null 
02-01 10:43:12.926 I/SystemServiceManager(  882): Starting phase 600
02-01 10:43:12.936 D/SensorNotificationService(  882): Cannot obtain dynamic meta sensor, not supported.
02-01 10:43:12.947 E/LocSvc_afw(  882): E/get_extension: Invalid interface passed in
02-01 10:43:12.960 E/LocSvc_afw(  882): E/get_extension: Invalid interface passed in
02-01 10:43:12.965 I/GnssLocationProvider(  882): WakeLock acquired by sendMessage(13, 0, null)
02-01 10:43:12.966 E/LocSvc_eng(  882): W/set_server called before init. save the address, type: 3, hostname: supl.google.com, port: 7275
02-01 10:43:12.967 D/GnssLocationProvider(  882): GPS configuration:
02-01 10:43:12.967 D/GnssLocationProvider(  882):  #Sun Feb 01 10:43:12 GMT+00:00 1970
02-01 10:43:12.967 D/GnssLocationProvider(  882): A_GLONASS_POS_PROTOCOL_SELECT=0
02-01 10:43:12.967 D/GnssLocationProvider(  882): DEBUG_LEVEL=3
02-01 10:43:12.967 D/GnssLocationProvider(  882): ERR_ESTIMATE=0
02-01 10:43:12.967 D/GnssLocationProvider(  882): SUPL_PORT=7275
02-01 10:43:12.967 D/GnssLocationProvider(  882): CAPABILITIES=0x37
02-01 10:43:12.967 D/GnssLocationProvider(  882): SUPL_ES=0
02-01 10:43:12.967 D/GnssLocationProvider(  882): XTRA_SERVER_3=http\://xtrapath3.izatcloud.net/xtra2.bin
02-01 10:43:12.967 D/GnssLocationProvider(  882): XTRA_SERVER_2=http\://xtrapath2.izatcloud.net/xtra2.bin
02-01 10:43:12.967 D/GnssLocationProvider(  882): SUPL_VER=0x20000
02-01 10:43:12.967 D/GnssLocationProvider(  882): LPP_PROFILE=0
02-01 10:43:12.967 D/GnssLocationProvider(  882): XTRA_SERVER_1=http\://xtrapath1.izatcloud.net/xtra2.bin
02-01 10:43:12.967 D/GnssLocationProvider(  882): NMEA_PROVIDER=0
02-01 10:43:12.967 D/GnssLocationProvider(  882): XTRA_SERVER_QUERY=0
02-01 10:43:12.967 D/GnssLocationProvider(  882): SUPL_MODE=1
02-01 10:43:12.967 D/GnssLocationProvider(  882): INTERMEDIATE_POS=0
02-01 10:43:12.967 D/GnssLocationProvider(  882): NTP_SERVER=north-america.pool.ntp.org
02-01 10:43:12.967 D/GnssLocationProvider(  882): SUPL_HOST=supl.google.com
02-01 10:43:12.969 W/LocationProviderProxy-network(  882): Odd, no component found for service com.android.location.service.v3.NetworkLocationProvider
02-01 10:43:12.972 W/GeocoderProxy(  882): Odd, no component found for service com.android.location.service.GeocodeProvider
02-01 10:43:12.979 V/FlpHardwareProvider(  882): Callback thread attached: 0x7968817b80
02-01 10:43:12.984 W/FusedProxy(  882): Odd, no component found for service com.android.location.service.FusedProvider
02-01 10:43:12.987 W/GeofenceProxy(  882): Odd, no component found for service com.android.location.service.GeofenceProvider
02-01 10:43:12.990 E/QC-QMI  (  493): qmi_qmux_open_connection: connection is disabled for conn_id=29
02-01 10:43:12.990 E/QC-QMI  (  493): qmi_qmux_tx_msg: failed to open inactive connd_id=29
02-01 10:43:12.990 E/QC-QMI  (  493): qmi_qmux: TX failed, connection inactive or in reset, conn_id=29, status_flags=4
02-01 10:43:12.990 E/QC-QMI  (  493): qmi_ctl_tx_msg: qmi_qmux_tx_msg failed
02-01 10:43:12.990 E/QC-QMI  (  493): qmi_ctl_handle_request: qmi_ctl_tx_msg call failed
02-01 10:43:12.991 E/QC-QMI  (  493): qmi_qmux_open_connection: connection is disabled for conn_id=29
02-01 10:43:12.991 E/QC-QMI  (  493): qmi_qmux_tx_msg: failed to open inactive connd_id=29
02-01 10:43:12.991 I/ActivityRecognitionHAL(  882): open_activity
02-01 10:43:12.991 E/QC-QMI  (  493): qmi_qmux: TX failed, connection inactive or in reset, conn_id=29, status_flags=4
02-01 10:43:12.991 E/QC-QMI  (  493): qmi_ctl_tx_msg: qmi_qmux_tx_msg failed
02-01 10:43:12.991 E/QC-QMI  (  493): qmi_ctl_handle_request: qmi_ctl_tx_msg call failed
02-01 10:43:12.992 E/QC-QMI  (  493): qmi_qmux_open_connection: connection is disabled for conn_id=29
02-01 10:43:12.992 I/StatusBarManagerService(  882): registerStatusBar bar=com.android.internal.statusbar.IStatusBar$Stub$Proxy@a7fdcf
02-01 10:43:12.992 E/QC-QMI  (  493): qmi_qmux_tx_msg: failed to open inactive connd_id=29
02-01 10:43:12.992 E/QC-QMI  (  493): qmi_qmux: TX failed, connection inactive or in reset, conn_id=29, status_flags=4
02-01 10:43:12.992 E/QC-QMI  (  493): qmi_ctl_tx_msg: qmi_qmux_tx_msg failed
02-01 10:43:12.992 E/QC-QMI  (  493): qmi_ctl_handle_request: qmi_ctl_tx_msg call failed
02-01 10:43:12.992 E/OMX-VENC(  506): Setting session priority failed
02-01 10:43:12.993 D/EventHub(  882): No input device configuration file found for device 'uinput-folio'.
02-01 10:43:12.993 E/QC-QMI  (  493): qmi_qmux_open_connection: connection is disabled for conn_id=48
02-01 10:43:12.993 E/QC-QMI  (  493): qmi_qmux_tx_msg: failed to open inactive connd_id=48
02-01 10:43:12.993 I/EventHub(  882): New device: id=7, fd=184, path='/dev/input/event6', name='uinput-folio', classes=0x80, configuration='', keyLayout='', keyCharacterMap='', builtinKeyboard=false, wakeMechanism=EPOLLWAKEUP, usingClockIoctl=true
02-01 10:43:12.993 E/QC-QMI  (  493): qmi_qmux: TX failed, connection inactive or in reset, conn_id=48, status_flags=4
02-01 10:43:12.993 E/QC-QMI  (  493): qmi_ctl_tx_msg: qmi_qmux_tx_msg failed
02-01 10:43:12.993 E/QC-QMI  (  493): qmi_ctl_handle_request: qmi_ctl_tx_msg call failed
02-01 10:43:12.993 I/OMX-VENC(  506): Component_init : OMX.qcom.video.encoder.mpeg4 : return = 0x0
02-01 10:43:12.993 I/InputReader(  882): Device added: id=7, name='uinput-folio', sources=0x80000000
02-01 10:43:12.994 E/OMX-VENC(  506): get_parameter: OMX_IndexParamVideoProfileLevelQuerySupported nProfileIndex ret NoMore 2
02-01 10:43:12.994 W/ACodec  (  509): do not know color format 0x7fa30c04 = 2141391876
02-01 10:43:12.995 W/ACodec  (  509): do not know color format 0x7f000789 = 2130708361
02-01 10:43:12.995 E/QC-QMI  (  493): qmi_qmux_open_connection: connection is disabled for conn_id=48
02-01 10:43:12.995 E/QC-QMI  (  493): qmi_qmux_tx_msg: failed to open inactive connd_id=48
02-01 10:43:12.995 E/QC-QMI  (  493): qmi_qmux: TX failed, connection inactive or in reset, conn_id=48, status_flags=4
02-01 10:43:12.995 E/QC-QMI  (  493): qmi_ctl_tx_msg: qmi_qmux_tx_msg failed
02-01 10:43:12.995 E/QC-QMI  (  493): qmi_ctl_handle_request: qmi_ctl_tx_msg call failed
02-01 10:43:12.996 I/OMX-VENC(  506): Component Deinit
02-01 10:43:12.997 E/QC-QMI  (  493): qmi_qmux_open_connection: connection is disabled for conn_id=57
02-01 10:43:12.997 E/QC-QMI  (  493): qmi_qmux_tx_msg: failed to open inactive connd_id=57
02-01 10:43:12.997 E/QC-QMI  (  493): qmi_qmux: TX failed, connection inactive or in reset, conn_id=57, status_flags=4
02-01 10:43:12.997 E/QC-QMI  (  493): qmi_ctl_tx_msg: qmi_qmux_tx_msg failed
02-01 10:43:12.997 E/QC-QMI  (  493): qmi_ctl_handle_request: qmi_ctl_tx_msg call failed
02-01 10:43:12.998 E/QC-QMI  (  493): qmi_qmux_open_connection: connection is disabled for conn_id=57
02-01 10:43:12.998 E/QC-QMI  (  493): qmi_qmux_tx_msg: failed to open inactive connd_id=57
02-01 10:43:12.998 E/QC-QMI  (  493): qmi_qmux: TX failed, connection inactive or in reset, conn_id=57, status_flags=4
02-01 10:43:12.998 E/QC-QMI  (  493): qmi_ctl_tx_msg: qmi_qmux_tx_msg failed
02-01 10:43:12.998 E/QC-QMI  (  493): qmi_ctl_handle_request: qmi_ctl_tx_msg call failed
02-01 10:43:12.998 E/QC-QMI  (  493): qmi_qmux_open_connection: connection is disabled for conn_id=29
02-01 10:43:12.998 E/QC-QMI  (  493): qmi_qmux_tx_msg: failed to open inactive connd_id=29
02-01 10:43:12.998 E/QC-QMI  (  493): qmi_qmux: TX failed, connection inactive or in reset, conn_id=29, status_flags=4
02-01 10:43:12.998 E/QC-QMI  (  493): qmi_ctl_tx_msg: qmi_qmux_tx_msg failed
02-01 10:43:12.998 E/QC-QMI  (  493): qmi_ctl_handle_request: qmi_ctl_tx_msg call failed
02-01 10:43:12.999 E/QC-QMI  (  493): qmi_qmux_open_connection: connection is disabled for conn_id=29
02-01 10:43:12.999 E/QC-QMI  (  493): qmi_qmux_tx_msg: failed to open inactive connd_id=29
02-01 10:43:12.999 E/QC-QMI  (  493): qmi_qmux: TX failed, connection inactive or in reset, conn_id=29, status_flags=4
02-01 10:43:12.999 E/QC-QMI  (  493): qmi_ctl_tx_msg: qmi_qmux_tx_msg failed
02-01 10:43:12.999 E/QC-QMI  (  493): qmi_ctl_handle_request: qmi_ctl_tx_msg call failed
02-01 10:43:13.000 E/QC-QMI  (  493): qmi_qmux_open_connection: connection is disabled for conn_id=48
02-01 10:43:13.000 E/QC-QMI  (  493): qmi_qmux_tx_msg: failed to open inactive connd_id=48
02-01 10:43:13.000 E/QC-QMI  (  493): qmi_qmux: TX failed, connection inactive or in reset, conn_id=48, status_flags=4
02-01 10:43:13.000 E/QC-QMI  (  493): qmi_ctl_tx_msg: qmi_qmux_tx_msg failed
02-01 10:43:13.000 E/QC-QMI  (  493): qmi_ctl_handle_request: qmi_ctl_tx_msg call failed
02-01 10:43:13.000 E/QC-QMI  (  493): qmi_qmux_open_connection: connection is disabled for conn_id=48
02-01 10:43:13.000 E/QC-QMI  (  493): qmi_qmux_tx_msg: failed to open inactive connd_id=48
02-01 10:43:13.000 E/QC-QMI  (  493): qmi_qmux: TX failed, connection inactive or in reset, conn_id=48, status_flags=4
02-01 10:43:13.000 E/QC-QMI  (  493): qmi_ctl_tx_msg: qmi_qmux_tx_msg failed
02-01 10:43:13.001 E/QC-QMI  (  493): qmi_ctl_handle_request: qmi_ctl_tx_msg call failed
02-01 10:43:13.001 E/QC-QMI  (  493): qmi_qmux_open_connection: connection is disabled for conn_id=57
02-01 10:43:13.001 E/QC-QMI  (  493): qmi_qmux_tx_msg: failed to open inactive connd_id=57
02-01 10:43:13.001 E/QC-QMI  (  493): qmi_qmux: TX failed, connection inactive or in reset, conn_id=57, status_flags=4
02-01 10:43:13.001 E/QC-QMI  (  493): qmi_ctl_tx_msg: qmi_qmux_tx_msg failed
02-01 10:43:13.001 E/QC-QMI  (  493): qmi_ctl_handle_request: qmi_ctl_tx_msg call failed
02-01 10:43:13.002 E/QC-QMI  (  493): qmi_qmux_open_connection: connection is disabled for conn_id=57
02-01 10:43:13.002 E/QC-QMI  (  493): qmi_qmux_tx_msg: failed to open inactive connd_id=57
02-01 10:43:13.002 E/QC-QMI  (  493): qmi_qmux: TX failed, connection inactive or in reset, conn_id=57, status_flags=4
02-01 10:43:13.002 E/QC-QMI  (  493): qmi_ctl_tx_msg: qmi_qmux_tx_msg failed
02-01 10:43:13.002 E/QC-QMI  (  493): qmi_ctl_handle_request: qmi_ctl_tx_msg call failed
02-01 10:43:13.002 E/QC-QMI  (  493): qmi_qmux_open_connection: connection is disabled for conn_id=29
02-01 10:43:13.002 E/QC-QMI  (  493): qmi_qmux_tx_msg: failed to open inactive connd_id=29
02-01 10:43:13.002 E/QC-QMI  (  493): qmi_qmux: TX failed, connection inactive or in reset, conn_id=29, status_flags=4
02-01 10:43:13.002 E/QC-QMI  (  493): qmi_ctl_tx_msg: qmi_qmux_tx_msg failed
02-01 10:43:13.002 E/QC-QMI  (  493): qmi_ctl_handle_request: qmi_ctl_tx_msg call failed
02-01 10:43:13.003 E/QC-QMI  (  493): qmi_qmux_open_connection: connection is disabled for conn_id=29
02-01 10:43:13.003 E/QC-QMI  (  493): qmi_qmux_tx_msg: failed to open inactive connd_id=29
02-01 10:43:13.003 E/QC-QMI  (  493): qmi_qmux: TX failed, connection inactive or in reset, conn_id=29, status_flags=4
02-01 10:43:13.003 E/QC-QMI  (  493): qmi_ctl_tx_msg: qmi_qmux_tx_msg failed
02-01 10:43:13.003 E/QC-QMI  (  493): qmi_ctl_handle_request: qmi_ctl_tx_msg call failed
02-01 10:43:13.003 E/QC-QMI  (  493): qmi_qmux_open_connection: connection is disabled for conn_id=48
02-01 10:43:13.003 E/QC-QMI  (  493): qmi_qmux_tx_msg: failed to open inactive connd_id=48
02-01 10:43:13.004 E/QC-QMI  (  493): qmi_qmux: TX failed, connection inactive or in reset, conn_id=48, status_flags=4
02-01 10:43:13.005 I/MediaPlayerService(  509): MediaPlayerService::getOMX
02-01 10:43:13.005 I/OMXClient(  509): MuxOMX ctor
02-01 10:43:13.005 I/OMXMaster(  506): makeComponentInstance(OMX.qcom.video.encoder.h263) in mediacodec process
02-01 10:43:13.007 E/QC-QMI  (  493): qmi_ctl_tx_msg: qmi_qmux_tx_msg failed
02-01 10:43:13.008 E/QC-QMI  (  493): qmi_ctl_handle_request: qmi_ctl_tx_msg call failed
02-01 10:43:13.008 E/OMX-VENC(  506): Setting session priority failed
02-01 10:43:13.008 E/QC-QMI  (  493): qmi_qmux_open_connection: connection is disabled for conn_id=48
02-01 10:43:13.008 E/QC-QMI  (  493): qmi_qmux_tx_msg: failed to open inactive connd_id=48
02-01 10:43:13.008 E/QC-QMI  (  493): qmi_qmux: TX failed, connection inactive or in reset, conn_id=48, status_flags=4
02-01 10:43:13.008 E/QC-QMI  (  493): qmi_ctl_tx_msg: qmi_qmux_tx_msg failed
02-01 10:43:13.008 E/QC-QMI  (  493): qmi_ctl_handle_request: qmi_ctl_tx_msg call failed
02-01 10:43:13.009 E/QC-QMI  (  493): qmi_qmux_open_connection: connection is disabled for conn_id=57
02-01 10:43:13.009 E/QC-QMI  (  493): qmi_qmux_tx_msg: failed to open inactive connd_id=57
02-01 10:43:13.009 E/QC-QMI  (  493): qmi_qmux: TX failed, connection inactive or in reset, conn_id=57, status_flags=4
02-01 10:43:13.009 E/QC-QMI  (  493): qmi_ctl_tx_msg: qmi_qmux_tx_msg failed
02-01 10:43:13.009 E/QC-QMI  (  493): qmi_ctl_handle_request: qmi_ctl_tx_msg call failed
02-01 10:43:13.009 E/QC-QMI  (  493): qmi_qmux_open_connection: connection is disabled for conn_id=57
02-01 10:43:13.009 E/QC-QMI  (  493): qmi_qmux_tx_msg: failed to open inactive connd_id=57
02-01 10:43:13.009 E/QC-QMI  (  493): qmi_qmux: TX failed, connection inactive or in reset, conn_id=57, status_flags=4
02-01 10:43:13.009 E/QC-QMI  (  493): qmi_ctl_tx_msg: qmi_qmux_tx_msg failed
02-01 10:43:13.009 E/QC-QMI  (  493): qmi_ctl_handle_request: qmi_ctl_tx_msg call failed
02-01 10:43:13.009 I/OMX-VENC(  506): Component_init : OMX.qcom.video.encoder.h263 : return = 0x0
02-01 10:43:13.010 E/QC-QMI  (  493): qmi_qmux_open_connection: connection is disabled for conn_id=29
02-01 10:43:13.010 E/QC-QMI  (  493): qmi_qmux_tx_msg: failed to open inactive connd_id=29
02-01 10:43:13.010 E/QC-QMI  (  493): qmi_qmux: TX failed, connection inactive or in reset, conn_id=29, status_flags=4
02-01 10:43:13.010 E/QC-QMI  (  493): qmi_ctl_tx_msg: qmi_qmux_tx_msg failed
02-01 10:43:13.010 E/QC-QMI  (  493): qmi_ctl_handle_request: qmi_ctl_tx_msg call failed
02-01 10:43:13.010 E/OMX-VENC(  506): get_parameter: OMX_IndexParamVideoProfileLevelQuerySupported nProfileIndex ret NoMore 1
02-01 10:43:13.010 W/ACodec  (  509): do not know color format 0x7fa30c04 = 2141391876
02-01 10:43:13.011 E/QC-QMI  (  493): qmi_qmux_open_connection: connection is disabled for conn_id=29
02-01 10:43:13.011 E/QC-QMI  (  493): qmi_qmux_tx_msg: failed to open inactive connd_id=29
02-01 10:43:13.011 E/QC-QMI  (  493): qmi_qmux: TX failed, connection inactive or in reset, conn_id=29, status_flags=4
02-01 10:43:13.011 E/QC-QMI  (  493): qmi_ctl_tx_msg: qmi_qmux_tx_msg failed
02-01 10:43:13.011 E/QC-QMI  (  493): qmi_ctl_handle_request: qmi_ctl_tx_msg call failed
02-01 10:43:13.011 W/ACodec  (  509): do not know color format 0x7f000789 = 2130708361
02-01 10:43:13.011 E/QC-QMI  (  493): qmi_qmux_open_connection: connection is disabled for conn_id=48
02-01 10:43:13.011 E/QC-QMI  (  493): qmi_qmux_tx_msg: failed to open inactive connd_id=48
02-01 10:43:13.012 E/QC-QMI  (  493): qmi_qmux: TX failed, connection inactive or in reset, conn_id=48, status_flags=4
02-01 10:43:13.012 E/QC-QMI  (  493): qmi_ctl_tx_msg: qmi_qmux_tx_msg failed
02-01 10:43:13.012 E/QC-QMI  (  493): qmi_ctl_handle_request: qmi_ctl_tx_msg call failed
02-01 10:43:13.013 E/QC-QMI  (  493): qmi_qmux_open_connection: connection is disabled for conn_id=48
02-01 10:43:13.013 E/QC-QMI  (  493): qmi_qmux_tx_msg: failed to open inactive connd_id=48
02-01 10:43:13.013 E/QC-QMI  (  493): qmi_qmux: TX failed, connection inactive or in reset, conn_id=48, status_flags=4
02-01 10:43:13.013 E/QC-QMI  (  493): qmi_ctl_tx_msg: qmi_qmux_tx_msg failed
02-01 10:43:13.013 E/QC-QMI  (  493): qmi_ctl_handle_request: qmi_ctl_tx_msg call failed
02-01 10:43:13.014 E/QC-QMI  (  493): qmi_qmux_open_connection: connection is disabled for conn_id=57
02-01 10:43:13.014 E/QC-QMI  (  493): qmi_qmux_tx_msg: failed to open inactive connd_id=57
02-01 10:43:13.014 E/QC-QMI  (  493): qmi_qmux: TX failed, connection inactive or in reset, conn_id=57, status_flags=4
02-01 10:43:13.014 E/QC-QMI  (  493): qmi_ctl_tx_msg: qmi_qmux_tx_msg failed
02-01 10:43:13.014 E/QC-QMI  (  493): qmi_ctl_handle_request: qmi_ctl_tx_msg call failed
02-01 10:43:13.014 I/OMX-VENC(  506): Component Deinit
02-01 10:43:13.014 E/QC-QMI  (  493): qmi_qmux_open_connection: connection is disabled for conn_id=57
02-01 10:43:13.014 E/QC-QMI  (  493): qmi_qmux_tx_msg: failed to open inactive connd_id=57
02-01 10:43:13.014 E/QC-QMI  (  493): qmi_qmux: TX failed, connection inactive or in reset, conn_id=57, status_flags=4
02-01 10:43:13.014 E/QC-QMI  (  493): qmi_ctl_tx_msg: qmi_qmux_tx_msg failed
02-01 10:43:13.014 E/QC-QMI  (  493): qmi_ctl_handle_request: qmi_ctl_tx_msg call failed
02-01 10:43:13.015 E/QC-QMI  (  882): qmi_client [882] 14: failed to locate client data
02-01 10:43:13.015 I/MediaPlayerService(  509): MediaPlayerService::getOMX
02-01 10:43:13.016 E/QC-QMI  (  493): qmuxd: RX on fd=21 returned error=0 errno[2:No such file or directory]
02-01 10:43:13.016 E/QC-QMI  (  493): QMUX qmux_client_id=14 not found in qmux client list, unable to remove
02-01 10:43:13.016 I/OMXClient(  509): MuxOMX ctor
02-01 10:43:13.016 I/OMXMaster(  506): makeComponentInstance(OMX.qcom.video.encoder.avc) in mediacodec process
02-01 10:43:13.019 E/OMX-VENC(  506): Setting session priority failed
02-01 10:43:13.021 I/OMX-VENC(  506): Component_init : OMX.qcom.video.encoder.avc : return = 0x0
02-01 10:43:13.022 W/ACodec  (  509): do not know color format 0x7fa30c04 = 2141391876
02-01 10:43:13.023 W/ACodec  (  509): do not know color format 0x7f000789 = 2130708361
02-01 10:43:13.025 I/OMX-VENC(  506): Component Deinit
02-01 10:43:13.026 E/FlpHardwareProvider(  882): Attempted to associate callback in 'SetThreadEvent'. Callback already associated.
02-01 10:43:13.026 I/MediaPlayerService(  509): MediaPlayerService::getOMX
02-01 10:43:13.027 I/OMXClient(  509): MuxOMX ctor
02-01 10:43:13.028 I/OMXMaster(  506): makeComponentInstance(OMX.qcom.video.encoder.vp8) in mediacodec process
02-01 10:43:13.031 E/OMX-VENC(  506): Setting session priority failed
02-01 10:43:13.031 E/QC-QMI  (  493): qmi_qmux_open_connection: connection is disabled for conn_id=29
02-01 10:43:13.031 E/QC-QMI  (  493): qmi_qmux_tx_msg: failed to open inactive connd_id=29
02-01 10:43:13.031 E/QC-QMI  (  493): qmi_qmux: TX failed, connection inactive or in reset, conn_id=29, status_flags=4
02-01 10:43:13.031 E/QC-QMI  (  493): qmi_ctl_tx_msg: qmi_qmux_tx_msg failed
02-01 10:43:13.031 E/QC-QMI  (  493): qmi_ctl_handle_request: qmi_ctl_tx_msg call failed
02-01 10:43:13.032 E/QC-QMI  (  493): qmi_qmux_open_connection: connection is disabled for conn_id=29
02-01 10:43:13.032 E/QC-QMI  (  493): qmi_qmux_tx_msg: failed to open inactive connd_id=29
02-01 10:43:13.033 E/QC-QMI  (  493): qmi_qmux: TX failed, connection inactive or in reset, conn_id=29, status_flags=4
02-01 10:43:13.033 E/QC-QMI  (  493): qmi_ctl_tx_msg: qmi_qmux_tx_msg failed
02-01 10:43:13.033 E/QC-QMI  (  493): qmi_ctl_handle_request: qmi_ctl_tx_msg call failed
02-01 10:43:13.033 I/OMX-VENC(  506): Component_init : OMX.qcom.video.encoder.vp8 : return = 0x0
02-01 10:43:13.033 E/QC-QMI  (  493): qmi_qmux_open_connection: connection is disabled for conn_id=48
02-01 10:43:13.033 E/QC-QMI  (  493): qmi_qmux_tx_msg: failed to open inactive connd_id=48
02-01 10:43:13.033 E/QC-QMI  (  493): qmi_qmux: TX failed, connection inactive or in reset, conn_id=48, status_flags=4
02-01 10:43:13.033 E/QC-QMI  (  493): qmi_ctl_tx_msg: qmi_qmux_tx_msg failed
02-01 10:43:13.033 E/QC-QMI  (  493): qmi_ctl_handle_request: qmi_ctl_tx_msg call failed
02-01 10:43:13.034 E/QC-QMI  (  493): qmi_qmux_open_connection: connection is disabled for conn_id=48
02-01 10:43:13.034 E/QC-QMI  (  493): qmi_qmux_tx_msg: failed to open inactive connd_id=48
02-01 10:43:13.035 E/QC-QMI  (  493): qmi_qmux: TX failed, connection inactive or in reset, conn_id=48, status_flags=4
02-01 10:43:13.035 E/QC-QMI  (  493): qmi_ctl_tx_msg: qmi_qmux_tx_msg failed
02-01 10:43:13.035 E/QC-QMI  (  493): qmi_ctl_handle_request: qmi_ctl_tx_msg call failed
02-01 10:43:13.035 W/ACodec  (  509): do not know color format 0x7fa30c04 = 2141391876
02-01 10:43:13.035 W/ACodec  (  509): do not know color format 0x7f000789 = 2130708361
02-01 10:43:13.035 E/QC-QMI  (  493): qmi_qmux_open_connection: connection is disabled for conn_id=57
02-01 10:43:13.035 E/QC-QMI  (  493): qmi_qmux_tx_msg: failed to open inactive connd_id=57
02-01 10:43:13.035 E/QC-QMI  (  493): qmi_qmux: TX failed, connection inactive or in reset, conn_id=57, status_flags=4
02-01 10:43:13.035 E/QC-QMI  (  493): qmi_ctl_tx_msg: qmi_qmux_tx_msg failed
02-01 10:43:13.035 E/QC-QMI  (  493): qmi_ctl_handle_request: qmi_ctl_tx_msg call failed
02-01 10:43:13.036 E/QC-QMI  (  493): qmi_qmux_open_connection: connection is disabled for conn_id=57
02-01 10:43:13.036 E/QC-QMI  (  493): qmi_qmux_tx_msg: failed to open inactive connd_id=57
02-01 10:43:13.036 E/QC-QMI  (  493): qmi_qmux: TX failed, connection inactive or in reset, conn_id=57, status_flags=4
02-01 10:43:13.036 E/QC-QMI  (  493): qmi_ctl_tx_msg: qmi_qmux_tx_msg failed
02-01 10:43:13.036 E/QC-QMI  (  493): qmi_ctl_handle_request: qmi_ctl_tx_msg call failed
02-01 10:43:13.037 I/OMX-VENC(  506): Component Deinit
02-01 10:43:13.038 E/QC-QMI  (  493): qmi_qmux_open_connection: connection is disabled for conn_id=29
02-01 10:43:13.038 E/QC-QMI  (  493): qmi_qmux_tx_msg: failed to open inactive connd_id=29
02-01 10:43:13.038 E/QC-QMI  (  493): qmi_qmux: TX failed, connection inactive or in reset, conn_id=29, status_flags=4
02-01 10:43:13.038 E/QC-QMI  (  493): qmi_ctl_tx_msg: qmi_qmux_tx_msg failed
02-01 10:43:13.038 E/QC-QMI  (  493): qmi_ctl_handle_request: qmi_ctl_tx_msg call failed
02-01 10:43:13.039 I/MediaPlayerService(  509): MediaPlayerService::getOMX
02-01 10:43:13.039 E/QC-QMI  (  493): qmi_qmux_open_connection: connection is disabled for conn_id=29
02-01 10:43:13.039 E/QC-QMI  (  493): qmi_qmux_tx_msg: failed to open inactive connd_id=29
02-01 10:43:13.039 E/QC-QMI  (  493): qmi_qmux: TX failed, connection inactive or in reset, conn_id=29, status_flags=4
02-01 10:43:13.039 E/QC-QMI  (  493): qmi_ctl_tx_msg: qmi_qmux_tx_msg failed
02-01 10:43:13.039 E/QC-QMI  (  493): qmi_ctl_handle_request: qmi_ctl_tx_msg call failed
02-01 10:43:13.040 I/OMXClient(  509): MuxOMX ctor
02-01 10:43:13.040 I/OMXMaster(  506): makeComponentInstance(OMX.qcom.video.decoder.avc) in mediacodec process
02-01 10:43:13.044 E/QC-QMI  (  493): qmi_qmux_open_connection: connection is disabled for conn_id=48
02-01 10:43:13.044 E/QC-QMI  (  493): qmi_qmux_tx_msg: failed to open inactive connd_id=48
02-01 10:43:13.044 E/QC-QMI  (  493): qmi_qmux: TX failed, connection inactive or in reset, conn_id=48, status_flags=4
02-01 10:43:13.044 E/QC-QMI  (  493): qmi_ctl_tx_msg: qmi_qmux_tx_msg failed
02-01 10:43:13.044 E/QC-QMI  (  493): qmi_ctl_handle_request: qmi_ctl_tx_msg call failed
02-01 10:43:13.045 E/QC-QMI  (  493): qmi_qmux_open_connection: connection is disabled for conn_id=48
02-01 10:43:13.045 E/QC-QMI  (  493): qmi_qmux_tx_msg: failed to open inactive connd_id=48
02-01 10:43:13.045 E/QC-QMI  (  493): qmi_qmux: TX failed, connection inactive or in reset, conn_id=48, status_flags=4
02-01 10:43:13.045 E/QC-QMI  (  493): qmi_ctl_tx_msg: qmi_qmux_tx_msg failed
02-01 10:43:13.045 E/QC-QMI  (  493): qmi_ctl_handle_request: qmi_ctl_tx_msg call failed
02-01 10:43:13.045 E/QC-QMI  (  493): qmi_qmux_open_connection: connection is disabled for conn_id=57
02-01 10:43:13.045 E/QC-QMI  (  493): qmi_qmux_tx_msg: failed to open inactive connd_id=57
02-01 10:43:13.045 E/QC-QMI  (  493): qmi_qmux: TX failed, connection inactive or in reset, conn_id=57, status_flags=4
02-01 10:43:13.045 E/QC-QMI  (  493): qmi_ctl_tx_msg: qmi_qmux_tx_msg failed
02-01 10:43:13.046 E/QC-QMI  (  493): qmi_ctl_handle_request: qmi_ctl_tx_msg call failed
02-01 10:43:13.047 I/OMX-VDEC-1080P(  506): component_init: OMX.qcom.video.decoder.avc : fd=8
02-01 10:43:13.047 I/OMX-VDEC-1080P(  506): Capabilities: driver_name = msm_vidc_driver, card = msm_vdec_8974, bus_info = , version = 1, capabilities = 4003000
02-01 10:43:13.047 E/QC-QMI  (  493): qmi_qmux_open_connection: connection is disabled for conn_id=57
02-01 10:43:13.047 E/QC-QMI  (  493): qmi_qmux_tx_msg: failed to open inactive connd_id=57
02-01 10:43:13.047 E/QC-QMI  (  493): qmi_qmux: TX failed, connection inactive or in reset, conn_id=57, status_flags=4
02-01 10:43:13.047 E/QC-QMI  (  493): qmi_ctl_tx_msg: qmi_qmux_tx_msg failed
02-01 10:43:13.047 E/QC-QMI  (  493): qmi_ctl_handle_request: qmi_ctl_tx_msg call failed
02-01 10:43:13.048 E/QC-QMI  (  493): qmi_qmux_open_connection: connection is disabled for conn_id=29
02-01 10:43:13.048 E/QC-QMI  (  493): qmi_qmux_tx_msg: failed to open inactive connd_id=29
02-01 10:43:13.048 E/QC-QMI  (  493): qmi_qmux: TX failed, connection inactive or in reset, conn_id=29, status_flags=4
02-01 10:43:13.048 E/QC-QMI  (  493): qmi_ctl_tx_msg: qmi_qmux_tx_msg failed
02-01 10:43:13.048 E/QC-QMI  (  493): qmi_ctl_handle_request: qmi_ctl_tx_msg call failed
02-01 10:43:13.049 E/QC-QMI  (  493): qmi_qmux_open_connection: connection is disabled for conn_id=29
02-01 10:43:13.049 E/QC-QMI  (  493): qmi_qmux_tx_msg: failed to open inactive connd_id=29
02-01 10:43:13.049 E/QC-QMI  (  493): qmi_qmux: TX failed, connection inactive or in reset, conn_id=29, status_flags=4
02-01 10:43:13.049 E/QC-QMI  (  493): qmi_ctl_tx_msg: qmi_qmux_tx_msg failed
02-01 10:43:13.049 E/QC-QMI  (  493): qmi_ctl_handle_request: qmi_ctl_tx_msg call failed
02-01 10:43:13.050 E/QC-QMI  (  493): qmi_qmux_open_connection: connection is disabled for conn_id=48
02-01 10:43:13.050 E/QC-QMI  (  493): qmi_qmux_tx_msg: failed to open inactive connd_id=48
02-01 10:43:13.050 E/QC-QMI  (  493): qmi_qmux: TX failed, connection inactive or in reset, conn_id=48, status_flags=4
02-01 10:43:13.050 E/QC-QMI  (  493): qmi_ctl_tx_msg: qmi_qmux_tx_msg failed
02-01 10:43:13.050 E/QC-QMI  (  493): qmi_ctl_handle_request: qmi_ctl_tx_msg call failed
02-01 10:43:13.051 I/ServiceManager(  520): Waiting for service AtCmdFwd...
02-01 10:43:13.051 E/QC-QMI  (  493): qmi_qmux_open_connection: connection is disabled for conn_id=48
02-01 10:43:13.051 E/QC-QMI  (  493): qmi_qmux_tx_msg: failed to open inactive connd_id=48
02-01 10:43:13.051 E/QC-QMI  (  493): qmi_qmux: TX failed, connection inactive or in reset, conn_id=48, status_flags=4
02-01 10:43:13.051 E/QC-QMI  (  493): qmi_ctl_tx_msg: qmi_qmux_tx_msg failed
02-01 10:43:13.051 E/QC-QMI  (  493): qmi_ctl_handle_request: qmi_ctl_tx_msg call failed
02-01 10:43:13.052 E/QC-QMI  (  493): qmi_qmux_open_connection: connection is disabled for conn_id=57
02-01 10:43:13.052 E/QC-QMI  (  493): qmi_qmux_tx_msg: failed to open inactive connd_id=57
02-01 10:43:13.052 E/QC-QMI  (  493): qmi_qmux: TX failed, connection inactive or in reset, conn_id=57, status_flags=4
02-01 10:43:13.052 E/QC-QMI  (  493): qmi_ctl_tx_msg: qmi_qmux_tx_msg failed
02-01 10:43:13.052 E/QC-QMI  (  493): qmi_ctl_handle_request: qmi_ctl_tx_msg call failed
02-01 10:43:13.052 E/QC-QMI  (  493): qmi_qmux_open_connection: connection is disabled for conn_id=57
02-01 10:43:13.052 E/QC-QMI  (  493): qmi_qmux_tx_msg: failed to open inactive connd_id=57
02-01 10:43:13.052 E/QC-QMI  (  493): qmi_qmux: TX failed, connection inactive or in reset, conn_id=57, status_flags=4
02-01 10:43:13.052 E/QC-QMI  (  493): qmi_ctl_tx_msg: qmi_qmux_tx_msg failed
02-01 10:43:13.052 E/QC-QMI  (  493): qmi_ctl_handle_request: qmi_ctl_tx_msg call failed
02-01 10:43:13.053 I/OMX-VDEC-1080P(  506): Enabling default extradata for OMX.qcom.video.decoder.avc
02-01 10:43:13.053 E/QC-QMI  (  493): qmi_qmux_open_connection: connection is disabled for conn_id=29
