02-01 10:43:05.185 F/DEBUG   (  727):     #05 pc 000000000000fdd8  /system/bin/linker64 (__dl__ZL29__linker_init_post_relocationR19KernelArgumentBlocky+3716)
02-01 10:43:05.185 F/DEBUG   (  727):     #06 pc 000000000000eeb4  /system/bin/linker64 (__dl___linker_init+528)
02-01 10:43:05.185 F/DEBUG   (  727):     #07 pc 0000000000006c90  /system/bin/linker64 (_start+4)
02-01 10:43:05.196 D/ICU     (  500): No timezone override file found: /data/misc/zoneinfo/current/icu/icu_tzdata.dat
02-01 10:43:05.230 D/ICU     (  499): No timezone override file found: /data/misc/zoneinfo/current/icu/icu_tzdata.dat
02-01 10:43:05.233 W/        (  347): debuggerd: resuming target 723
02-01 10:43:05.234 E/LocSvc_launcher(  512): E/sig_handler_chld:84]: Received SIGCHLD
02-01 10:43:05.234 E/LocSvc_launcher(  512): E/Parent woken up! Interrupted system call
02-01 10:43:05.235 E/LocSvc_launcher(  512): E/main:724]: Child exited due to signal: Aborted
02-01 10:43:05.235 E/LocSvc_launcher(  512): E/main:728]: /vendor/bin/slim_daemon Restarted too many times. Grounded!
02-01 10:43:05.259 I/mm-camera(  519): server_process_module_init:59, int mods
02-01 10:43:05.260 E/mm-camera-sensor(  519): eebin_read:387failed!
02-01 10:43:05.260 E/mm-camera-sensor(  519): eebin_read:387failed!
02-01 10:43:05.260 E/mm-camera-sensor(  519): sensor_init_probe:483failed: to oribe eeprom bin sensors
02-01 10:43:05.261 E/mm-camera-sensor(  519): add_external_sensor:108NO external sensor lib: no external path
02-01 10:43:05.261 E/mm-camera-sensor(  519): sensor_probe:274failed: to load imx214
02-01 10:43:05.261 E/mm-camera-sensor(  519): sensor_probe:274failed: to load imx230
02-01 10:43:05.262 E/mm-camera-sensor(  519): sensor_probe:274failed: to load s5k3m2xx
02-01 10:43:05.276 E/mm-camera-sensor(  519): sensor_probe:274failed: to load s5k3m2xm
02-01 10:43:05.276 E/mm-camera-sensor(  519): sensor_probe:274failed: to load ov4688
02-01 10:43:05.277 E/mm-camera-sensor(  519): sensor_probe:274failed: to load imx258
02-01 10:43:05.307 D/mm-camera-intf(  502): index = 0 flag = 3 mount_angle = 270 facing = 0
02-01 10:43:05.307 D/mm-camera-intf(  502): index = 1 flag = 101 mount_angle = 90 facing = 1
02-01 10:43:05.307 E/mm-camera(  519): module_sensor_find_other_subdev:6416subdev_name /dev/v4l-subdev0 subdev id 0
02-01 10:43:05.307 E/mm-camera(  519): module_sensor_find_other_subdev:6416subdev_name /dev/v4l-subdev1 subdev id 1
02-01 10:43:05.307 E/mm-camera(  519): module_sensor_find_other_subdev:6416subdev_name /dev/v4l-subdev2 subdev id 2
02-01 10:43:05.307 E/mm-camera(  519): module_sensor_find_other_subdev:6416subdev_name /dev/v4l-subdev3 subdev id 0
02-01 10:43:05.308 E/mm-camera(  519): module_sensor_find_other_subdev:6416subdev_name /dev/v4l-subdev4 subdev id 1
02-01 10:43:05.308 E/mm-camera(  519): module_sensor_find_other_subdev:6416subdev_name /dev/v4l-subdev5 subdev id 2
02-01 10:43:05.308 E/mm-camera(  519): module_sensor_find_other_subdev:6416subdev_name /dev/v4l-subdev6 subdev id 3
02-01 10:43:05.308 E/mm-camera(  519): module_sensor_find_other_subdev:6416subdev_name /dev/v4l-subdev7 subdev id 0
02-01 10:43:05.308 E/mm-camera(  519): module_sensor_find_other_subdev:6416subdev_name /dev/v4l-subdev8 subdev id 0
02-01 10:43:05.309 E/mm-camera(  519): module_sensor_find_other_subdev:6416subdev_name /dev/v4l-subdev9 subdev id 5
02-01 10:43:05.310 E/mm-camera(  519): module_sensor_find_other_subdev:6416subdev_name /dev/v4l-subdev10 subdev id 1
02-01 10:43:05.377 E/mm-camera-isp2(  519): module_chroma_enhan40_init:90 name chroma_enhan40
02-01 10:43:05.394 E/mm-camera-isp2(  519): module_color_correct40_init:96 name color_correct40
02-01 10:43:05.399 E/mm-camera-isp2(  519): module_luma_adaptation40_init:87 name luma_adaptation40
02-01 10:43:05.408 I/Radio-JNI(  500): register_android_hardware_Radio DONE
02-01 10:43:05.431 I/SamplingProfilerIntegration(  500): Profiling disabled.
02-01 10:43:05.435 D/Zygote  (  500): begin preload
02-01 10:43:05.435 I/Zygote  (  500): Installing ICU cache reference pinning...
02-01 10:43:05.436 I/Zygote  (  500): Preloading ICU data...
02-01 10:43:05.443 E/mm-camera-isp2(  519): module_chroma_enhan40_init:90 name chroma_enhan40
02-01 10:43:05.444 E/mm-camera-isp2(  519): module_color_correct40_init:96 name color_correct40
02-01 10:43:05.445 E/mm-camera-isp2(  519): module_luma_adaptation40_init:87 name luma_adaptation40
02-01 10:43:05.447 E/mm-camera-isp2(  519): isp_resource_gen_hws_caps:3628 i 0 isp id 0
02-01 10:43:05.447 E/mm-camera-isp2(  519): isp_resource_gen_hws_caps:3628 i 1 isp id 1
02-01 10:43:05.447 E/mm-camera-isp2(  519): module_isp_init:776 module 0xe64ab320
02-01 10:43:05.447 E/mm-camera(  519): cpp_module_init:68 name=cpp
02-01 10:43:05.454 E/mm-camera(  519): cpp_hardware_load_firmware:490, info: hw_version=0x50010000, fw_version=0x10080000
02-01 10:43:05.469 E/mm-camera(  519): cpp_hardware_load_firmware:506, info: cpp firmware loaded: cpp_firmware_v1_8_0.fw
02-01 10:43:05.471 E/mm-camera(  519): cpp_module_init:110: info: CPP module_init successful
02-01 10:43:05.471 E/mm-camera(  519): vpe_module_init:26 name=vpe
02-01 10:43:05.471 E/mm-camera(  519): vpe_hardware_find_subdev:719: entity.name=video0 entity.revision=0
02-01 10:43:05.471 E/mm-camera(  519): vpe_hardware_find_subdev:719: entity.name=msm_cci entity.revision=0
02-01 10:43:05.471 E/mm-camera(  519): vpe_hardware_find_subdev:719: entity.name=v4l-subdev0 entity.revision=0
02-01 10:43:05.471 E/mm-camera(  519): vpe_hardware_find_subdev:719: entity.name=v4l-subdev1 entity.revision=0
02-01 10:43:05.471 E/mm-camera(  519): vpe_hardware_find_subdev:719: entity.name=v4l-subdev2 entity.revision=0
02-01 10:43:05.471 E/mm-camera(  519): vpe_hardware_find_subdev:719: entity.name=v4l-subdev3 entity.revision=0
02-01 10:43:05.471 E/mm-camera(  519): vpe_hardware_find_subdev:719: entity.name=v4l-subdev4 entity.revision=0
02-01 10:43:05.471 E/mm-camera(  519): vpe_hardware_find_subdev:719: entity.name=v4l-subdev5 entity.revision=0
02-01 10:43:05.471 E/mm-camera(  519): vpe_hardware_find_subdev:719: entity.name=v4l-subdev6 entity.revision=0
02-01 10:43:05.472 E/mm-camera(  519): vpe_hardware_find_subdev:719: entity.name=v4l-subdev7 entity.revision=0
02-01 10:43:05.472 E/mm-camera(  519): vpe_hardware_find_subdev:719: entity.name=v4l-subdev8 entity.revision=0
02-01 10:43:05.472 E/mm-camera(  519): vpe_hardware_find_subdev:719: entity.name=v4l-subdev9 entity.revision=0
02-01 10:43:05.472 E/mm-camera(  519): vpe_hardware_find_subdev:719: entity.name=v4l-subdev10 entity.revision=0
02-01 10:43:05.472 E/mm-camera(  519): vpe_hardware_find_subdev:719: entity.name=v4l-subdev11 entity.revision=0
02-01 10:43:05.472 E/mm-camera(  519): vpe_hardware_find_subdev:719: entity.name=v4l-subdev12 entity.revision=12
02-01 10:43:05.472 E/mm-camera(  519): vpe_hardware_find_subdev:719: entity.name=v4l-subdev13 entity.revision=0
02-01 10:43:05.472 E/mm-camera(  519): vpe_hardware_find_subdev:719: entity.name=v4l-subdev14 entity.revision=0
02-01 10:43:05.472 E/mm-camera(  519): vpe_hardware_find_subdev:719: entity.name=v4l-subdev15 entity.revision=0
02-01 10:43:05.472 E/mm-camera(  519): vpe_hardware_find_subdev:719: entity.name=v4l-subdev16 entity.revision=0
02-01 10:43:05.472 E/mm-camera(  519): vpe_hardware_find_subdev:719: entity.name=v4l-subdev17 entity.revision=0
02-01 10:43:05.472 E/mm-camera(  519): vpe_hardware_find_subdev:719: entity.name=v4l-subdev18 entity.revision=0
02-01 10:43:05.472 E/mm-camera(  519): vpe_hardware_find_subdev:714: done enumerating media entities
02-01 10:43:05.472 E/mm-camera(  519): vpe_hardware_find_subdev:719: entity.name=video1 entity.revision=0
02-01 10:43:05.472 E/mm-camera(  519): vpe_hardware_find_subdev:714: done enumerating media entities
02-01 10:43:05.473 E/mm-camera(  519): vpe_hardware_find_subdev:719: entity.name=video2 entity.revision=0
02-01 10:43:05.473 E/mm-camera(  519): vpe_hardware_find_subdev:714: done enumerating media entities
02-01 10:43:05.473 E/mm-camera(  519): vpe_hardware_find_subdev:686: no more media devices
02-01 10:43:05.473 E/mm-camera(  519): vpe_hardware_find_subdev:731: no vpe device found.
02-01 10:43:05.473 E/mm-camera(  519): vpe_hardware_create:31: error: cannot find vpe subdev
02-01 10:43:05.473 E/mm-camera(  519): vpe_module_create_vpe_ctrl:141, failed, cannnot create vpe hardware instance
02-01 10:43:05.473 E/mm-camera(  519): vpe_module_init:34 failed
02-01 10:43:05.473 E/mm-camera(  519): c2d_module_init:50 name=c2d
02-01 10:43:05.473 E/mm-camera(  519): c2d_module_init:92: info: C2D module_init successful
02-01 10:43:05.473 E/mm-camera-vpu(  519): vpu_module_init:54, INFO name=vpu
02-01 10:43:05.474 E/mm-camera-pp(  519): [INFO] base_module_init:142, name=tmod
02-01 10:43:05.478 E/mm-camera-pp(  519): [INFO] base_module_init:142, name=ezt
02-01 10:43:05.479 E/mm-camera-eztune(  519): Tuning lib open failed: dlopen failed: library "libmmcamera_tuning.so" not found
02-01 10:43:05.479 E/mm-camera-img(  519): frameproc_comp_load:843] Error opening frameproc library libmmcamera_llvd.so error dlopen failed: library "libmmcamera_llvd.so" not found
02-01 10:43:05.479 E/mm-camera(  519): module_imgbase_init_llvd:2207] Error rc -6
02-01 10:43:05.484 I/Radio-JNI(  499): register_android_hardware_Radio DONE
02-01 10:43:05.492 I/mm-camera-img(  519): module_goog_eis_load:222 successfully loaded goog_eis library
02-01 10:43:05.492 I/mm-camera-img(  519): module_goog_eis_init:2120] successfully return
02-01 10:43:05.508 I/SamplingProfilerIntegration(  499): Profiling disabled.
02-01 10:43:05.510 D/Zygote  (  499): begin preload
02-01 10:43:05.510 I/Zygote  (  499): Installing ICU cache reference pinning...
02-01 10:43:05.511 I/Zygote  (  499): Preloading ICU data...
02-01 10:43:05.524 I/Zygote  (  500): Preloading classes...
02-01 10:43:05.526 E/RenderScript(  519): Failed loading RS driver: dlopen failed: cannot locate symbol "_ZN7android12renderscript15RsdCpuReference6createEPNS0_7ContextEjjPFPKNS1_9CpuSymbolES3_PKcEPFPNS1_9CpuScriptES3_PKNS0_6ScriptEEPFPN4llvm6ModuleEPN3bcc8RSScriptESK_SK_EPFS8_S8_jES8_" referenced by "/vendor/lib/libRSDriver_adreno.so"...
02-01 10:43:05.526 E/RenderScript(  519): Failed to load runtime libRSDriver_adreno.so, loading default
02-01 10:43:05.573 E/RenderScript(  519): Unable to open shared library (/system/vendor/lib/librs.rnr_process.so): dlopen failed: cannot locate symbol "_Z5floorf" referenced by "/vendor/lib/librs.rnr_process.so"...
02-01 10:43:05.573 E/RenderScript(  519): Could not write to /system/vendor/lib/rnr_process.bc
02-01 10:43:05.573 E/RenderScript(  519): bcc: FAILS to compile 'rnr_process'
02-01 10:43:05.582 E/RenderScript(  519): Unable to open shared library (/system/vendor/lib/librs.rnr_downscale.so): dlopen failed: cannot locate symbol "_ZN7android12renderscript15RsdCpuReference6createEPNS0_7ContextEjjPFPKNS1_9CpuSymbolES3_PKcEPFPNS1_9CpuScriptES3_PKNS0_6ScriptEEPFPN4llvm6ModuleEPN3bcc8RSScriptESK_SK_EPFS8_S8_jES8_" referenced by "/vendor/lib/libRSDriver_adreno.so"...
02-01 10:43:05.582 E/RenderScript(  519): Could not write to /system/vendor/lib/rnr_downscale.bc
02-01 10:43:05.582 E/RenderScript(  519): bcc: FAILS to compile 'rnr_downscale'
02-01 10:43:05.582 E/mm-camera-img(  519): cac2_comp_load:1528] cds_proc_type 1
02-01 10:43:05.582 E/mm-camera(  519): pproc_module_init:2986 num_sub_mods:7
02-01 10:43:05.583 E/mm-camera-img(  519): Can not discover face-detect device
02-01 10:43:05.583 E/mm-camera-img(  519): Can not find device name
02-01 10:43:05.583 E/mm-camera-img(  519): faceproc_dsp_comp_load:1115] E 
02-01 10:43:05.583 E/mm-camera(  519): module_faceproc_init:2289] HW or DSP FD not available switch to SW
02-01 10:43:05.584 I/Zygote  (  499): Preloading classes...
02-01 10:43:05.588 E/mm-camera-img(  519): hdr_comp_load:1258] Error opening hdr library
02-01 10:43:05.588 E/hdr     (  519): Cannot load hdr lib in module_hdr_lib_load
02-01 10:43:05.588 E/hdr     (  519): Cannot load library in hdr module
02-01 10:43:05.588 E/mm-camera-img(  519): module_imglib_create_topology:742] Can not init the module hdr
02-01 10:43:05.588 E/mm-camera-img(  519): frameproc_comp_load:843] Error opening frameproc library libmmcamera_chromaflash_lib.so error dlopen failed: library "libmmcamera_chromaflash_lib.so" not found
02-01 10:43:05.589 E/mm-camera(  519): module_imgbase_init_imglib_chroma_flash:2207] Error rc -6
02-01 10:43:05.589 E/mm-camera-img(  519): module_imglib_create_topology:742] Can not init the module imglib_chroma_flash
02-01 10:43:05.589 E/mm-camera-img(  519): frameproc_comp_load:843] Error opening frameproc library libmmcamera_optizoom_lib.so error dlopen failed: library "libmmcamera_optizoom_lib.so" not found
02-01 10:43:05.589 E/mm-camera(  519): module_imgbase_init_imglib_optizoom:2207] Error rc -6
02-01 10:43:05.589 E/mm-camera-img(  519): module_imglib_create_topology:742] Can not init the module imglib_optizoom
02-01 10:43:05.590 E/mm-camera-img(  519): frameproc_comp_load:843] Error opening frameproc library libmmcamera_ubifocus_lib.so error dlopen failed: library "libmmcamera_ubifocus_lib.so" not found
02-01 10:43:05.590 E/mm-camera(  519): module_imgbase_init_imglib_ubifocus:2207] Error rc -6
02-01 10:43:05.590 E/mm-camera-img(  519): module_imglib_create_topology:742] Can not init the module imglib_ubifocus
02-01 10:43:05.590 E/mm-camera-img(  519): frameproc_comp_load:843] Error opening frameproc library libmmcamera_ubifocus_lib.so error dlopen failed: library "libmmcamera_ubifocus_lib.so" not found
02-01 10:43:05.590 E/mm-camera(  519): module_imgbase_init_imglib_refocus:2207] Error rc -6
02-01 10:43:05.590 E/mm-camera-img(  519): module_imglib_create_topology:742] Can not init the module imglib_refocus
02-01 10:43:05.591 E/mm-camera-img(  519): frameproc_comp_load:843] Error opening frameproc library libmmcamera_trueportrait_lib.so error dlopen failed: library "libmmcamera_trueportrait_lib.so" not found
02-01 10:43:05.591 E/mm-camera(  519): module_imgbase_init_imglib_trueportrait:2207] Error rc -6
02-01 10:43:05.591 E/mm-camera-img(  519): module_imglib_create_topology:742] Can not init the module imglib_trueportrait
02-01 10:43:05.591 E/mm-camera-img(  519): frameproc_comp_load:843] Error opening frameproc library libmmcamera_stillmore_lib.so error dlopen failed: library "libmmcamera_stillmore_lib.so" not found
02-01 10:43:05.591 E/mm-camera(  519): module_imgbase_init_imglib_stillmore:2207] Error rc -6
02-01 10:43:05.591 E/mm-camera-img(  519): module_imglib_create_topology:742] Can not init the module imglib_stillmore
02-01 10:43:05.843 E/Typeface(  500): Error mapping font file /system/fonts/DroidSansFallback.ttf
02-01 10:43:05.845 E/Typeface(  499): Error mapping font file /system/fonts/DroidSansFallback.ttf
02-01 10:43:06.005 I/art     (  499): Thread[1,tid=499,Native,Thread*=0x7970295a00,peer=0x12c060d0,"main"] recursive attempt to load library "/system/lib64/libmedia_jni.so"
02-01 10:43:06.006 D/MtpDeviceJNI(  499): register_android_mtp_MtpDevice
02-01 10:43:06.007 I/art     (  499): Thread[1,tid=499,Native,Thread*=0x7970295a00,peer=0x12c060d0,"main"] recursive attempt to load library "/system/lib64/libmedia_jni.so"
02-01 10:43:06.007 I/art     (  499): Thread[1,tid=499,Native,Thread*=0x7970295a00,peer=0x12c060d0,"main"] recursive attempt to load library "/system/lib64/libmedia_jni.so"
02-01 10:43:06.023 I/art     (  500): Thread[1,tid=500,Native,Thread*=0xeaf05400,peer=0x12c060d0,"main"] recursive attempt to load library "/system/lib/libmedia_jni.so"
02-01 10:43:06.025 D/MtpDeviceJNI(  500): register_android_mtp_MtpDevice
02-01 10:43:06.025 I/art     (  500): Thread[1,tid=500,Native,Thread*=0xeaf05400,peer=0x12c060d0,"main"] recursive attempt to load library "/system/lib/libmedia_jni.so"
02-01 10:43:06.026 I/art     (  500): Thread[1,tid=500,Native,Thread*=0xeaf05400,peer=0x12c060d0,"main"] recursive attempt to load library "/system/lib/libmedia_jni.so"
02-01 10:43:06.040 E/QC-QMI  (  520): qmi_client [520]: unable to connect to server, errno=[2:No such file or directory], attempt=3
02-01 10:43:06.044 E/QC-QMI  (  497): qmi_client [497]: unable to connect to server, errno=[2:No such file or directory], attempt=3
02-01 10:43:06.126 E/QC-QMI  (  522): qmi_client [522]: unable to connect to server, errno=[2:No such file or directory], attempt=3
02-01 10:43:06.168 I/System  (  499): Loaded time zone names for "" in 26ms (25ms in ICU)
02-01 10:43:06.172 I/System  (  500): Loaded time zone names for "" in 21ms (20ms in ICU)
02-01 10:43:06.185 I/System  (  499): Loaded time zone names for "en_US" in 16ms (15ms in ICU)
02-01 10:43:06.188 I/System  (  500): Loaded time zone names for "en_US" in 15ms (13ms in ICU)
02-01 10:43:06.213 I/Zygote  (  500): ...preloaded 4161 classes in 688ms.
02-01 10:43:06.213 I/art     (  500): VMRuntime.preloadDexCaches starting
02-01 10:43:06.213 I/Zygote  (  499): ...preloaded 4161 classes in 629ms.
02-01 10:43:06.213 I/art     (  499): VMRuntime.preloadDexCaches starting
02-01 10:43:06.311 I/art     (  499): VMRuntime.preloadDexCaches strings total=283276 before=39310 after=39310
02-01 10:43:06.311 I/art     (  499): VMRuntime.preloadDexCaches types total=23574 before=7835 after=7862
02-01 10:43:06.311 I/art     (  499): VMRuntime.preloadDexCaches fields total=111741 before=40625 after=40839
02-01 10:43:06.311 I/art     (  499): VMRuntime.preloadDexCaches methods total=197380 before=82170 after=82730
02-01 10:43:06.311 I/art     (  499): VMRuntime.preloadDexCaches finished
02-01 10:43:06.332 I/art     (  500): VMRuntime.preloadDexCaches strings total=283276 before=39310 after=39310
02-01 10:43:06.333 I/art     (  500): VMRuntime.preloadDexCaches types total=23574 before=7835 after=7862
02-01 10:43:06.333 I/art     (  500): VMRuntime.preloadDexCaches fields total=111741 before=40625 after=40839
02-01 10:43:06.333 I/art     (  500): VMRuntime.preloadDexCaches methods total=197380 before=82170 after=82730
02-01 10:43:06.333 I/art     (  500): VMRuntime.preloadDexCaches finished
02-01 10:43:06.376 I/iptables(  510): iptables v1.4.20: Couldn't find target `fw_dozable'
02-01 10:43:06.377 I/iptables(  510): 
02-01 10:43:06.377 I/iptables(  510): Try `iptables -h' or 'iptables --help' for more information.
02-01 10:43:06.377 I/iptables(  510): iptables terminated by exit(2)
02-01 10:43:06.377 E/Netd    (  510): exec() res=0, status=512 for /system/bin/iptables -w -t filter -D fw_INPUT -j fw_dozable 
02-01 10:43:06.386 I/ip6tables(  510): ip6tables v1.4.20: Couldn't find target `fw_dozable'
02-01 10:43:06.386 I/ip6tables(  510): 
02-01 10:43:06.386 I/ip6tables(  510): Try `ip6tables -h' or 'ip6tables --help' for more information.
02-01 10:43:06.387 I/ip6tables(  510): ip6tables terminated by exit(2)
02-01 10:43:06.387 E/Netd    (  510): exec() res=0, status=512 for /system/bin/ip6tables -w -t filter -D fw_INPUT -j fw_dozable 
02-01 10:43:06.411 I/MSM-irqbalance(  378): Discovered a new IRQ: 89
02-01 10:43:06.411 I/MSM-irqbalance(  378): Discovered a new IRQ: 90
02-01 10:43:06.411 I/MSM-irqbalance(  378): Discovered a new IRQ: 196
02-01 10:43:06.411 I/MSM-irqbalance(  378): Discovered a new IRQ: 215
02-01 10:43:06.419 I/Zygote  (  500): Preloading resources...
02-01 10:43:06.419 I/Zygote  (  499): Preloading resources...
02-01 10:43:06.425 I/iptables(  510): iptables v1.4.20: Couldn't find target `fw_standby'
02-01 10:43:06.425 I/iptables(  510): 
02-01 10:43:06.425 I/iptables(  510): Try `iptables -h' or 'iptables --help' for more information.
02-01 10:43:06.425 I/iptables(  510): iptables terminated by exit(2)
02-01 10:43:06.426 E/Netd    (  510): exec() res=0, status=512 for /system/bin/iptables -w -t filter -D fw_INPUT -j fw_standby 
02-01 10:43:06.440 I/ip6tables(  510): ip6tables v1.4.20: Couldn't find target `fw_standby'
02-01 10:43:06.440 I/ip6tables(  510): 
02-01 10:43:06.440 I/ip6tables(  510): Try `ip6tables -h' or 'ip6tables --help' for more information.
02-01 10:43:06.441 I/ip6tables(  510): ip6tables terminated by exit(2)
02-01 10:43:06.442 E/Netd    (  510): exec() res=0, status=512 for /system/bin/ip6tables -w -t filter -D fw_INPUT -j fw_standby 
02-01 10:43:06.481 I/iptables(  510): iptables v1.4.20: Couldn't find target `fw_powersave'
02-01 10:43:06.481 I/iptables(  510): 
02-01 10:43:06.481 I/iptables(  510): Try `iptables -h' or 'iptables --help' for more information.
02-01 10:43:06.481 I/iptables(  510): iptables terminated by exit(2)
02-01 10:43:06.481 E/Netd    (  510): exec() res=0, status=512 for /system/bin/iptables -w -t filter -D fw_INPUT -j fw_powersave 
02-01 10:43:06.493 I/ip6tables(  510): ip6tables v1.4.20: Couldn't find target `fw_powersave'
02-01 10:43:06.493 I/ip6tables(  510): 
02-01 10:43:06.493 I/ip6tables(  510): Try `ip6tables -h' or 'ip6tables --help' for more information.
02-01 10:43:06.494 I/ip6tables(  510): ip6tables terminated by exit(2)
02-01 10:43:06.494 E/Netd    (  510): exec() res=0, status=512 for /system/bin/ip6tables -w -t filter -D fw_INPUT -j fw_powersave 
02-01 10:43:06.526 V/NatController(  510): runCmd(/system/bin/iptables -w -F natctrl_FORWARD) res=0
02-01 10:43:06.536 V/NatController(  510): runCmd(/system/bin/iptables -w -A natctrl_FORWARD -j DROP) res=0
02-01 10:43:06.545 V/NatController(  510): runCmd(/system/bin/iptables -w -t nat -F natctrl_nat_POSTROUTING) res=0
02-01 10:43:06.562 V/NatController(  510): runCmd(/system/bin/iptables -w -F natctrl_tether_counters) res=1
02-01 10:43:06.566 I/Zygote  (  499): ...preloaded 114 resources in 147ms.
02-01 10:43:06.570 I/Zygote  (  499): ...preloaded 41 resources in 5ms.
02-01 10:43:06.570 I/Zygote  (  500): ...preloaded 114 resources in 152ms.
02-01 10:43:06.572 V/NatController(  510): runCmd(/system/bin/iptables -w -X natctrl_tether_counters) res=1
02-01 10:43:06.572 D/libEGL  (  499): loaded /vendor/lib64/egl/libEGL_adreno.so
02-01 10:43:06.575 I/Zygote  (  500): ...preloaded 41 resources in 4ms.
02-01 10:43:06.580 D/libEGL  (  500): loaded /vendor/lib/egl/libEGL_adreno.so
02-01 10:43:06.583 V/NatController(  510): runCmd(/system/bin/iptables -w -N natctrl_tether_counters) res=0
02-01 10:43:06.593 V/NatController(  510): runCmd(/system/bin/iptables -w -t mangle -A natctrl_mangle_FORWARD -p tcp --tcp-flags SYN SYN -j TCPMSS --clamp-mss-to-pmtu) res=0
02-01 10:43:06.615 D/libEGL  (  499): loaded /vendor/lib64/egl/libGLESv1_CM_adreno.so
02-01 10:43:06.629 D/libEGL  (  499): loaded /vendor/lib64/egl/libGLESv2_adreno.so
02-01 10:43:06.645 I/Zygote  (  499): Preloading shared libraries...
02-01 10:43:06.662 I/Zygote  (  499): Uninstalled ICU cache reference pinning...
02-01 10:43:06.666 I/Zygote  (  499): Installed AndroidKeyStoreProvider in 3ms.
02-01 10:43:06.676 I/Zygote  (  499): Warmed up JCA providers in 9ms.
02-01 10:43:06.676 D/Zygote  (  499): end preload
02-01 10:43:06.676 I/art     (  499): Starting a blocking GC Explicit
02-01 10:43:06.681 D/libEGL  (  500): loaded /vendor/lib/egl/libGLESv1_CM_adreno.so
02-01 10:43:06.685 I/art     (  499): Explicit concurrent mark sweep GC freed 7365(406KB) AllocSpace objects, 0(0B) LOS objects, 40% free, 5MB/8MB, paused 89us total 8.601ms
02-01 10:43:06.686 I/art     (  499): Starting a blocking GC Explicit
02-01 10:43:06.693 I/art     (  499): Explicit concurrent mark sweep GC freed 1667(59KB) AllocSpace objects, 0(0B) LOS objects, 39% free, 5MB/8MB, paused 72us total 6.926ms
02-01 10:43:06.694 I/art     (  499): Starting a blocking GC HeapTrim
02-01 10:43:06.696 D/libEGL  (  500): loaded /vendor/lib/egl/libGLESv2_adreno.so
02-01 10:43:06.697 I/art     (  499): Starting a blocking GC Background
02-01 10:43:06.721 I/Zygote  (  500): Preloading shared libraries...
02-01 10:43:06.723 I/Zygote  (  499): System server process 882 has been created
02-01 10:43:06.726 I/Zygote  (  499): Accepting command socket connections
02-01 10:43:06.728 D/MDnsDS  (  510): MDnsSdListener::Hander starting up
02-01 10:43:06.728 D/MDnsDS  (  510): MDnsSdListener starting to monitor
02-01 10:43:06.728 D/MDnsDS  (  510): Going to poll with pollCount 1
02-01 10:43:06.733 I/Zygote  (  500): Uninstalled ICU cache reference pinning...
02-01 10:43:06.736 I/Zygote  (  500): Installed AndroidKeyStoreProvider in 3ms.
02-01 10:43:06.746 I/Zygote  (  500): Warmed up JCA providers in 11ms.
02-01 10:43:06.746 D/Zygote  (  500): end preload
02-01 10:43:06.746 I/art     (  500): Starting a blocking GC Explicit
02-01 10:43:06.755 I/art     (  500): Explicit concurrent mark sweep GC freed 7081(386KB) AllocSpace objects, 0(0B) LOS objects, 39% free, 5MB/8MB, paused 113us total 8.612ms
02-01 10:43:06.757 I/art     (  500): Starting a blocking GC Explicit
02-01 10:43:06.764 I/art     (  500): Explicit concurrent mark sweep GC freed 1253(42KB) AllocSpace objects, 0(0B) LOS objects, 40% free, 5MB/8MB, paused 105us total 7.490ms
02-01 10:43:06.765 I/Zygote  (  500): Accepting command socket connections
02-01 10:43:06.776 I/chatty  (  882): uid=1000 system_server expire 24 lines
02-01 10:43:06.777 I/InstallerConnection(  882): connecting...
02-01 10:43:06.778 I/        (  504): new connection
02-01 10:43:06.788 I/InstallerConnection(  882): disconnecting...
02-01 10:43:06.788 E/        (  504): eof
02-01 10:43:06.788 E/        (  504): failed to read size
02-01 10:43:06.788 I/        (  504): closing connection
02-01 10:43:06.820 I/SystemServer(  882): Entered the Android system server!
02-01 10:43:06.919 I/SystemServiceManager(  882): Starting com.android.server.pm.Installer
02-01 10:43:06.922 I/Installer(  882): Waiting for installd to be ready.
02-01 10:43:06.922 I/InstallerConnection(  882): connecting...
02-01 10:43:06.923 I/        (  504): new connection
02-01 10:43:06.924 I/SystemServiceManager(  882): Starting com.android.server.am.ActivityManagerService$Lifecycle
02-01 10:43:06.954 I/ActivityManager(  882): Memory class: 192
02-01 10:43:06.956 I/ServiceThread(  882): Enabled StrictMode logging for ActivityManager looper.
02-01 10:43:06.961 I/ServiceThread(  882): Enabled StrictMode logging for android.ui looper.
02-01 10:43:06.991 D/BatteryStatsImpl(  882): Reading daily items from /data/system/batterystats-daily.xml
02-01 10:43:07.040 E/QC-QMI  (  520): qmi_client [520]: unable to connect to server, errno=[2:No such file or directory], attempt=4
02-01 10:43:07.044 E/QC-QMI  (  497): qmi_client [497]: unable to connect to server, errno=[2:No such file or directory], attempt=4
02-01 10:43:07.126 E/QC-QMI  (  522): qmi_client [522]: unable to connect to server, errno=[2:No such file or directory], attempt=4
02-01 10:43:07.150 I/IntentFirewall(  882): Read new rules (A:0 B:0 S:0)
02-01 10:43:07.159 I/ServiceThread(  882): Enabled StrictMode logging for android.display looper.
02-01 10:43:07.167 D/AppOps  (  882): AppOpsService published
02-01 10:43:07.168 I/SystemServiceManager(  882): Starting com.android.server.power.PowerManagerService
02-01 10:43:07.172 I/ServiceThread(  882): Enabled StrictMode logging for PowerManagerService looper.
02-01 10:43:07.183 I/SystemServiceManager(  882): Starting com.android.server.lights.LightsService
02-01 10:43:07.187 I/SystemServiceManager(  882): Starting com.android.server.display.DisplayManagerService
02-01 10:43:07.194 I/SystemServiceManager(  882): Starting phase 100
02-01 10:43:07.200 I/DisplayManagerService(  882): Display device added: DisplayDeviceInfo{"Built-in Screen": uniqueId="local:0", 1080 x 1920, modeId 1, defaultModeId 1, supportedModes [{id=1, width=1080, height=1920, fps=60.0}], colorTransformId 1, defaultColorTransformId 1, supportedColorTransforms [{id=1, colorTransform=-22}], HdrCapabilities android.view.Display$HdrCapabilities@402cbe9, density 420, 422.03 x 424.069 dpi, appVsyncOff 0, presDeadline 17666667, touch INTERNAL, rotation 0, type BUILT_IN, state UNKNOWN, FLAG_DEFAULT_DISPLAY, FLAG_ROTATES_WITH_CONTENT, FLAG_SECURE, FLAG_SUPPORTS_PROTECTED_BUFFERS}
02-01 10:43:07.201 D/SurfaceFlinger(  381): Set power mode=2, type=0 flinger=0x7f3a447c80
02-01 10:43:07.202 D/SurfaceFlinger(  381): Screen type=0 is already mode=2
02-01 10:43:07.202 I/SystemServer(  882): StartPackageManagerService
02-01 10:43:07.203 I/DisplayManagerService(  882): Display device changed state: "Built-in Screen", ON
02-01 10:43:07.340 D/SELinuxMMAC(  882): Using policy file /system/etc/security/mac_permissions.xml
02-01 10:43:07.525 W/PackageManager(  882): Library not found: /system/framework/org.apache.http.legacy.jar
02-01 10:43:07.542 W/PackageManager(  882): Library not found: /system/framework/org.apache.http.legacy.jar
02-01 10:43:07.552 W/PackageManager(  882): Failed to parse /system/framework/arm: Missing base APK in /system/framework/arm
02-01 10:43:07.553 W/PackageManager(  882): Failed to parse /system/framework/arm64: Missing base APK in /system/framework/arm64
02-01 10:43:07.582 W/PackageManager(  882): Failed to parse /system/framework/oat: Missing base APK in /system/framework/oat
02-01 10:43:07.670 W/PackageParser(  882): No actions in intent filter at /system/priv-app/Contacts/Contacts.apk Binary XML file line #403
02-01 10:43:07.714 W/PackageParser(  882): Unknown element under <application>: uses-permission at /system/priv-app/DiagMon/DiagMon.apk Binary XML file line #7
02-01 10:43:07.738 W/PackageParser(  882): No actions in intent filter at /system/priv-app/Dialer/Dialer.apk Binary XML file line #185
02-01 10:43:07.761 W/PackageManager(  882): Permission android.permission.DOWNLOAD_WITHOUT_NOTIFICATION from package com.android.providers.downloads in an unknown group android.permission-group.NETWORK
02-01 10:43:07.822 W/PackageManager(  882): Permission com.android.launcher.permission.INSTALL_SHORTCUT from package com.android.launcher3 in an unknown group android.permission-group.SYSTEM_TOOLS
02-01 10:43:07.822 W/PackageManager(  882): Permission com.android.launcher3.permission.READ_SETTINGS from package com.android.launcher3 in an unknown group android.permission-group.SYSTEM_TOOLS
02-01 10:43:07.822 W/PackageManager(  882): Permission com.android.launcher3.permission.WRITE_SETTINGS from package com.android.launcher3 in an unknown group android.permission-group.SYSTEM_TOOLS
02-01 10:43:07.991 W/PackageParser(  882): Ignoring duplicate uses-permissions/uses-permissions-sdk-m: android.permission.USE_CREDENTIALS in package: com.android.settings at: Binary XML file line #53
02-01 10:43:07.991 W/PackageParser(  882): Ignoring duplicate uses-permissions/uses-permissions-sdk-m: android.permission.READ_SYNC_SETTINGS in package: com.android.settings at: Binary XML file line #58
02-01 10:43:07.991 W/PackageParser(  882): Ignoring duplicate uses-permissions/uses-permissions-sdk-m: android.permission.WRITE_SYNC_SETTINGS in package: com.android.settings at: Binary XML file line #59
02-01 10:43:08.040 E/QC-QMI  (  520): qmi_client [520]: unable to connect to server, errno=[2:No such file or directory], attempt=5
02-01 10:43:08.045 E/QC-QMI  (  497): qmi_client [497]: unable to connect to server, errno=[2:No such file or directory], attempt=5
02-01 10:43:08.061 W/PackageParser(  882): Ignoring duplicate uses-permissions/uses-permissions-sdk-m: android.permission.INSTALL_GRANT_RUNTIME_PERMISSIONS in package: com.android.shell at: Binary XML file line #102
02-01 10:43:08.116 W/PackageParser(  882): Ignoring duplicate uses-permissions/uses-permissions-sdk-m: android.permission.CONFIGURE_WIFI_DISPLAY in package: com.android.systemui at: Binary XML file line #123
02-01 10:43:08.127 E/QC-QMI  (  522): qmi_client [522]: unable to connect to server, errno=[2:No such file or directory], attempt=5
02-01 10:43:08.268 W/PackageParser(  882): Unknown element under <manifest>: debug at /system/priv-app/ltsmclient/ltsmclient.apk Binary XML file line #27
02-01 10:43:08.292 W/PackageParser(  882): Ignoring duplicate uses-permissions/uses-permissions-sdk-m: android.permission.READ_CONTACTS in package: com.android.bluetooth at: Binary XML file line #61
02-01 10:43:08.293 W/PackageParser(  882): No actions in intent filter at /system/app/Bluetooth/Bluetooth.apk Binary XML file line #223
02-01 10:43:08.352 W/PackageManager(  882): Non-privileged app; cap priority to 0; package: com.android.calendar activity: com.android.calendar.GoogleCalendarUriIntentFilter origPrio: 50
02-01 10:43:08.403 W/PackageManager(  882): Non-privileged app; cap priority to 0; package: com.android.cts.ctsshim activity: com.android.cts.ctsshim.InstallPriority origPrio: 100
02-01 10:43:08.403 W/PackageManager(  882): Non-privileged app; cap priority to 0; package: com.android.cts.ctsshim activity: com.android.cts.ctsshim.InstallPriority origPrio: 100
02-01 10:43:08.403 W/PackageManager(  882): Non-privileged app; cap priority to 0; package: com.android.cts.ctsshim activity: com.android.cts.ctsshim.InstallPriority origPrio: 100
02-01 10:43:08.403 W/PackageManager(  882): Non-privileged app; cap priority to 0; package: com.android.cts.ctsshim activity: com.android.cts.ctsshim.InstallPriority origPrio: 100
02-01 10:43:08.404 W/PackageManager(  882): Non-privileged app; cap priority to 0; package: com.android.cts.ctsshim activity: com.android.cts.ctsshim.InstallPriority origPrio: 100
02-01 10:43:08.470 W/PackageParser(  882): Ignoring duplicate uses-permissions/uses-permissions-sdk-m: android.permission.WRITE_CONTACTS in package: com.android.email at: Binary XML file line #40
02-01 10:43:08.520 W/PackageParser(  882): Unknown element under <application>: permission at /system/app/Gallery2/Gallery2.apk Binary XML file line #238
02-01 10:43:08.520 W/PackageParser(  882): Unknown element under <application>: permission at /system/app/Gallery2/Gallery2.apk Binary XML file line #241
02-01 10:43:08.642 W/PackageParser(  882): Ignoring duplicate uses-permissions/uses-permissions-sdk-m: android.permission.CHANGE_WIFI_STATE in package: com.android.nfc at: Binary XML file line #47
02-01 10:43:08.642 W/PackageParser(  882): Ignoring duplicate uses-permissions/uses-permissions-sdk-m: android.permission.ACCESS_WIFI_STATE in package: com.android.nfc at: Binary XML file line #48
02-01 10:43:08.868 W/PackageManager(  882): Failed to parse /vendor/app/datastatusnotification: Signature mismatch for shared user: SharedUserSetting{71bd93 android.uid.phone/1001}
02-01 10:43:08.889 W/PackageManager(  882): Failed to parse /vendor/app/ims: Signature mismatch for shared user: SharedUserSetting{71bd93 android.uid.phone/1001}
02-01 10:43:08.903 W/PackageManager(  882): Protected action; cap priority to 0; package: com.android.cts.priv.ctsshim activity: com.android.cts.priv.ctsshim.InstallPriority origPrio: 100
02-01 10:43:08.903 W/PackageManager(  882): Protected action; cap priority to 0; package: com.android.cts.priv.ctsshim activity: com.android.cts.priv.ctsshim.InstallPriority origPrio: 100
02-01 10:43:08.903 W/PackageManager(  882): Protected action; cap priority to 0; package: com.android.cts.priv.ctsshim activity: com.android.cts.priv.ctsshim.InstallPriority origPrio: 100
02-01 10:43:08.903 W/PackageManager(  882): Protected action; cap priority to 0; package: com.android.cts.priv.ctsshim activity: com.android.cts.priv.ctsshim.InstallPriority origPrio: 100
02-01 10:43:08.903 W/PackageManager(  882): Package com.android.gallery3d desires unavailable shared library com.google.android.media.effects; ignoring!
02-01 10:43:08.903 W/PackageManager(  882): Package com.android.gallery3d desires unavailable shared library com.google.android.media.effects; ignoring!
02-01 10:43:08.903 I/PackageManager(  882): Adjusting ABI for com.android.providers.downloads to arm64-v8a (requirer=com.android.mtp, scannedPackage=null)
02-01 10:43:08.904 I/PackageManager(  882): Adjusting ABI for com.android.providers.downloads.ui to arm64-v8a (requirer=com.android.mtp, scannedPackage=null)
02-01 10:43:08.905 I/PackageManager(  882): Adjusting ABI for com.android.providers.media to arm64-v8a (requirer=com.android.mtp, scannedPackage=null)
02-01 10:43:08.906 I/PackageManager(  882): Adjusting ABI for com.qualcomm.atfwd to arm64-v8a (requirer=android, scannedPackage=null)
02-01 10:43:08.907 I/PackageManager(  882): Adjusting ABI for com.android.inputdevices to arm64-v8a (requirer=android, scannedPackage=null)
02-01 10:43:08.908 I/PackageManager(  882): Adjusting ABI for com.android.providers.settings to arm64-v8a (requirer=android, scannedPackage=null)
02-01 10:43:08.908 I/PackageManager(  882): Adjusting ABI for com.quicinc.cne.CNEService to arm64-v8a (requirer=android, scannedPackage=null)
02-01 10:43:08.909 I/PackageManager(  882): Adjusting ABI for com.android.keychain to arm64-v8a (requirer=android, scannedPackage=null)
02-01 10:43:08.909 I/PackageManager(  882): Adjusting ABI for com.android.location.fused to arm64-v8a (requirer=android, scannedPackage=null)
02-01 10:43:08.910 I/PackageManager(  882): Adjusting ABI for com.android.server.telecom to arm64-v8a (requirer=android, scannedPackage=null)
02-01 10:43:08.911 I/PackageManager(  882): Adjusting ABI for com.lge.HiddenMenu to arm64-v8a (requirer=android, scannedPackage=null)
02-01 10:43:08.912 I/PackageManager(  882): Adjusting ABI for com.qualcomm.timeservice to arm64-v8a (requirer=android, scannedPackage=null)
02-01 10:43:08.912 I/PackageManager(  882): Adjusting ABI for com.android.wallpaperbackup to arm64-v8a (requirer=android, scannedPackage=null)
02-01 10:43:08.913 I/PackageManager(  882): Adjusting ABI for com.android.settings to arm64-v8a (requirer=android, scannedPackage=null)
02-01 10:43:08.917 I/PackageManager(  882): Time to scan packages: 1.41 seconds
02-01 10:43:08.917 W/PackageManager(  882): Unknown permission com.google.android.googleapps.permission.GOOGLE_AUTH in package com.android.providers.calendar
02-01 10:43:08.918 W/PackageManager(  882): Unknown permission com.google.android.googleapps.permission.GOOGLE_AUTH.cl in package com.android.providers.calendar
02-01 10:43:08.918 W/PackageManager(  882): Not granting permission android.permission.GLOBAL_SEARCH to package com.android.quicksearchbox (protectionLevel=18 flags=0x3808be45)
02-01 10:43:08.919 W/PackageManager(  882): Not granting permission android.permission.BIND_WALLPAPER to package com.android.camera2 (protectionLevel=18 flags=0x3058bc45)
02-01 10:43:08.919 W/PackageManager(  882): Unknown permission android.permission.NFC_UNLOCK in package com.android.nfc
02-01 10:43:08.919 W/PackageManager(  882): Unknown permission com.android.launcher.permission.READ_SETTINGS in package com.android.launcher3
02-01 10:43:08.919 W/PackageManager(  882): Unknown permission com.android.launcher.permission.WRITE_SETTINGS in package com.android.launcher3
02-01 10:43:08.920 W/PackageManager(  882): Unknown permission com.google.android.googleapps.permission.GOOGLE_AUTH.mail in package com.android.calendar
02-01 10:43:08.920 W/PackageManager(  882): Unknown permission com.android.nfc.permission.NFCEE_ADMIN in package com.nxp.id.cas
02-01 10:43:08.920 W/PackageManager(  882): Unknown permission com.android.launcher.permission.READ_SETTINGS in package com.android.onetimeinitializer
02-01 10:43:08.920 W/PackageManager(  882): Unknown permission com.android.launcher.permission.WRITE_SETTINGS in package com.android.onetimeinitializer
02-01 10:43:08.921 W/PackageManager(  882): Unknown permission com.google.android.permission.INSTALL_WEARABLE_PACKAGES in package com.android.packageinstaller
02-01 10:43:08.921 W/PackageManager(  882): Not granting permission android.permission.DELETE_PACKAGES to package com.svox.pico (protectionLevel=18 flags=0x3808be45)
02-01 10:43:08.921 W/PackageManager(  882): Unknown permission android.permission.RUN_INSTRUMENTATION in package org.chromium.webview_shell
02-01 10:43:08.921 W/PackageManager(  882): Unknown permission com.google.android.gallery3d.permission.PICASA_STORE in package com.android.dreams.phototable
02-01 10:43:08.922 W/PackageManager(  882): Not granting permission android.permission.WRITE_SECURE_SETTINGS to package com.android.example.felicaonhost (protectionLevel=50 flags=0x3808be45)
02-01 10:43:08.922 W/PackageManager(  882): Unknown permission com.google.android.googleapps.permission.GOOGLE_AUTH in package com.android.settings
02-01 10:43:08.922 W/PackageManager(  882): Unknown permission com.android.launcher.permission.READ_SETTINGS in package com.android.settings
02-01 10:43:08.922 W/PackageManager(  882): Unknown permission com.android.launcher.permission.WRITE_SETTINGS in package com.android.settings
02-01 10:43:08.922 W/PackageManager(  882): Unknown permission com.android.permission.DCMO_SETTINGS in package com.android.omadm.service
02-01 10:43:08.924 W/PackageManager(  882): Unknown permission com.google.android.gallery3d.permission.GALLERY_PROVIDER in package com.android.bluetooth
02-01 10:43:08.924 V/PackageManager(  882): reconcileAppsData for null u0 0x3
02-01 10:43:09.041 E/QC-QMI  (  520): qmi_client [520]: unable to connect to server, errno=[2:No such file or directory], attempt=6
02-01 10:43:09.046 E/QC-QMI  (  497): qmi_client [497]: unable to connect to server, errno=[2:No such file or directory], attempt=6
02-01 10:43:09.059 V/PackageManager(  882): reconcileAppsData finished 97 packages; restoreconNeeded was false
02-01 10:43:09.064 I/chatty  (  493): uid=1001(radio) /system/bin/qmuxd expire 2 lines
02-01 10:43:09.133 E/QC-QMI  (  522): qmi_client [522] 1: failed to locate client data
02-01 10:43:09.140 E/QC-QMI  (  522): qmi_client [522] 2: failed to locate client data
02-01 10:43:09.146 E/QC-QMI  (  522): qmi_client [522] 3: failed to locate client data
02-01 10:43:09.148 I/SystemServer(  882): StartOtaDexOptService
02-01 10:43:09.150 E/QC-QMI  (  522): qmi_client [522] 4: failed to locate client data
02-01 10:43:09.151 I/SystemServer(  882): StartUserManagerService
02-01 10:43:09.151 I/SystemServiceManager(  882): Starting com.android.server.pm.UserManagerService$LifeCycle
02-01 10:43:09.169 I/lowmemorykiller(  379): ActivityManager connected
02-01 10:43:09.187 I/SystemServiceManager(  882): Starting com.android.server.BatteryService
02-01 10:43:09.197 I/SystemServiceManager(  882): Starting com.android.server.usage.UsageStatsService
02-01 10:43:09.236 I/SystemServiceManager(  882): Starting com.android.server.webkit.WebViewUpdateService
02-01 10:43:09.248 I/SystemServer(  882): Reading configuration...
02-01 10:43:09.248 I/SystemServer(  882): StartSchedulingPolicyService
02-01 10:43:09.249 W/ProcessCpuTracker(  882): Skipping unknown process pid 981
02-01 10:43:09.249 I/SystemServiceManager(  882): Starting com.android.server.telecom.TelecomLoaderService
02-01 10:43:09.263 I/SystemServer(  882): StartTelephonyRegistry
02-01 10:43:09.268 I/SystemServer(  882): StartEntropyMixer
02-01 10:43:09.272 I/EntropyMixer(  882): Added HW RNG output to entropy pool
02-01 10:43:09.272 I/EntropyMixer(  882): Writing entropy...
02-01 10:43:09.280 I/SystemServer(  882): Camera Service
02-01 10:43:09.281 I/SystemServiceManager(  882): Starting com.android.server.camera.CameraService
02-01 10:43:09.283 I/ServiceThread(  882): Enabled StrictMode logging for CameraService_proxy looper.
02-01 10:43:09.284 I/SystemServer(  882): StartAccountManagerService
02-01 10:43:09.286 I/SystemServiceManager(  882): Starting com.android.server.accounts.AccountManagerService$Lifecycle
02-01 10:43:09.293 I/SystemServer(  882): StartContentService
02-01 10:43:09.295 I/SystemServiceManager(  882): Starting com.android.server.content.ContentService$Lifecycle
02-01 10:43:09.299 I/SystemServer(  882): InstallSystemProviders
02-01 10:43:09.337 I/SystemServer(  882): StartVibratorService
02-01 10:43:09.342 I/SystemServer(  882): StartConsumerIrService
02-01 10:43:09.345 I/SystemServer(  882): StartAlarmManagerService
02-01 10:43:09.345 I/SystemServiceManager(  882): Starting com.android.server.AlarmManagerService
02-01 10:43:09.353 I/SystemServer(  882): InitWatchdog
02-01 10:43:09.354 I/SystemServer(  882): StartInputManagerService
02-01 10:43:09.356 I/InputManager(  882): Initializing input manager, mUseDevInputEventForAudioJack=true
02-01 10:43:09.358 I/SystemServer(  882): StartWindowManagerService
02-01 10:43:09.385 I/WindowManager(  882): No existing display settings /data/system/display_settings.xml; starting empty
02-01 10:43:09.422 I/SystemServer(  882): StartVrManagerService
02-01 10:43:09.422 I/SystemServiceManager(  882): Starting com.android.server.vr.VrManagerService
02-01 10:43:09.435 I/VrManagerService(  882): No VR packages found, disabling VR components
02-01 10:43:09.441 I/InputManager(  882): Starting input manager
02-01 10:43:09.444 I/chatty  (  882): uid=1000(system) InputReader expire 12 lines
02-01 10:43:09.445 I/SystemServiceManager(  882): Starting com.android.server.BluetoothService
02-01 10:43:09.452 D/BluetoothManagerService(  882): Loading stored name and address
02-01 10:43:09.452 D/BluetoothManagerService(  882): Stored bluetooth Name=AOSP on BullHead,Address=78:F8:82:95:92:32
02-01 10:43:09.453 I/SystemServer(  882): ConnectivityMetricsLoggerService
02-01 10:43:09.454 I/SystemServiceManager(  882): Starting com.android.server.connectivity.MetricsLoggerService
02-01 10:43:09.456 I/SystemServer(  882): PinnerService
02-01 10:43:09.457 I/SystemServiceManager(  882): Starting com.android.server.PinnerService
02-01 10:43:09.457 E/PinnerService(  882): Starting PinnerService
02-01 10:43:09.466 I/EventHub(  882): New device: id=6, fd=95, path='/dev/input/event0', name='synaptics_rmi4_i2c', classes=0x14, configuration='/system/usr/idc/synaptics_rmi4_i2c.idc', keyLayout='', keyCharacterMap='', builtinKeyboard=false, wakeMechanism=EPOLLWAKEUP, usingClockIoctl=true
02-01 10:43:09.471 I/InputReader(  882): Device added: id=-1, name='Virtual', sources=0x00000301
02-01 10:43:09.472 I/InputReader(  882):   Touch device 'synaptics_rmi4_i2c' could not query the properties of its associated display.  The device will be inoperable until the display size becomes available.
02-01 10:43:09.472 I/InputReader(  882): Device added: id=6, name='synaptics_rmi4_i2c', sources=0x00001002
02-01 10:43:09.472 I/InputReader(  882): Device added: id=5, name='gpio-keys', sources=0x00000101
02-01 10:43:09.472 I/InputReader(  882): Device added: id=3, name='qpnp_pon', sources=0x00000101
02-01 10:43:09.472 I/InputReader(  882): Device added: id=2, name='msm8994-tomtom-snd-card Button Jack', sources=0x00000101
02-01 10:43:09.472 I/InputReader(  882): Device added: id=1, name='msm8994-tomtom-snd-card Headset Jack', sources=0x80000000
02-01 10:43:09.529 I/PinnerService(  882): Pinned file = /system/framework/arm64/boot-framework.oat
02-01 10:43:09.565 I/chatty  (  511): uid=1001(radio) /system/bin/rild expire 1 line
02-01 10:43:09.567 I/PinnerService(  882): Pinned file = /system/framework/oat/arm64/services.odex
02-01 10:43:09.577 I/chatty  (  511): uid=1001(radio) /system/bin/rild expire 1 line
02-01 10:43:09.581 I/PinnerService(  882): Pinned file = /system/framework/arm64/boot.oat
02-01 10:43:09.582 I/chatty  (  511): uid=1001(radio) /system/bin/rild expire 1 line
02-01 10:43:09.587 I/chatty  (  511): uid=1001(radio) /system/bin/rild expire 1 line
02-01 10:43:09.592 I/chatty  (  511): uid=1001(radio) /system/bin/rild expire 1 line
02-01 10:43:09.593 I/PinnerService(  882): Pinned file = /system/framework/arm64/boot-core-libart.oat
02-01 10:43:09.593 I/SystemServiceManager(  882): Starting com.android.server.InputMethodManagerService$Lifecycle
02-01 10:43:09.598 I/chatty  (  511): uid=1001(radio) /system/bin/rild expire 1 line
02-01 10:43:09.603 I/chatty  (  511): uid=1001(radio) /system/bin/rild expire 1 line
02-01 10:43:09.610 I/chatty  (  511): uid=1001(radio) /system/bin/rild expire 1 line
02-01 10:43:09.625 I/chatty  (  493): uid=1001(radio) /system/bin/qmuxd expire 1749 lines
02-01 10:43:09.666 I/SystemServer(  882): StartAccessibilityManagerService
02-01 10:43:09.673 I/ActivityManager(  882): Config changes=1df8 {1.0 ?mcc?mnc [en_US] ldltr sw411dp w411dp h731dp 420dpi nrml long port ?uimode ?night -touch -keyb/v/h -nav/h s.2}
02-01 10:43:09.684 I/ActivityManager(  882): Config changes=508 {1.0 ?mcc?mnc [en_US] ldltr sw411dp w411dp h659dp 420dpi nrml port ?uimode ?night finger -keyb/v/h -nav/h s.3}
02-01 10:43:09.696 I/UsageStatsService(  882): User[0] Rollover scheduled @ 1970-02-02 07:00:05(2790005391)
02-01 10:43:09.706 I/SystemServiceManager(  882): Starting com.android.server.MountService$Lifecycle
02-01 10:43:09.709 I/InputReader(  882): Reconfiguring input devices.  changes=0x00000004
02-01 10:43:09.709 I/InputReader(  882): Device reconfigured: id=6, name='synaptics_rmi4_i2c', size 1080x1920, orientation 0, mode 1, display id 0
02-01 10:43:09.716 I/SystemServiceManager(  882): Starting com.android.server.UiModeManagerService
02-01 10:43:09.717 D/MountService(  882): Thinking about init, mSystemReady=false, mDaemonConnected=true
02-01 10:43:09.721 D/MountService(  882): Thinking about reset, mSystemReady=false, mDaemonConnected=true
02-01 10:43:09.721 D/MountService(  882): Thinking about init, mSystemReady=false, mDaemonConnected=true
02-01 10:43:09.721 D/MountService(  882): Thinking about reset, mSystemReady=false, mDaemonConnected=true
02-01 10:43:09.721 D/CryptdConnector(  882): SND -> {1 cryptfs getfield SystemLocale}
02-01 10:43:09.722 I/ActivityManager(  882): Config changes=200 {1.0 ?mcc?mnc [en_US] ldltr sw411dp w411dp h659dp 420dpi nrml port finger -keyb/v/h -nav/h s.4}
02-01 10:43:09.725 D/CryptdConnector(  882): RCV <- {200 1 -1}
02-01 10:43:09.727 W/MountService(  882): No primary storage mounted!
02-01 10:43:09.727 D/VoldConnector(  882): SND -> {1 asec list}
02-01 10:43:09.728 D/VoldConnector(  882): RCV <- {200 1 asec operation succeeded}
02-01 10:43:09.729 I/PackageManager(  882): No secure containers found
02-01 10:43:09.729 W/PackageManager(  882): Unknown permission com.google.android.googleapps.permission.GOOGLE_AUTH in package com.android.providers.calendar
